#Date        Time         gpu    pwr  gtemp  mtemp     sm    mem    enc    dec    jpg    ofa   mclk   pclk     fb   bar1   ccpm 
#YYYYMMDD    HH:MM:SS     Idx      W      C      C      %      %      %      %      %      %    MHz    MHz     MB     MB     MB 
 20260926    16:02:55       0     34     36      -      0      0      0      0      0      0   5000   1590    439      5      0 
 20260926    16:02:56       0     34     36      -      0      0      0      0      0      0   5000   1590    439      5      0 
 20260926    16:02:57       0     34     36      -      0      0      0      0      0      0   5000   1590    439      5      0 
 20260926    16:02:58       0     34     36      -      0      0      0      0      0      0   5000   1590    439      5      0 
 20260926    16:02:59       0     33     36      -      0      0      0      0      0      0   5000   1590    439      5      0 
 20260926    16:03:00       0     34     36      -      0      0      0      0      0      0   5000   1590    439      5      0 
 20260926    16:03:01       0     34     36      -      0      0      0      0      0      0   5000   1590    439      5      0 
 20260926    16:03:02       0     33     36      -      0      0      0      0      0      0   5000   1590    439      5      0 
 20260926    16:03:03       0     34     36      -      0      0      0      0      0      0   5000   1590    439      5      0 
 20260926    16:03:04       0     34     36      -      0      0      0      0      0      0   5000   1590    439      5      0 
 20260926    16:03:05       0     34     36      -      0      0      0      0      0      0   5000   1590    439      5      0 
 20260926    16:03:06       0     34     36      -      0      0      0      0      0      0   5000   1590    439      5      0 
 20260926    16:03:07       0     34     36      -      0      0      0      0      0      0   5000   1590    439      5      0 
 20260926    16:03:08       0     34     36      -      0      0      0      0      0      0   5000   1590    439      5      0 
 20260926    16:03:09       0     33     36      -      0      0      0      0      0      0   5000   1590    439      5      0 
 20260926    16:03:11       0     33     36      -      0      0      0      0      0      0   5000   1590    439      5      0 
 20260926    16:03:12       0     33     36      -      0      0      0      0      0      0   5000   1590    439      5      0 
 20260926    16:03:13       0     33     36      -      0      0      0      0      0      0   5000   1590    439      5      0 
 20260926    16:03:14       0     33     36      -      0      0      0      0      0      0   5000   1590    439      5      0 
 20260926    16:03:15       0     33     36      -      0      0      0      0      0      0   5000   1590    439      5      0 
 20260926    16:03:16       0     33     36      -      0      0      0      0      0      0   5000   1590    439      5      0 
 20260926    16:03:17       0     33     36      -      0      0      0      0      0      0   5000   1590    439      5      0 
 20260926    16:03:18       0     33     36      -      0      0      0      0      0      0   5000   1590    439      5      0 
 20260926    16:03:19       0     33     36      -      0      0      0      0      0      0   5000   1590    439      5      0 
 20260926    16:03:20       0     33     36      -      0      0      0      0      0      0   5000   1590    439      5      0 
 20260926    16:03:21       0     34     36      -      0      0      0      0      0      0   5000   1590    439      5      0 
 20260926    16:03:22       0     33     36      -      0      0      0      0      0      0   5000   1590    439      5      0 
 20260926    16:03:23       0     33     36      -      0      0      0      0      0      0   5000   1590    439      5      0 
 20260926    16:03:24       0     33     36      -      0      0      0      0      0      0   5000   1590    439      5      0 
 20260926    16:03:25       0     33     36      -      0      0      0      0      0      0   5000   1590    439      5      0 
 20260926    16:03:26       0     33     36      -      0      0      0      0      0      0   5000   1590    439      5      0 
 20260926    16:03:27       0     33     36      -      0      0      0      0      0      0   5000   1590    439      5      0 
 20260926    16:03:28       0     33     36      -      0      0      0      0      0      0   5000   1590    439      5      0 
 20260926    16:03:29       0     33     36      -      0      0      0      0      0      0   5000   1590    439      5      0 
 20260926    16:03:30       0     33     36      -      0      0      0      0      0      0   5000   1590    439      5      0 
 20260926    16:03:31       0     33     36      -      0      0      0      0      0      0   5000   1590    439      5      0 
 20260926    16:03:32       0     33     36      -      0      0      0      0      0      0   5000   1590    439      5      0 
 20260926    16:03:33       0     34     36      -      0      0      0      0      0      0   5000   1590    439      5      0 
 20260926    16:03:34       0     33     36      -      0      0      0      0      0      0   5000   1590    439      5      0 
 20260926    16:03:35       0     33     36      -      0      0      0      0      0      0   5000   1590    439      5      0 
 20260926    16:03:36       0     34     36      -      0      0      0      0      0      0   5000   1590    439      5      0 
 20260926    16:03:37       0     33     36      -      0      0      0      0      0      0   5000   1590    439      5      0 
 20260926    16:03:38       0     34     36      -      0      0      0      0      0      0   5000   1590    439      5      0 
 20260926    16:03:39       0     33     36      -      0      0      0      0      0      0   5000   1590    439      5      0 
#Date        Time         gpu    pwr  gtemp  mtemp     sm    mem    enc    dec    jpg    ofa   mclk   pclk     fb   bar1   ccpm 
#YYYYMMDD    HH:MM:SS     Idx      W      C      C      %      %      %      %      %      %    MHz    MHz     MB     MB     MB 
 20260926    16:03:40       0     33     36      -      0      0      0      0      0      0   5000   1590    439      5      0 
 20260926    16:03:41       0     33     36      -      0      0      0      0      0      0   5000   1590    439      5      0 
 20260926    16:03:42       0     33     36      -      0      0      0      0      0      0   5000   1590    439      5      0 
 20260926    16:03:43       0     34     36      -      0      0      0      0      0      0   5000   1590    449      7      0 
 20260926    16:03:44       0     33     36      -      0      0      0      0      0      0   5000   1590    715      9      0 
 20260926    16:03:45       0     34     36      -      0      0      0      0      0      0   5000   1590    743      9      0 
 20260926    16:03:46       0     34     36      -      0      0      0      0      0      0   5000   1590    439      5      0 
 20260926    16:03:47       0     34     36      -      0      0      0      0      0      0   5000   1590    439      5      0 
 20260926    16:03:48       0     33     36      -      0      0      0      0      0      0   5000   1590    439      5      0 
 20260926    16:03:49       0     33     36      -      0      0      0      0      0      0   5000   1590    439      5      0 
 20260926    16:03:50       0     33     36      -      0      0      0      0      0      0   5000   1590    439      5      0 
 20260926    16:03:51       0     33     36      -      0      0      0      0      0      0   5000   1590    439      5      0 
 20260926    16:03:52       0     33     36      -      0      0      0      0      0      0   5000   1590    439      5      0 
 20260926    16:03:53       0     34     36      -      0      0      0      0      0      0   5000   1590    439      5      0 
 20260926    16:03:54       0     33     36      -      0      0      0      0      0      0   5000   1590    439      5      0 
 20260926    16:03:55       0     34     36      -      0      0      0      0      0      0   5000   1590    439      5      0 
 20260926    16:03:56       0     34     36      -      0      0      0      0      0      0   5000   1590    439      5      0 
 20260926    16:03:57       0     33     36      -      0      0      0      0      0      0   5000   1590    439      5      0 
 20260926    16:03:58       0     33     36      -      0      0      0      0      0      0   5000   1590    439      5      0 
 20260926    16:03:59       0     34     36      -      0      0      0      0      0      0   5000   1590    439      5      0 
 20260926    16:04:00       0     34     36      -      0      0      0      0      0      0   5000   1590    439      5      0 
 20260926    16:04:01       0     34     36      -      0      0      0      0      0      0   5000   1590    439      5      0 
 20260926    16:04:02       0     34     36      -      0      0      0      0      0      0   5000   1590    439      5      0 
 20260926    16:04:03       0     34     36      -      0      0      0      0      0      0   5000   1590    439      5      0 
 20260926    16:04:04       0     34     36      -      0      0      0      0      0      0   5000   1590    439      5      0 
 20260926    16:04:05       0     34     37      -      0      0      0      0      0      0   5000   1590    439      5      0 
 20260926    16:04:06       0     34     36      -      0      0      0      0      0      0   5000   1590    439      5      0 
 20260926    16:04:07       0     34     36      -      0      0      0      0      0      0   5000   1590    439      5      0 
 20260926    16:04:08       0     34     36      -      0      0      0      0      0      0   5000   1590    439      5      0 
 20260926    16:04:09       0     34     36      -      0      0      0      0      0      0   5000   1590    439      5      0 
 20260926    16:04:11       0     34     36      -      0      0      0      0      0      0   5000   1590    439      5      0 
 20260926    16:04:12       0     34     36      -      0      0      0      0      0      0   5000   1590    439      5      0 
 20260926    16:04:13       0     34     36      -      0      0      0      0      0      0   5000   1590    439      5      0 
 20260926    16:04:14       0     34     36      -      0      0      0      0      0      0   5000   1590    439      5      0 
 20260926    16:04:15       0     34     36      -      0      0      0      0      0      0   5000   1590    439      5      0 
 20260926    16:04:16       0     34     36      -      0      0      0      0      0      0   5000   1590    439      5      0 
 20260926    16:04:17       0     33     36      -      0      0      0      0      0      0   5000   1590    439      5      0 
 20260926    16:04:18       0     33     36      -      0      0      0      0      0      0   5000   1590    439      5      0 
 20260926    16:04:19       0     33     36      -      0      0      0      0      0      0   5000   1590    439      5      0 
 20260926    16:04:20       0     33     36      -      0      0      0      0      0      0   5000   1590    439      5      0 
 20260926    16:04:21       0     33     36      -      0      0      0      0      0      0   5000   1590    439      5      0 
 20260926    16:04:22       0     33     36      -      0      0      0      0      0      0   5000   1590    439      5      0 
 20260926    16:04:23       0     34     36      -      0      0      0      0      0      0   5000   1590    439      5      0 
 20260926    16:04:24       0     33     36      -      0      0      0      0      0      0   5000   1590    439      5      0 
#Date        Time         gpu    pwr  gtemp  mtemp     sm    mem    enc    dec    jpg    ofa   mclk   pclk     fb   bar1   ccpm 
#YYYYMMDD    HH:MM:SS     Idx      W      C      C      %      %      %      %      %      %    MHz    MHz     MB     MB     MB 
 20260926    16:04:25       0     34     36      -      0      0      0      0      0      0   5000   1590    439      5      0 
 20260926    16:04:26       0     33     36      -      0      0      0      0      0      0   5000   1590    439      5      0 
 20260926    16:04:27       0     33     36      -      0      0      0      0      0      0   5000   1590    439      5      0 
 20260926    16:04:28       0     33     36      -      0      0      0      0      0      0   5000   1590    439      5      0 
 20260926    16:04:29       0     33     36      -      0      0      0      0      0      0   5000   1590    439      5      0 
 20260926    16:04:30       0     33     36      -      0      0      0      0      0      0   5000   1590    439      5      0 
 20260926    16:04:31       0     33     36      -      0      0      0      0      0      0   5000   1590    439      5      0 
 20260926    16:04:32       0     33     36      -      0      0      0      0      0      0   5000   1590    439      5      0 
 20260926    16:04:33       0     33     36      -      0      0      0      0      0      0   5000   1590    439      5      0 
 20260926    16:04:34       0     33     36      -      0      0      0      0      0      0   5000   1590    439      5      0 
 20260926    16:04:35       0     33     36      -      0      0      0      0      0      0   5000   1590    439      5      0 
 20260926    16:04:36       0     33     36      -      0      0      0      0      0      0   5000   1590    439      5      0 
 20260926    16:04:37       0     34     36      -      0      0      0      0      0      0   5000   1590    439      5      0 
 20260926    16:04:38       0     33     36      -      0      0      0      0      0      0   5000   1590    439      5      0 
 20260926    16:04:39       0     33     36      -      0      0      0      0      0      0   5000   1590    439      5      0 
 20260926    16:04:40       0     33     36      -      0      0      0      0      0      0   5000   1590    439      5      0 
 20260926    16:04:41       0     33     36      -      0      0      0      0      0      0   5000   1590    439      5      0 
 20260926    16:04:42       0     34     36      -      0      0      0      0      0      0   5000   1590    439      5      0 
 20260926    16:04:43       0     34     36      -      0      0      0      0      0      0   5000   1590    439      5      0 
 20260926    16:04:44       0     33     36      -      0      0      0      0      0      0   5000   1590    439      5      0 
 20260926    16:04:45       0     33     36      -      0      0      0      0      0      0   5000   1590    439      5      0 
 20260926    16:04:46       0     33     36      -      0      0      0      0      0      0   5000   1590    439      5      0 
 20260926    16:04:47       0     34     36      -      0      0      0      0      0      0   5000   1590    439      5      0 
 20260926    16:04:48       0     33     36      -      0      0      0      0      0      0   5000   1590    439      5      0 
 20260926    16:04:49       0     34     36      -      0      0      0      0      0      0   5000   1590    439      5      0 
 20260926    16:04:50       0     33     36      -      0      0      0      0      0      0   5000   1590    439      5      0 
 20260926    16:04:51       0     34     36      -      0      0      0      0      0      0   5000   1590    439      5      0 
 20260926    16:04:52       0     33     36      -      0      0      0      0      0      0   5000   1590    439      5      0 
 20260926    16:04:53       0     34     36      -      0      0      0      0      0      0   5000   1590    439      5      0 
 20260926    16:04:54       0     34     36      -      0      0      0      0      0      0   5000   1590    439      5      0 
 20260926    16:04:55       0     33     36      -      0      0      0      0      0      0   5000   1590    439      5      0 
 20260926    16:04:56       0     33     36      -      0      0      0      0      0      0   5000   1590    439      5      0 
 20260926    16:04:57       0     34     36      -      0      0      0      0      0      0   5000   1590    439      5      0 
 20260926    16:04:58       0     33     36      -      0      0      0      0      0      0   5000   1590    439      5      0 
 20260926    16:04:59       0     34     36      -      0      0      0      0      0      0   5000   1590    439      5      0 
 20260926    16:05:00       0     33     36      -      0      0      0      0      0      0   5000   1590    439      5      0 
 20260926    16:05:01       0     33     36      -      0      0      0      0      0      0   5000   1590    439      5      0 
 20260926    16:05:02       0     33     36      -      0      0      0      0      0      0   5000   1590    439      5      0 
 20260926    16:05:03       0     34     36      -      0      0      0      0      0      0   5000   1590    439      5      0 
 20260926    16:05:04       0     34     36      -      0      0      0      0      0      0   5000   1590    439      5      0 
 20260926    16:05:05       0     34     36      -      0      0      0      0      0      0   5000   1590    439      5      0 
 20260926    16:05:06       0     34     36      -      0      0      0      0      0      0   5000   1590    439      5      0 
 20260926    16:05:07       0     34     36      -      0      0      0      0      0      0   5000   1590    439      5      0 
 20260926    16:05:08       0     34     36      -      0      0      0      0      0      0   5000   1590    439      5      0 
#Date        Time         gpu    pwr  gtemp  mtemp     sm    mem    enc    dec    jpg    ofa   mclk   pclk     fb   bar1   ccpm 
#YYYYMMDD    HH:MM:SS     Idx      W      C      C      %      %      %      %      %      %    MHz    MHz     MB     MB     MB 
 20260926    16:05:09       0     34     36      -      0      0      0      0      0      0   5000   1590    439      5      0 
 20260926    16:05:10       0     33     36      -      0      0      0      0      0      0   5000   1590    439      5      0 
 20260926    16:05:11       0     34     36      -      0      0      0      0      0      0   5000   1590    439      5      0 
 20260926    16:05:13       0     34     36      -      0      0      0      0      0      0   5000   1590    439      5      0 
 20260926    16:05:14       0     34     36      -      0      0      0      0      0      0   5000   1590    439      5      0 
 20260926    16:05:15       0     34     36      -      0      0      0      0      0      0   5000   1590    439      5      0 
 20260926    16:05:16       0     34     36      -      0      0      0      0      0      0   5000   1590    439      5      0 
 20260926    16:05:17       0     34     36      -      0      0      0      0      0      0   5000   1590    439      5      0 
 20260926    16:05:18       0     34     36      -      0      0      0      0      0      0   5000   1590    439      5      0 
 20260926    16:05:19       0     34     36      -      0      0      0      0      0      0   5000   1590    439      5      0 
 20260926    16:05:20       0     34     36      -      0      0      0      0      0      0   5000   1590    439      5      0 
 20260926    16:05:21       0     34     36      -      0      0      0      0      0      0   5000   1590    439      5      0 
 20260926    16:05:22       0     34     36      -      0      0      0      0      0      0   5000   1590    439      5      0 
 20260926    16:05:23       0     34     36      -      0      0      0      0      0      0   5000   1590    439      5      0 
 20260926    16:05:24       0     33     36      -      0      0      0      0      0      0   5000   1590    439      5      0 
 20260926    16:05:25       0     34     36      -      0      0      0      0      0      0   5000   1590    439      5      0 
 20260926    16:05:26       0     33     36      -      0      0      0      0      0      0   5000   1590    439      5      0 
 20260926    16:05:27       0     33     36      -      5      0      0      0      0      0   5000   1590    699      9      0 
 20260926    16:05:28       0     33     36      -      0      0      0      0      0      0   5000   1590    747      9      0 
 20260926    16:05:29       0     34     36      -      2      0      0      0      0      0   5000   1590    439      5      0 
 20260926    16:05:30       0     33     36      -      0      0      0      0      0      0   5000   1590    439      5      0 
 20260926    16:05:31       0     33     36      -      0      0      0      0      0      0   5000   1590    439      5      0 
 20260926    16:05:32       0     33     36      -      0      0      0      0      0      0   5000   1590    439      5      0 
 20260926    16:05:33       0     33     36      -      0      0      0      0      0      0   5000   1590    439      5      0 
 20260926    16:05:34       0     33     36      -      0      0      0      0      0      0   5000   1590    439      5      0 
 20260926    16:05:35       0     33     36      -      0      0      0      0      0      0   5000   1590    439      5      0 
 20260926    16:05:36       0     33     36      -      0      0      0      0      0      0   5000   1590    439      5      0 
 20260926    16:05:37       0     33     36      -      0      0      0      0      0      0   5000   1590    439      5      0 
 20260926    16:05:38       0     33     36      -      0      0      0      0      0      0   5000   1590    439      5      0 
 20260926    16:05:39       0     33     36      -      0      0      0      0      0      0   5000   1590    439      5      0 
 20260926    16:05:40       0     33     36      -      0      0      0      0      0      0   5000   1590    439      5      0 
 20260926    16:05:41       0     33     36      -      0      0      0      0      0      0   5000   1590    439      5      0 
 20260926    16:05:42       0     33     36      -      0      0      0      0      0      0   5000   1590    439      5      0 
 20260926    16:05:43       0     33     36      -      0      0      0      0      0      0   5000   1590    439      5      0 
 20260926    16:05:44       0     33     36      -      0      0      0      0      0      0   5000   1590    439      5      0 
 20260926    16:05:45       0     33     36      -      0      0      0      0      0      0   5000   1590    439      5      0 
 20260926    16:05:46       0     33     36      -      0      0      0      0      0      0   5000   1590    439      5      0 
 20260926    16:05:47       0     33     36      -      0      0      0      0      0      0   5000   1590    439      5      0 
 20260926    16:05:48       0     33     36      -      0      0      0      0      0      0   5000   1590    439      5      0 
 20260926    16:05:49       0     33     36      -      0      0      0      0      0      0   5000   1590    439      5      0 
 20260926    16:05:50       0     33     36      -      0      0      0      0      0      0   5000   1590    439      5      0 
 20260926    16:05:51       0     33     36      -      0      0      0      0      0      0   5000   1590    439      5      0 
 20260926    16:05:52       0     34     36      -      0      0      0      0      0      0   5000   1590    439      5      0 
 20260926    16:05:53       0     33     36      -      0      0      0      0      0      0   5000   1590    439      5      0 
#Date        Time         gpu    pwr  gtemp  mtemp     sm    mem    enc    dec    jpg    ofa   mclk   pclk     fb   bar1   ccpm 
#YYYYMMDD    HH:MM:SS     Idx      W      C      C      %      %      %      %      %      %    MHz    MHz     MB     MB     MB 
 20260926    16:05:54       0     33     36      -      0      0      0      0      0      0   5000   1590    439      5      0 
 20260926    16:05:55       0     33     36      -      0      0      0      0      0      0   5000   1590    439      5      0 
 20260926    16:05:56       0     33     36      -      0      0      0      0      0      0   5000   1590    439      5      0 
 20260926    16:05:57       0     33     36      -      0      0      0      0      0      0   5000   1590    439      5      0 
 20260926    16:05:58       0     33     36      -      0      0      0      0      0      0   5000   1590    439      5      0 
 20260926    16:05:59       0     33     36      -      0      0      0      0      0      0   5000   1590    439      5      0 
 20260926    16:06:00       0     33     36      -      0      0      0      0      0      0   5000   1590    439      5      0 
 20260926    16:06:01       0     33     36      -      0      0      0      0      0      0   5000   1590    439      5      0 
 20260926    16:06:02       0     33     36      -      0      0      0      0      0      0   5000   1590    439      5      0 
 20260926    16:06:03       0     33     36      -      0      0      0      0      0      0   5000   1590    439      5      0 
 20260926    16:06:04       0     33     36      -      0      0      0      0      0      0   5000   1590    439      5      0 
 20260926    16:06:05       0     33     36      -      0      0      0      0      0      0   5000   1590    439      5      0 
 20260926    16:06:06       0     33     36      -      0      0      0      0      0      0   5000   1590    439      5      0 
 20260926    16:06:07       0     33     36      -      0      0      0      0      0      0   5000   1590    439      5      0 
 20260926    16:06:08       0     33     36      -      0      0      0      0      0      0   5000   1590    439      5      0 
 20260926    16:06:09       0     33     36      -      0      0      0      0      0      0   5000   1590    439      5      0 
 20260926    16:06:10       0     33     36      -      0      0      0      0      0      0   5000   1590    439      5      0 
 20260926    16:06:11       0     33     36      -      0      0      0      0      0      0   5000   1590    439      5      0 
 20260926    16:06:12       0     34     36      -      0      0      0      0      0      0   5000   1590    439      5      0 
 20260926    16:06:14       0     33     36      -      0      0      0      0      0      0   5000   1590    439      5      0 
 20260926    16:06:15       0     34     36      -      0      0      0      0      0      0   5000   1590    439      5      0 
 20260926    16:06:16       0     33     36      -      0      0      0      0      0      0   5000   1590    439      5      0 
 20260926    16:06:17       0     34     36      -      0      0      0      0      0      0   5000   1590    439      5      0 
 20260926    16:06:18       0     34     36      -      0      0      0      0      0      0   5000   1590    439      5      0 
 20260926    16:06:19       0     33     36      -      0      0      0      0      0      0   5000   1590    439      5      0 
 20260926    16:06:20       0     33     36      -      0      0      0      0      0      0   5000   1590    439      5      0 
 20260926    16:06:21       0     33     36      -      0      0      0      0      0      0   5000   1590    439      5      0 
 20260926    16:06:22       0     34     36      -      0      0      0      0      0      0   5000   1590    439      5      0 
 20260926    16:06:23       0     34     36      -      0      0      0      0      0      0   5000   1590    439      5      0 
 20260926    16:06:24       0     34     36      -      0      0      0      0      0      0   5000   1590    439      5      0 
 20260926    16:06:25       0     34     36      -      0      0      0      0      0      0   5000   1590    439      5      0 
 20260926    16:06:26       0     34     36      -      0      0      0      0      0      0   5000   1590    439      5      0 
 20260926    16:06:27       0     33     36      -      0      0      0      0      0      0   5000   1590    439      5      0 
 20260926    16:06:28       0     34     36      -      0      0      0      0      0      0   5000   1590    439      5      0 
 20260926    16:06:29       0     34     36      -      0      0      0      0      0      0   5000   1590    439      5      0 
 20260926    16:06:30       0     34     36      -      0      0      0      0      0      0   5000   1590    439      5      0 
 20260926    16:06:31       0     33     36      -      0      0      0      0      0      0   5000   1590    439      5      0 
 20260926    16:06:32       0     33     36      -      0      0      0      0      0      0   5000   1590    439      5      0 
 20260926    16:06:33       0     33     36      -      7      0      0      0      0      0   5000   1590    743      9      0 
 20260926    16:06:34       0     33     36      -      0      0      0      0      0      0   5000   1590    747      9      0 
 20260926    16:06:35       0     33     36      -      0      0      0      0      0      0   5000   1590    439      5      0 
 20260926    16:06:36       0     33     36      -      0      0      0      0      0      0   5000   1590    439      5      0 
 20260926    16:06:37       0     33     36      -      0      0      0      0      0      0   5000   1590    439      5      0 
 20260926    16:06:38       0     35     36      -      0      0      0      0      0      0   5000   1590    439      5      0 
#Date        Time         gpu    pwr  gtemp  mtemp     sm    mem    enc    dec    jpg    ofa   mclk   pclk     fb   bar1   ccpm 
#YYYYMMDD    HH:MM:SS     Idx      W      C      C      %      %      %      %      %      %    MHz    MHz     MB     MB     MB 
 20260926    16:06:39       0     33     36      -      0      0      0      0      0      0   5000   1590    439      5      0 
 20260926    16:06:40       0     35     36      -      0      0      0      0      0      0   5000   1590    439      5      0 
 20260926    16:06:41       0     33     36      -      0      0      0      0      0      0   5000   1590    439      5      0 
 20260926    16:06:42       0     35     36      -      0      0      0      0      0      0   5000   1590    439      5      0 
 20260926    16:06:43       0     33     36      -      0      0      0      0      0      0   5000   1590    439      5      0 
 20260926    16:06:44       0     35     36      -      0      0      0      0      0      0   5000   1590    439      5      0 
 20260926    16:06:45       0     33     36      -      0      0      0      0      0      0   5000   1590    439      5      0 
 20260926    16:06:46       0     33     36      -      0      0      0      0      0      0   5000   1590    439      5      0 
 20260926    16:06:47       0     33     36      -      0      0      0      0      0      0   5000   1590    439      5      0 
 20260926    16:06:48       0     33     36      -      0      0      0      0      0      0   5000   1590    439      5      0 
 20260926    16:06:49       0     33     36      -      0      0      0      0      0      0   5000   1590    439      5      0 
 20260926    16:06:50       0     33     36      -      0      0      0      0      0      0   5000   1590    439      5      0 
 20260926    16:06:51       0     33     36      -      0      0      0      0      0      0   5000   1590    439      5      0 
 20260926    16:06:52       0     33     36      -      0      0      0      0      0      0   5000   1590    439      5      0 
 20260926    16:06:53       0     33     36      -      0      0      0      0      0      0   5000   1590    439      5      0 
 20260926    16:06:54       0     33     36      -      0      0      0      0      0      0   5000   1590    439      5      0 
 20260926    16:06:55       0     33     36      -      0      0      0      0      0      0   5000   1590    439      5      0 
 20260926    16:06:56       0     33     36      -      0      0      0      0      0      0   5000   1590    439      5      0 
 20260926    16:06:57       0     33     36      -      0      0      0      0      0      0   5000   1590    439      5      0 
 20260926    16:06:58       0     33     36      -      0      0      0      0      0      0   5000   1590    439      5      0 
 20260926    16:06:59       0     33     36      -      0      0      0      0      0      0   5000   1590    439      5      0 
 20260926    16:07:00       0     33     36      -      0      0      0      0      0      0   5000   1590    439      5      0 
 20260926    16:07:01       0     34     36      -      0      0      0      0      0      0   5000   1590    439      5      0 
 20260926    16:07:02       0     33     36      -      0      0      0      0      0      0   5000   1590    439      5      0 
 20260926    16:07:03       0     33     36      -      0      0      0      0      0      0   5000   1590    471      5      0 
 20260926    16:07:04       0     34     36      -      0      0      0      0      0      0   5000   1590    493      5      0 
 20260926    16:07:05       0     33     36      -      0      0      0      0      0      0   5000   1590    493      5      0 
 20260926    16:07:06       0     33     36      -      0      0      0      0      0      0   5000   1590    493      5      0 
 20260926    16:07:07       0     33     36      -      0      0      0      0      0      0   5000   1590    493      5      0 
 20260926    16:07:08       0     33     36      -      0      0      0      0      0      0   5000   1590    493      5      0 
 20260926    16:07:09       0     33     36      -      0      0      0      0      0      0   5000   1590    493      5      0 
 20260926    16:07:10       0     33     36      -      0      0      0      0      0      0   5000   1590    493      5      0 
 20260926    16:07:11       0     33     36      -      0      0      0      0      0      0   5000   1590    493      5      0 
 20260926    16:07:12       0     33     36      -      0      0      0      0      0      0   5000   1590    493      5      0 
 20260926    16:07:13       0     33     36      -      0      0      0      0      0      0   5000   1590    493      5      0 
 20260926    16:07:15       0     33     36      -      0      0      0      0      0      0   5000   1590    493      5      0 
 20260926    16:07:16       0     33     36      -      0      0      0      0      0      0   5000   1590    493      5      0 
 20260926    16:07:17       0     33     36      -      0      0      0      0      0      0   5000   1590    493      5      0 
 20260926    16:07:18       0     33     36      -      0      0      0      0      0      0   5000   1590    493      5      0 
 20260926    16:07:19       0     33     36      -      0      0      0      0      0      0   5000   1590    493      5      0 
 20260926    16:07:20       0     33     36      -      0      0      0      0      0      0   5000   1590    493      5      0 
 20260926    16:07:21       0     33     36      -      0      0      0      0      0      0   5000   1590    493      5      0 
 20260926    16:07:22       0     33     36      -      0      0      0      0      0      0   5000   1590    493      5      0 
 20260926    16:07:23       0     34     36      -      0      0      0      0      0      0   5000   1590    493      5      0 
#Date        Time         gpu    pwr  gtemp  mtemp     sm    mem    enc    dec    jpg    ofa   mclk   pclk     fb   bar1   ccpm 
#YYYYMMDD    HH:MM:SS     Idx      W      C      C      %      %      %      %      %      %    MHz    MHz     MB     MB     MB 
 20260926    16:07:24       0     33     36      -      0      0      0      0      0      0   5000   1590    493      5      0 
 20260926    16:07:25       0     34     36      -      0      0      0      0      0      0   5000   1590    493      5      0 
 20260926    16:07:26       0     34     36      -      9      2      0      0      0      0   5000   1590    801      9      0 
 20260926    16:07:27       0     34     36      -      0      0      0      0      0      0   5000   1590    493      5      0 
 20260926    16:07:28       0     34     36      -      0      0      0      0      0      0   5000   1590    493      5      0 
 20260926    16:07:29       0     34     36      -      0      0      0      0      0      0   5000   1590    493      5      0 
 20260926    16:07:30       0     34     36      -      0      0      0      0      0      0   5000   1590    493      5      0 
 20260926    16:07:31       0     34     36      -      0      0      0      0      0      0   5000   1590    493      5      0 
 20260926    16:07:32       0     34     36      -      0      0      0      0      0      0   5000   1590    493      5      0 
 20260926    16:07:33       0     33     36      -      0      0      0      0      0      0   5000   1590    493      5      0 
 20260926    16:07:34       0     34     36      -      0      0      0      0      0      0   5000   1590    493      5      0 
 20260926    16:07:35       0     34     36      -      0      0      0      0      0      0   5000   1590    493      5      0 
 20260926    16:07:36       0     34     36      -      0      0      0      0      0      0   5000   1590    493      5      0 
 20260926    16:07:37       0     33     36      -      0      0      0      0      0      0   5000   1590    493      5      0 
 20260926    16:07:38       0     33     36      -      0      0      0      0      0      0   5000   1590    493      5      0 
 20260926    16:07:39       0     33     36      -      0      0      0      0      0      0   5000   1590    493      5      0 
 20260926    16:07:40       0     33     36      -      0      0      0      0      0      0   5000   1590    493      5      0 
 20260926    16:07:41       0     33     36      -      0      0      0      0      0      0   5000   1590    493      5      0 
 20260926    16:07:42       0     33     36      -      0      0      0      0      0      0   5000   1590    493      5      0 
 20260926    16:07:43       0     33     36      -      0      0      0      0      0      0   5000   1590    493      5      0 
 20260926    16:07:44       0     33     36      -      0      0      0      0      0      0   5000   1590    493      5      0 
 20260926    16:07:45       0     33     36      -      0      0      0      0      0      0   5000   1590    493      5      0 
 20260926    16:07:46       0     33     36      -      0      0      0      0      0      0   5000   1590    493      5      0 
 20260926    16:07:47       0     33     36      -      0      0      0      0      0      0   5000   1590    493      5      0 
 20260926    16:07:48       0     33     36      -      0      0      0      0      0      0   5000   1590    493      5      0 
 20260926    16:07:49       0     33     36      -      0      0      0      0      0      0   5000   1590    493      5      0 
 20260926    16:07:50       0     33     36      -      0      0      0      0      0      0   5000   1590    493      5      0 
 20260926    16:07:51       0     33     36      -      0      0      0      0      0      0   5000   1590    493      5      0 
 20260926    16:07:52       0     33     36      -      0      0      0      0      0      0   5000   1590    493      5      0 
 20260926    16:07:53       0     33     36      -      0      0      0      0      0      0   5000   1590    493      5      0 
 20260926    16:07:54       0     33     36      -      0      0      0      0      0      0   5000   1590    493      5      0 
 20260926    16:07:55       0     33     36      -      0      0      0      0      0      0   5000   1590    493      5      0 
 20260926    16:07:56       0     33     36      -      0      0      0      0      0      0   5000   1590    493      5      0 
 20260926    16:07:57       0     33     36      -      0      0      0      0      0      0   5000   1590    493      5      0 
 20260926    16:07:58       0     33     36      -      0      0      0      0      0      0   5000   1590    493      5      0 
 20260926    16:07:59       0     33     36      -      0      0      0      0      0      0   5000   1590    493      5      0 
 20260926    16:08:00       0     33     36      -      0      0      0      0      0      0   5000   1590    493      5      0 
 20260926    16:08:01       0     33     36      -      0      0      0      0      0      0   5000   1590    493      5      0 
 20260926    16:08:02       0     34     36      -      0      0      0      0      0      0   5000   1590    493      5      0 
 20260926    16:08:03       0     33     36      -      0      0      0      0      0      0   5000   1590    493      5      0 
 20260926    16:08:04       0     33     36      -      0      0      0      0      0      0   5000   1590    493      5      0 
 20260926    16:08:05       0     34     36      -      0      0      0      0      0      0   5000   1590    493      5      0 
 20260926    16:08:06       0     33     36      -      0      0      0      0      0      0   5000   1590   1061      9      0 
 20260926    16:08:07       0     34     36      -      0      0      0      0      0      0   5000   1590   1069      9      0 
#Date        Time         gpu    pwr  gtemp  mtemp     sm    mem    enc    dec    jpg    ofa   mclk   pclk     fb   bar1   ccpm 
#YYYYMMDD    HH:MM:SS     Idx      W      C      C      %      %      %      %      %      %    MHz    MHz     MB     MB     MB 
 20260926    16:08:08       0     33     36      -      0      0      0      0      0      0   5000   1590   1069      9      0 
 20260926    16:08:09       0     33     36      -      0      0      0      0      0      0   5000   1590   1069      9      0 
 20260926    16:08:10       0     33     36      -      0      0      0      0      0      0   5000   1590   1069      9      0 
 20260926    16:08:11       0     33     36      -      0      0      0      0      0      0   5000   1590   1069      9      0 
 20260926    16:08:12       0     33     36      -      0      0      0      0      0      0   5000   1590   1069      9      0 
 20260926    16:08:13       0     33     36      -      0      0      0      0      0      0   5000   1590   1069      9      0 
 20260926    16:08:14       0     34     36      -      0      0      0      0      0      0   5000   1590   1069      9      0 
 20260926    16:08:15       0     33     36      -      0      0      0      0      0      0   5000   1590   1069      9      0 
 20260926    16:08:16       0     34     36      -      0      0      0      0      0      0   5000   1590   1073      9      0 
 20260926    16:08:18       0     33     36      -      1      1      0      0      0      0   5000   1590   1269      9      0 
 20260926    16:08:19       0     34     36      -      4      4      0      0      0      0   5000   1590   1521      9      0 
 20260926    16:08:20       0     33     36      -      0      0      0      0      0      0   5000   1590   1521      9      0 
 20260926    16:08:21       0     34     36      -     12      2      0      0      0      0   5000   1590    493      5      0 
 20260926    16:08:22       0     34     36      -      0      0      0      0      0      0   5000   1590    493      5      0 
 20260926    16:08:23       0     33     36      -      0      0      0      0      0      0   5000   1590    493      5      0 
 20260926    16:08:24       0     33     36      -      0      0      0      0      0      0   5000   1590    493      5      0 
 20260926    16:08:25       0     34     36      -      0      0      0      0      0      0   5000   1590    493      5      0 
 20260926    16:08:26       0     33     36      -      0      0      0      0      0      0   5000   1590    493      5      0 
 20260926    16:08:27       0     33     36      -      0      0      0      0      0      0   5000   1590    493      5      0 
 20260926    16:08:28       0     34     36      -      0      0      0      0      0      0   5000   1590    493      5      0 
 20260926    16:08:29       0     33     36      -      0      0      0      0      0      0   5000   1590    493      5      0 
 20260926    16:08:30       0     33     36      -      0      0      0      0      0      0   5000   1590    493      5      0 
 20260926    16:08:31       0     34     36      -      0      0      0      0      0      0   5000   1590    493      5      0 
 20260926    16:08:32       0     34     36      -      0      0      0      0      0      0   5000   1590    493      5      0 
 20260926    16:08:33       0     34     36      -      0      0      0      0      0      0   5000   1590    493      5      0 
 20260926    16:08:34       0     34     36      -      0      0      0      0      0      0   5000   1590    493      5      0 
 20260926    16:08:35       0     34     36      -      0      0      0      0      0      0   5000   1590    493      5      0 
 20260926    16:08:36       0     34     36      -      0      0      0      0      0      0   5000   1590    493      5      0 
 20260926    16:08:37       0     34     36      -      0      0      0      0      0      0   5000   1590    493      5      0 
 20260926    16:08:38       0     34     36      -      0      0      0      0      0      0   5000   1590    493      5      0 
 20260926    16:08:39       0     33     36      -      0      0      0      0      0      0   5000   1590   1541      9      0 
 20260926    16:08:40       0     34     36      -      0      0      0      0      0      0   5000   1590   1541      9      0 
 20260926    16:08:41       0     34     36      -      0      0      0      0      0      0   5000   1590    493      5      0 
 20260926    16:08:42       0     34     36      -      0      0      0      0      0      0   5000   1590    493      5      0 
 20260926    16:08:43       0     34     36      -      0      0      0      0      0      0   5000   1590    493      5      0 
 20260926    16:08:44       0     34     36      -      0      0      0      0      0      0   5000   1590    493      5      0 
 20260926    16:08:45       0     33     36      -      0      0      0      0      0      0   5000   1590    493      5      0 
 20260926    16:08:46       0     33     36      -      0      0      0      0      0      0   5000   1590    493      5      0 
 20260926    16:08:47       0     33     36      -      0      0      0      0      0      0   5000   1590    493      5      0 
 20260926    16:08:48       0     33     36      -      0      0      0      0      0      0   5000   1590    493      5      0 
 20260926    16:08:49       0     33     36      -      0      0      0      0      0      0   5000   1590    493      5      0 
 20260926    16:08:50       0     33     36      -      0      0      0      0      0      0   5000   1590    493      5      0 
 20260926    16:08:51       0     33     36      -      0      0      0      0      0      0   5000   1590    493      5      0 
 20260926    16:08:52       0     33     36      -      0      0      0      0      0      0   5000   1590    493      5      0 
#Date        Time         gpu    pwr  gtemp  mtemp     sm    mem    enc    dec    jpg    ofa   mclk   pclk     fb   bar1   ccpm 
#YYYYMMDD    HH:MM:SS     Idx      W      C      C      %      %      %      %      %      %    MHz    MHz     MB     MB     MB 
 20260926    16:08:53       0     33     36      -      0      0      0      0      0      0   5000   1590    493      5      0 
 20260926    16:08:54       0     33     36      -      0      0      0      0      0      0   5000   1590    493      5      0 
 20260926    16:08:55       0     33     36      -      0      0      0      0      0      0   5000   1590    493      5      0 
 20260926    16:08:56       0     33     36      -      0      0      0      0      0      0   5000   1590    493      5      0 
 20260926    16:08:57       0     33     36      -      0      0      0      0      0      0   5000   1590    493      5      0 
 20260926    16:08:58       0     33     36      -      0      0      0      0      0      0   5000   1590    493      5      0 
 20260926    16:08:59       0     33     36      -      0      0      0      0      0      0   5000   1590    493      5      0 
 20260926    16:09:00       0     33     36      -      0      0      0      0      0      0   5000   1590    493      5      0 
 20260926    16:09:01       0     33     36      -      0      0      0      0      0      0   5000   1590    493      5      0 
 20260926    16:09:02       0     33     36      -      0      0      0      0      0      0   5000   1590    493      5      0 
 20260926    16:09:03       0     33     36      -      0      0      0      0      0      0   5000   1590    493      5      0 
 20260926    16:09:04       0     33     36      -      0      0      0      0      0      0   5000   1590    493      5      0 
 20260926    16:09:05       0     33     36      -      0      0      0      0      0      0   5000   1590    493      5      0 
 20260926    16:09:06       0     33     36      -      0      0      0      0      0      0   5000   1590    493      5      0 
 20260926    16:09:07       0     33     36      -      0      0      0      0      0      0   5000   1590    493      5      0 
 20260926    16:09:08       0     33     36      -      0      0      0      0      0      0   5000   1590    493      5      0 
 20260926    16:09:09       0     33     36      -      0      0      0      0      0      0   5000   1590    493      5      0 
 20260926    16:09:10       0     33     36      -      0      0      0      0      0      0   5000   1590    493      5      0 
 20260926    16:09:11       0     34     36      -      0      0      0      0      0      0   5000   1590    493      5      0 
 20260926    16:09:12       0     33     36      -      0      0      0      0      0      0   5000   1590    493      5      0 
 20260926    16:09:13       0     34     36      -      0      0      0      0      0      0   5000   1590    493      5      0 
 20260926    16:09:14       0     33     36      -      0      0      0      0      0      0   5000   1590    493      5      0 
 20260926    16:09:15       0     33     36      -      0      0      0      0      0      0   5000   1590    493      5      0 
 20260926    16:09:16       0     33     36      -      0      0      0      0      0      0   5000   1590    493      5      0 
 20260926    16:09:17       0     34     36      -      0      0      0      0      0      0   5000   1590    493      5      0 
 20260926    16:09:18       0     33     36      -      0      0      0      0      0      0   5000   1590    493      5      0 
 20260926    16:09:19       0     33     36      -      0      0      0      0      0      0   5000   1590    493      5      0 
 20260926    16:09:21       0     34     36      -      0      0      0      0      0      0   5000   1590    493      5      0 
 20260926    16:09:22       0     33     36      -      0      0      0      0      0      0   5000   1590    493      5      0 
 20260926    16:09:23       0     33     36      -      0      0      0      0      0      0   5000   1590    493      5      0 
 20260926    16:09:24       0     33     36      -      0      0      0      0      0      0   5000   1590    493      5      0 
 20260926    16:09:25       0     33     36      -      0      0      0      0      0      0   5000   1590    493      5      0 
 20260926    16:09:26       0     33     36      -      0      0      0      0      0      0   5000   1590    493      5      0 
 20260926    16:09:27       0     33     36      -      0      0      0      0      0      0   5000   1590    493      5      0 
 20260926    16:09:28       0     34     36      -      0      0      0      0      0      0   5000   1590    493      5      0 
 20260926    16:09:29       0     33     36      -      0      0      0      0      0      0   5000   1590    493      5      0 
 20260926    16:09:30       0     34     36      -      0      0      0      0      0      0   5000   1590    493      5      0 
 20260926    16:09:31       0     33     36      -      0      0      0      0      0      0   5000   1590    493      5      0 
 20260926    16:09:32       0     33     36      -      0      0      0      0      0      0   5000   1590    493      5      0 
 20260926    16:09:33       0     34     36      -      0      0      0      0      0      0   5000   1590    493      5      0 
 20260926    16:09:34       0     34     36      -      0      0      0      0      0      0   5000   1590    493      5      0 
 20260926    16:09:35       0     33     36      -      0      0      0      0      0      0   5000   1590    493      5      0 
 20260926    16:09:36       0     34     36      -      0      0      0      0      0      0   5000   1590    493      5      0 
 20260926    16:09:37       0     34     36      -      0      0      0      0      0      0   5000   1590    493      5      0 
#Date        Time         gpu    pwr  gtemp  mtemp     sm    mem    enc    dec    jpg    ofa   mclk   pclk     fb   bar1   ccpm 
#YYYYMMDD    HH:MM:SS     Idx      W      C      C      %      %      %      %      %      %    MHz    MHz     MB     MB     MB 
 20260926    16:09:38       0     34     36      -      0      0      0      0      0      0   5000   1590    493      5      0 
 20260926    16:09:39       0     34     36      -      0      0      0      0      0      0   5000   1590    493      5      0 
 20260926    16:09:40       0     34     36      -      0      0      0      0      0      0   5000   1590    493      5      0 
 20260926    16:09:41       0     34     36      -      0      0      0      0      0      0   5000   1590    493      5      0 
 20260926    16:09:42       0     33     36      -      0      0      0      0      0      0   5000   1590    493      5      0 
 20260926    16:09:43       0     34     36      -      0      0      0      0      0      0   5000   1590    493      5      0 
 20260926    16:09:44       0     34     36      -      0      0      0      0      0      0   5000   1590    493      5      0 
 20260926    16:09:45       0     34     36      -      0      0      0      0      0      0   5000   1590    493      5      0 
 20260926    16:09:46       0     34     36      -      0      0      0      0      0      0   5000   1590    493      5      0 
 20260926    16:09:47       0     34     36      -      0      0      0      0      0      0   5000   1590    493      5      0 
 20260926    16:09:48       0     34     36      -      0      0      0      0      0      0   5000   1590    493      5      0 
 20260926    16:09:49       0     34     36      -      0      0      0      0      0      0   5000   1590    493      5      0 
 20260926    16:09:50       0     33     36      -      0      0      0      0      0      0   5000   1590    493      5      0 
 20260926    16:09:51       0     33     36      -      0      0      0      0      0      0   5000   1590    493      5      0 
 20260926    16:09:52       0     33     36      -      0      0      0      0      0      0   5000   1590    493      5      0 
 20260926    16:09:53       0     33     36      -      0      0      0      0      0      0   5000   1590    493      5      0 
 20260926    16:09:54       0     33     36      -      0      0      0      0      0      0   5000   1590    493      5      0 
 20260926    16:09:55       0     33     36      -      0      0      0      0      0      0   5000   1590    493      5      0 
 20260926    16:09:56       0     33     36      -      0      0      0      0      0      0   5000   1590    493      5      0 
 20260926    16:09:57       0     33     36      -      0      0      0      0      0      0   5000   1590    493      5      0 
 20260926    16:09:58       0     33     36      -      0      0      0      0      0      0   5000   1590    493      5      0 
 20260926    16:09:59       0     33     36      -      0      0      0      0      0      0   5000   1590    493      5      0 
 20260926    16:10:00       0     34     36      -      0      0      0      0      0      0   5000   1590    493      5      0 
 20260926    16:10:01       0     33     36      -      0      0      0      0      0      0   5000   1590    493      5      0 
 20260926    16:10:02       0     33     36      -      0      0      0      0      0      0   5000   1590    493      5      0 
 20260926    16:10:03       0     33     36      -      0      0      0      0      0      0   5000   1590    493      5      0 
 20260926    16:10:04       0     33     36      -      0      0      0      0      0      0   5000   1590    493      5      0 
 20260926    16:10:05       0     33     36      -      0      0      0      0      0      0   5000   1590    493      5      0 
 20260926    16:10:06       0     33     36      -      0      0      0      0      0      0   5000   1590    493      5      0 
 20260926    16:10:07       0     33     36      -      0      0      0      0      0      0   5000   1590    493      5      0 
 20260926    16:10:08       0     33     36      -      0      0      0      0      0      0   5000   1590    493      5      0 
 20260926    16:10:09       0     33     36      -      0      0      0      0      0      0   5000   1590    493      5      0 
 20260926    16:10:10       0     33     36      -      0      0      0      0      0      0   5000   1590    493      5      0 
 20260926    16:10:11       0     44     38      -     14      0      0      0      0      0   5000   1290   1525      9      0 
 20260926    16:10:12       0     47     37      -      7      1      0      0      0      0   5000   1560   1541      9      0 
 20260926    16:10:13       0     38     36      -      0      0      0      0      0      0   5000   1590    493      5      0 
 20260926    16:10:14       0     33     36      -      0      0      0      0      0      0   5000   1590    493      5      0 
 20260926    16:10:15       0     33     36      -      0      0      0      0      0      0   5000   1590    493      5      0 
 20260926    16:10:16       0     34     36      -      0      0      0      0      0      0   5000   1590    493      5      0 
 20260926    16:10:17       0     33     36      -      0      0      0      0      0      0   5000   1590    493      5      0 
 20260926    16:10:18       0     33     36      -      0      0      0      0      0      0   5000   1590    493      5      0 
 20260926    16:10:20       0     33     36      -      0      0      0      0      0      0   5000   1590    493      5      0 
 20260926    16:10:21       0     33     36      -      0      0      0      0      0      0   5000   1590    493      5      0 
 20260926    16:10:22       0     33     36      -      0      0      0      0      0      0   5000   1590    493      5      0 
#Date        Time         gpu    pwr  gtemp  mtemp     sm    mem    enc    dec    jpg    ofa   mclk   pclk     fb   bar1   ccpm 
#YYYYMMDD    HH:MM:SS     Idx      W      C      C      %      %      %      %      %      %    MHz    MHz     MB     MB     MB 
 20260926    16:10:23       0     33     36      -      0      0      0      0      0      0   5000   1590    493      5      0 
 20260926    16:10:24       0     33     36      -      0      0      0      0      0      0   5000   1590    493      5      0 
 20260926    16:10:25       0     33     36      -      0      0      0      0      0      0   5000   1590    493      5      0 
 20260926    16:10:26       0     33     36      -      0      0      0      0      0      0   5000   1590    493      5      0 
 20260926    16:10:27       0     34     36      -      0      0      0      0      0      0   5000   1590    493      5      0 
 20260926    16:10:28       0     34     36      -      0      0      0      0      0      0   5000   1590    493      5      0 
 20260926    16:10:29       0     34     36      -      0      0      0      0      0      0   5000   1590    493      5      0 
 20260926    16:10:30       0     34     36      -      0      0      0      0      0      0   5000   1590    493      5      0 
 20260926    16:10:31       0     33     36      -      0      0      0      0      0      0   5000   1590    493      5      0 
 20260926    16:10:32       0     34     37      -      0      0      0      0      0      0   5000   1590    493      5      0 
 20260926    16:10:33       0     34     36      -      0      0      0      0      0      0   5000   1590    493      5      0 
 20260926    16:10:34       0     34     37      -      0      0      0      0      0      0   5000   1590    493      5      0 
 20260926    16:10:35       0     34     36      -      0      0      0      0      0      0   5000   1590    493      5      0 
 20260926    16:10:36       0     33     36      -      0      0      0      0      0      0   5000   1590    493      5      0 
 20260926    16:10:37       0     34     36      -      0      0      0      0      0      0   5000   1590    493      5      0 
 20260926    16:10:38       0     34     36      -      0      0      0      0      0      0   5000   1590    493      5      0 
 20260926    16:10:39       0     34     36      -      0      0      0      0      0      0   5000   1590    493      5      0 
 20260926    16:10:40       0     34     36      -      0      0      0      0      0      0   5000   1590    493      5      0 
 20260926    16:10:41       0     34     36      -      0      0      0      0      0      0   5000   1590    493      5      0 
 20260926    16:10:42       0     34     36      -      0      0      0      0      0      0   5000   1590    493      5      0 
 20260926    16:10:43       0     34     36      -      0      0      0      0      0      0   5000   1590    493      5      0 
 20260926    16:10:44       0     34     36      -      0      0      0      0      0      0   5000   1590    493      5      0 
 20260926    16:10:45       0     34     36      -      0      0      0      0      0      0   5000   1590    493      5      0 
 20260926    16:10:46       0     34     36      -      0      0      0      0      0      0   5000   1590    493      5      0 
 20260926    16:10:47       0     34     36      -      0      0      0      0      0      0   5000   1590    493      5      0 
 20260926    16:10:48       0     34     36      -      0      0      0      0      0      0   5000   1590    493      5      0 
 20260926    16:10:49       0     34     36      -      0      0      0      0      0      0   5000   1590    493      5      0 
 20260926    16:10:50       0     34     36      -      0      0      0      0      0      0   5000   1590    493      5      0 
 20260926    16:10:51       0     34     37      -      0      0      0      0      0      0   5000   1590    493      5      0 
 20260926    16:10:52       0     34     36      -      0      0      0      0      0      0   5000   1590    493      5      0 
 20260926    16:10:53       0     34     36      -      0      0      0      0      0      0   5000   1590    493      5      0 
 20260926    16:10:54       0     34     36      -      0      0      0      0      0      0   5000   1590    493      5      0 
 20260926    16:10:55       0     34     36      -      0      0      0      0      0      0   5000   1590    493      5      0 
 20260926    16:10:56       0     34     36      -      0      0      0      0      0      0   5000   1590    493      5      0 
 20260926    16:10:57       0     33     36      -      0      0      0      0      0      0   5000   1590    493      5      0 
 20260926    16:10:58       0     33     36      -      0      0      0      0      0      0   5000   1590    493      5      0 
 20260926    16:10:59       0     33     36      -      0      0      0      0      0      0   5000   1590    493      5      0 
 20260926    16:11:00       0     33     36      -      0      0      0      0      0      0   5000   1590    493      5      0 
 20260926    16:11:01       0     33     36      -      0      0      0      0      0      0   5000   1590    493      5      0 
 20260926    16:11:02       0     33     36      -      0      0      0      0      0      0   5000   1590    493      5      0 
 20260926    16:11:03       0     33     36      -      0      0      0      0      0      0   5000   1590    493      5      0 
 20260926    16:11:04       0     33     36      -      0      0      0      0      0      0   5000   1590    493      5      0 
 20260926    16:11:05       0     33     36      -      0      0      0      0      0      0   5000   1590    493      5      0 
 20260926    16:11:06       0     33     36      -      0      0      0      0      0      0   5000   1590    493      5      0 
#Date        Time         gpu    pwr  gtemp  mtemp     sm    mem    enc    dec    jpg    ofa   mclk   pclk     fb   bar1   ccpm 
#YYYYMMDD    HH:MM:SS     Idx      W      C      C      %      %      %      %      %      %    MHz    MHz     MB     MB     MB 
 20260926    16:11:07       0     33     36      -      0      0      0      0      0      0   5000   1590    493      5      0 
 20260926    16:11:08       0     33     36      -      0      0      0      0      0      0   5000   1590    493      5      0 
 20260926    16:11:09       0     33     36      -      0      0      0      0      0      0   5000   1590    493      5      0 
 20260926    16:11:10       0     33     36      -      0      0      0      0      0      0   5000   1590    493      5      0 
 20260926    16:11:11       0     33     36      -      0      0      0      0      0      0   5000   1590    493      5      0 
 20260926    16:11:12       0     33     36      -      0      0      0      0      0      0   5000   1590    493      5      0 
 20260926    16:11:13       0     33     36      -      0      0      0      0      0      0   5000   1590    493      5      0 
 20260926    16:11:14       0     33     36      -      0      0      0      0      0      0   5000   1590    493      5      0 
 20260926    16:11:15       0     33     36      -      0      0      0      0      0      0   5000   1590    493      5      0 
 20260926    16:11:16       0     33     36      -      0      0      0      0      0      0   5000   1590    493      5      0 
 20260926    16:11:17       0     33     36      -      0      0      0      0      0      0   5000   1590    493      5      0 
 20260926    16:11:18       0     34     36      -      0      0      0      0      0      0   5000   1590    493      5      0 
 20260926    16:11:19       0     33     36      -      0      0      0      0      0      0   5000   1590    493      5      0 
 20260926    16:11:21       0     33     36      -      0      0      0      0      0      0   5000   1590    493      5      0 
 20260926    16:11:22       0     33     36      -      0      0      0      0      0      0   5000   1590    493      5      0 
 20260926    16:11:23       0     33     36      -      0      0      0      0      0      0   5000   1590    493      5      0 
 20260926    16:11:24       0     33     36      -      0      0      0      0      0      0   5000   1590    493      5      0 
 20260926    16:11:25       0     33     36      -      0      0      0      0      0      0   5000   1590    493      5      0 
 20260926    16:11:26       0     33     36      -      0      0      0      0      0      0   5000   1590    493      5      0 
 20260926    16:11:27       0     33     36      -      0      0      0      0      0      0   5000   1590    493      5      0 
 20260926    16:11:28       0     34     36      -      0      0      0      0      0      0   5000   1590    493      5      0 
 20260926    16:11:29       0     33     36      -      0      0      0      0      0      0   5000   1590    493      5      0 
 20260926    16:11:30       0     33     36      -      0      0      0      0      0      0   5000   1590    493      5      0 
 20260926    16:11:31       0     34     36      -      0      0      0      0      0      0   5000   1590    493      5      0 
 20260926    16:11:32       0     33     36      -      0      0      0      0      0      0   5000   1590    493      5      0 
 20260926    16:11:33       0     33     36      -      0      0      0      0      0      0   5000   1590    493      5      0 
 20260926    16:11:34       0     33     36      -      0      0      0      0      0      0   5000   1590    493      5      0 
 20260926    16:11:35       0     33     36      -      0      0      0      0      0      0   5000   1590    493      5      0 
 20260926    16:11:36       0     33     36      -      0      0      0      0      0      0   5000   1590    493      5      0 
 20260926    16:11:37       0     34     36      -      0      0      0      0      0      0   5000   1590    493      5      0 
 20260926    16:11:38       0     33     36      -      0      0      0      0      0      0   5000   1590    493      5      0 
 20260926    16:11:39       0     34     36      -      0      0      0      0      0      0   5000   1590    493      5      0 
 20260926    16:11:40       0     34     36      -      0      0      0      0      0      0   5000   1590    493      5      0 
 20260926    16:11:41       0     33     36      -      0      0      0      0      0      0   5000   1590    493      5      0 
 20260926    16:11:42       0     33     36      -      0      0      0      0      0      0   5000   1590    493      5      0 
 20260926    16:11:43       0     33     36      -     13      7      0      0      0      0   5000   1575   1541      9      0 
 20260926    16:11:44       0     37     36      -      0      0      0      0      0      0   5000   1590   1541      9      0 
 20260926    16:11:45       0     34     36      -      0      0      0      0      0      0   5000   1590    493      5      0 
 20260926    16:11:46       0     34     36      -      0      0      0      0      0      0   5000   1590    493      5      0 
 20260926    16:11:47       0     33     36      -      0      0      0      0      0      0   5000   1590    493      5      0 
 20260926    16:11:48       0     34     36      -      0      0      0      0      0      0   5000   1590    493      5      0 
 20260926    16:11:49       0     34     36      -      0      0      0      0      0      0   5000   1590    493      5      0 
 20260926    16:11:50       0     33     36      -      0      0      0      0      0      0   5000   1590    493      5      0 
 20260926    16:11:51       0     33     36      -      0      0      0      0      0      0   5000   1590    493      5      0 
#Date        Time         gpu    pwr  gtemp  mtemp     sm    mem    enc    dec    jpg    ofa   mclk   pclk     fb   bar1   ccpm 
#YYYYMMDD    HH:MM:SS     Idx      W      C      C      %      %      %      %      %      %    MHz    MHz     MB     MB     MB 
 20260926    16:11:52       0     34     36      -      0      0      0      0      0      0   5000   1590    493      5      0 
 20260926    16:11:53       0     34     36      -      0      0      0      0      0      0   5000   1590    493      5      0 
 20260926    16:11:54       0     34     36      -      0      0      0      0      0      0   5000   1590    493      5      0 
 20260926    16:11:55       0     34     36      -      0      0      0      0      0      0   5000   1590    493      5      0 
 20260926    16:11:56       0     34     36      -      0      0      0      0      0      0   5000   1590    493      5      0 
 20260926    16:11:57       0     33     36      -      0      0      0      0      0      0   5000   1590    493      5      0 
 20260926    16:11:58       0     34     36      -      0      0      0      0      0      0   5000   1590    493      5      0 
 20260926    16:11:59       0     34     36      -      0      0      0      0      0      0   5000   1590    493      5      0 
 20260926    16:12:00       0     34     36      -      0      0      0      0      0      0   5000   1590    493      5      0 
 20260926    16:12:01       0     34     36      -      0      0      0      0      0      0   5000   1590    493      5      0 
 20260926    16:12:02       0     34     36      -      0      0      0      0      0      0   5000   1590    493      5      0 
 20260926    16:12:03       0     34     36      -      0      0      0      0      0      0   5000   1590    493      5      0 
 20260926    16:12:04       0     34     36      -      0      0      0      0      0      0   5000   1590    493      5      0 
 20260926    16:12:05       0     33     36      -      0      0      0      0      0      0   5000   1590    493      5      0 
 20260926    16:12:06       0     33     36      -      0      0      0      0      0      0   5000   1590    493      5      0 
 20260926    16:12:07       0     33     36      -      0      0      0      0      0      0   5000   1590    493      5      0 
 20260926    16:12:08       0     33     36      -      0      0      0      0      0      0   5000   1590    493      5      0 
 20260926    16:12:09       0     33     36      -      0      0      0      0      0      0   5000   1590    493      5      0 
 20260926    16:12:10       0     33     36      -      0      0      0      0      0      0   5000   1590    493      5      0 
 20260926    16:12:11       0     33     36      -      0      0      0      0      0      0   5000   1590    493      5      0 
 20260926    16:12:12       0     33     36      -      0      0      0      0      0      0   5000   1590    493      5      0 
 20260926    16:12:13       0     33     36      -      0      0      0      0      0      0   5000   1590    493      5      0 
 20260926    16:12:14       0     34     36      -      0      0      0      0      0      0   5000   1590    493      5      0 
 20260926    16:12:15       0     33     36      -      0      0      0      0      0      0   5000   1590    493      5      0 
 20260926    16:12:16       0     33     36      -      0      0      0      0      0      0   5000   1590    493      5      0 
 20260926    16:12:17       0     33     36      -      0      0      0      0      0      0   5000   1590    493      5      0 
 20260926    16:12:18       0     34     36      -      0      0      0      0      0      0   5000   1590    493      5      0 
 20260926    16:12:20       0     33     36      -      0      0      0      0      0      0   5000   1590    493      5      0 
 20260926    16:12:21       0     33     36      -      0      0      0      0      0      0   5000   1590    493      5      0 
 20260926    16:12:22       0     34     36      -      0      0      0      0      0      0   5000   1590    493      5      0 
 20260926    16:12:23       0     33     36      -      0      0      0      0      0      0   5000   1590    493      5      0 
 20260926    16:12:24       0     34     37      -      0      0      0      0      0      0   5000   1575   1119      5      0 
 20260926    16:12:25       0     33     37      -     23     18      0      0      0      0   5000   1575   1427      5      0 
 20260926    16:12:26       0     34     37      -      0      0      0      0      0      0   5000   1590   1427      5      0 
 20260926    16:12:27       0     33     37      -      0      0      0      0      0      0   5000   1590   1427      5      0 
 20260926    16:12:28       0     33     36      -      0      0      0      0      0      0   5000   1590   1427      5      0 
 20260926    16:12:29       0     33     37      -      0      0      0      0      0      0   5000   1590   1427      5      0 
 20260926    16:12:30       0     33     36      -      0      0      0      0      0      0   5000   1590   1427      5      0 
 20260926    16:12:31       0     34     36      -      0      0      0      0      0      0   5000   1590   1427      5      0 
 20260926    16:12:32       0     33     36      -      0      0      0      0      0      0   5000   1590   1427      5      0 
 20260926    16:12:33       0     33     36      -      0      0      0      0      0      0   5000   1590   1427      5      0 
 20260926    16:12:34       0     35     36      -      0      0      0      0      0      0   5000   1590   1427      5      0 
 20260926    16:12:35       0     33     36      -      0      0      0      0      0      0   5000   1590   1427      5      0 
 20260926    16:12:36       0     35     36      -      0      0      0      0      0      0   5000   1590   1427      5      0 
#Date        Time         gpu    pwr  gtemp  mtemp     sm    mem    enc    dec    jpg    ofa   mclk   pclk     fb   bar1   ccpm 
#YYYYMMDD    HH:MM:SS     Idx      W      C      C      %      %      %      %      %      %    MHz    MHz     MB     MB     MB 
 20260926    16:12:37       0     34     36      -      0      0      0      0      0      0   5000   1590   1427      5      0 
 20260926    16:12:38       0     35     36      -      0      0      0      0      0      0   5000   1590   1427      5      0 
 20260926    16:12:39       0     33     36      -      0      0      0      0      0      0   5000   1590   1427      5      0 
 20260926    16:12:40       0     33     36      -      0      0      0      0      0      0   5000   1590   1427      5      0 
 20260926    16:12:41       0     33     36      -      0      0      0      0      0      0   5000   1590   1427      5      0 
 20260926    16:12:42       0     33     36      -      0      0      0      0      0      0   5000   1590   1427      5      0 
 20260926    16:12:43       0     33     36      -     27     22      0      0      0      0   5000   1590   2475      9      0 
 20260926    16:12:44       0     85     37      -     28     15      0      0      0      0   5000   1365   2475      9      0 
 20260926    16:12:45       0     33     37      -      0      0      0      0      0      0   5000   1590   1427      5      0 
 20260926    16:12:46       0     33     37      -      0      0      0      0      0      0   5000   1590   1427      5      0 
 20260926    16:12:47       0     33     37      -      0      0      0      0      0      0   5000   1590   1427      5      0 
 20260926    16:12:48       0     34     36      -      0      0      0      0      0      0   5000   1590   1427      5      0 
 20260926    16:12:49       0     33     36      -      0      0      0      0      0      0   5000   1590   1427      5      0 
 20260926    16:12:50       0     34     36      -      0      0      0      0      0      0   5000   1590   1427      5      0 
 20260926    16:12:51       0     33     36      -      0      0      0      0      0      0   5000   1590   1427      5      0 
 20260926    16:12:52       0     34     36      -      0      0      0      0      0      0   5000   1590   1427      5      0 
 20260926    16:12:53       0     34     36      -      0      0      0      0      0      0   5000   1590   1427      5      0 
 20260926    16:12:54       0     34     36      -      0      0      0      0      0      0   5000   1590   1427      5      0 
 20260926    16:12:55       0     34     36      -      0      0      0      0      0      0   5000   1590   1427      5      0 
 20260926    16:12:56       0     34     36      -      0      0      0      0      0      0   5000   1590   1427      5      0 
 20260926    16:12:57       0     34     36      -      0      0      0      0      0      0   5000   1590   1427      5      0 
 20260926    16:12:58       0     34     36      -      0      0      0      0      0      0   5000   1590   1427      5      0 
 20260926    16:12:59       0     34     36      -      0      0      0      0      0      0   5000   1590   1427      5      0 
 20260926    16:13:00       0     34     36      -      0      0      0      0      0      0   5000   1590   1427      5      0 
 20260926    16:13:01       0     34     36      -      0      0      0      0      0      0   5000   1590   1427      5      0 
 20260926    16:13:02       0     34     36      -      0      0      0      0      0      0   5000   1590   1427      5      0 
 20260926    16:13:03       0     34     36      -      0      0      0      0      0      0   5000   1590   1427      5      0 
 20260926    16:13:04       0     33     36      -      0      0      0      0      0      0   5000   1590   1427      5      0 
 20260926    16:13:05       0     34     36      -      0      0      0      0      0      0   5000   1590   1427      5      0 
 20260926    16:13:06       0     34     36      -      0      0      0      0      0      0   5000   1590   1427      5      0 
 20260926    16:13:07       0     34     36      -      0      0      0      0      0      0   5000   1590   1427      5      0 
 20260926    16:13:08       0     34     36      -      0      0      0      0      0      0   5000   1590   1427      5      0 
 20260926    16:13:09       0     34     36      -      0      0      0      0      0      0   5000   1590   1427      5      0 
 20260926    16:13:10       0     33     36      -      0      0      0      0      0      0   5000   1590   1427      5      0 
 20260926    16:13:11       0     34     36      -      0      0      0      0      0      0   5000   1590   1427      5      0 
 20260926    16:13:12       0     33     36      -      0      0      0      0      0      0   5000   1590   1427      5      0 
 20260926    16:13:13       0     33     36      -      0      0      0      0      0      0   5000   1590   1427      5      0 
 20260926    16:13:14       0     33     36      -      0      0      0      0      0      0   5000   1590   1427      5      0 
 20260926    16:13:15       0     33     36      -      0      0      0      0      0      0   5000   1590   1427      5      0 
 20260926    16:13:16       0     33     36      -      0      0      0      0      0      0   5000   1590   1427      5      0 
 20260926    16:13:17       0     33     36      -      0      0      0      0      0      0   5000   1590   1427      5      0 
 20260926    16:13:19       0     33     36      -      0      0      0      0      0      0   5000   1590   1427      5      0 
 20260926    16:13:20       0     33     36      -      0      0      0      0      0      0   5000   1590   1427      5      0 
 20260926    16:13:21       0     33     36      -      0      0      0      0      0      0   5000   1590   1427      5      0 
#Date        Time         gpu    pwr  gtemp  mtemp     sm    mem    enc    dec    jpg    ofa   mclk   pclk     fb   bar1   ccpm 
#YYYYMMDD    HH:MM:SS     Idx      W      C      C      %      %      %      %      %      %    MHz    MHz     MB     MB     MB 
 20260926    16:13:22       0     33     36      -      0      0      0      0      0      0   5000   1590   1427      5      0 
 20260926    16:13:23       0     33     36      -      0      0      0      0      0      0   5000   1590   1427      5      0 
 20260926    16:13:24       0     33     36      -      0      0      0      0      0      0   5000   1590   1427      5      0 
 20260926    16:13:25       0     33     36      -      0      0      0      0      0      0   5000   1590   1427      5      0 
 20260926    16:13:26       0     33     36      -      0      0      0      0      0      0   5000   1590   1427      5      0 
 20260926    16:13:27       0     33     36      -      0      0      0      0      0      0   5000   1590   1427      5      0 
 20260926    16:13:28       0     33     36      -      0      0      0      0      0      0   5000   1590   1427      5      0 
 20260926    16:13:29       0     33     36      -      0      0      0      0      0      0   5000   1590   1427      5      0 
 20260926    16:13:30       0     33     36      -      0      0      0      0      0      0   5000   1590   1427      5      0 
 20260926    16:13:31       0     33     36      -      0      0      0      0      0      0   5000   1590   1427      5      0 
 20260926    16:13:32       0     33     36      -      0      0      0      0      0      0   5000   1590   1427      5      0 
 20260926    16:13:33       0     33     36      -      0      0      0      0      0      0   5000   1590   1427      5      0 
 20260926    16:13:34       0     33     36      -      9      0      0      0      0      0   5000   1590   1683      9      0 
 20260926    16:13:35       0     33     36      -      0      0      0      0      0      0   5000   1590   1683      9      0 
 20260926    16:13:36       0     34     36      -      2      0      0      0      0      0   5000   1590   1903      9      0 
 20260926    16:13:37       0     33     36      -      1      0      0      0      0      0   5000   1590   1903      9      0 
 20260926    16:13:38       0     33     36      -      0      0      0      0      0      0   5000   1590   1903      9      0 
 20260926    16:13:39       0     34     36      -      0      0      0      0      0      0   5000   1590   1903      9      0 
 20260926    16:13:40       0     33     36      -      0      0      0      0      0      0   5000   1590   1979      9      0 
 20260926    16:13:41       0     33     36      -      0      0      0      0      0      0   5000   1590   1979      9      0 
 20260926    16:13:42       0     33     36      -      1      0      0      0      0      0   5000   1590   2243      9      0 
 20260926    16:13:43       0     33     36      -      0      0      0      0      0      0   5000   1590   2243      9      0 
 20260926    16:13:44       0     33     36      -      0      0      0      0      0      0   5000   1590   2243      9      0 
 20260926    16:13:45       0     33     36      -      2      0      0      0      0      0   5000   1590   2243      9      0 
 20260926    16:13:46       0     34     36      -     11      2      0      0      0      0   5000   1590   1427      5      0 
 20260926    16:13:47       0     33     36      -      0      0      0      0      0      0   5000   1590   1427      5      0 
 20260926    16:13:48       0     34     36      -      0      0      0      0      0      0   5000   1590   1427      5      0 
 20260926    16:13:49       0     34     36      -      0      0      0      0      0      0   5000   1590   1427      5      0 
 20260926    16:13:50       0     33     36      -      0      0      0      0      0      0   5000   1590   1427      5      0 
 20260926    16:13:51       0     34     36      -      0      0      0      0      0      0   5000   1590   1427      5      0 
 20260926    16:13:52       0     33     36      -      0      0      0      0      0      0   5000   1590   1427      5      0 
 20260926    16:13:53       0     33     36      -      0      0      0      0      0      0   5000   1590   1427      5      0 
 20260926    16:13:54       0     33     36      -      0      0      0      0      0      0   5000   1590   1427      5      0 
 20260926    16:13:55       0     34     36      -      0      0      0      0      0      0   5000   1590   1427      5      0 
 20260926    16:13:56       0     33     36      -      0      0      0      0      0      0   5000   1590   1427      5      0 
 20260926    16:13:57       0     34     36      -      0      0      0      0      0      0   5000   1590   1427      5      0 
 20260926    16:13:58       0     34     36      -      0      0      0      0      0      0   5000   1590   1427      5      0 
 20260926    16:13:59       0     34     36      -      0      0      0      0      0      0   5000   1590   1427      5      0 
 20260926    16:14:00       0     34     36      -      0      0      0      0      0      0   5000   1590   1427      5      0 
 20260926    16:14:01       0     33     36      -      0      0      0      0      0      0   5000   1590   1427      5      0 
 20260926    16:14:02       0     34     36      -      0      0      0      0      0      0   5000   1590   1427      5      0 
 20260926    16:14:03       0     34     36      -      0      0      0      0      0      0   5000   1590   1427      5      0 
 20260926    16:14:04       0     36     36      -      0      0      0      0      0      0   5000   1590   1447      9      0 
 20260926    16:14:05       0     34     36      -      0      0      0      0      0      0   5000   1590   1683      9      0 
#Date        Time         gpu    pwr  gtemp  mtemp     sm    mem    enc    dec    jpg    ofa   mclk   pclk     fb   bar1   ccpm 
#YYYYMMDD    HH:MM:SS     Idx      W      C      C      %      %      %      %      %      %    MHz    MHz     MB     MB     MB 
 20260926    16:14:06       0     34     36      -      6      0      0      0      0      0   5000   1590   1807      9      0 
 20260926    16:14:07       0     34     36      -      0      0      0      0      0      0   5000   1590   2355      9      0 
 20260926    16:14:08       0     34     36      -     12      0      0      0      0      0   5000   1590   2355      9      0 
 20260926    16:14:09       0     34     37      -      0      0      0      0      0      0   5000   1590   2355      9      0 
 20260926    16:14:10       0     34     36      -      0      0      0      0      0      0   5000   1590   2355      9      0 
 20260926    16:14:11       0     34     36      -      0      0      0      0      0      0   5000   1590   1427      5      0 
 20260926    16:14:12       0     34     36      -      0      0      0      0      0      0   5000   1590   1427      5      0 
 20260926    16:14:13       0     34     36      -      0      0      0      0      0      0   5000   1590   1427      5      0 
 20260926    16:14:14       0     34     36      -      0      0      0      0      0      0   5000   1590   1427      5      0 
 20260926    16:14:15       0     34     36      -      0      0      0      0      0      0   5000   1590   1427      5      0 
 20260926    16:14:16       0     34     36      -      0      0      0      0      0      0   5000   1590   1427      5      0 
 20260926    16:14:17       0     34     36      -      0      0      0      0      0      0   5000   1590   1427      5      0 
 20260926    16:14:18       0     34     36      -      0      0      0      0      0      0   5000   1590   1427      5      0 
 20260926    16:14:20       0     33     36      -      0      0      0      0      0      0   5000   1590   1427      5      0 
 20260926    16:14:21       0     33     36      -      0      0      0      0      0      0   5000   1590   1427      5      0 
 20260926    16:14:22       0     33     36      -      0      0      0      0      0      0   5000   1590   1427      5      0 
 20260926    16:14:23       0     33     36      -      0      0      0      0      0      0   5000   1590   1427      5      0 
 20260926    16:14:24       0     33     36      -      0      0      0      0      0      0   5000   1590   1427      5      0 
 20260926    16:14:25       0     33     36      -      0      0      0      0      0      0   5000   1590   1427      5      0 
 20260926    16:14:26       0     33     36      -      0      0      0      0      0      0   5000   1590   1427      5      0 
 20260926    16:14:27       0     33     36      -      0      0      0      0      0      0   5000   1590   1427      5      0 
 20260926    16:14:28       0     33     36      -      0      0      0      0      0      0   5000   1590   1427      5      0 
