procs -----------memory---------- ---swap-- -----io---- -system-- ------cpu----- -----timestamp-----
 r  b   swpd   free   buff  cache   si   so    bi    bo   in   cs us sy id wa st                 UTC
 1  1      0 622176 114960 13871528    0    0  1658 13559 2816 4710 20  5 61 15  0 2026-09-26 16:02:55
 0  0      0 626996 114960 13871620    0    0     0     0 1399 2611  0  1 99  0  0 2026-09-26 16:02:57
 0  0      0 645084 114960 13871620    0    0     0   196 1231 2329  0  0 99  0  0 2026-09-26 16:02:59
 0  0      0 645084 114972 13871620    0    0     0    68 1204 2316  0  1 99  0  0 2026-09-26 16:03:01
 0  0      0 645084 114972 13871620    0    0     0     6 1200 2308  0  1 99  0  0 2026-09-26 16:03:03
 0  0      0 645084 114972 13871620    0    0     0     0 1197 2301  0  0 100  0  0 2026-09-26 16:03:05
 0  0      0 645084 114972 13871620    0    0     0    10 1193 2296  0  1 99  0  0 2026-09-26 16:03:07
 0  0      0 645084 114972 13871620    0    0     0     0 1229 2375  0  0 99  0  0 2026-09-26 16:03:09
 0  0      0 645084 114972 13871620    0    0     0    18 1273 2405  0  0 100  0  0 2026-09-26 16:03:11
 0  0      0 646360 114972 13871620    0    0     0     0 1267 2323  0  1 99  0  0 2026-09-26 16:03:13
 0  0      0 646360 114972 13871620    0    0     0     0 1178 2271  0  0 99  0  0 2026-09-26 16:03:15
 0  0      0 646360 114976 13871620    0    0     0    74 1192 2282  0  1 99  0  0 2026-09-26 16:03:17
 3  0      0 533488 114980 13871920    0    0     0     0 4895 4352 60  3 37  0  0 2026-09-26 16:03:19
 1  0      0 374276 114996 13872484    0    0   206    66 5318 5080 54  3 42  1  0 2026-09-26 16:03:21
 0  0      0 248748 114020 13459280    0    0     0   678 4059 2905 46  8 46  0  0 2026-09-26 16:03:23
 0  0      0 1059920 114020 13457220    0    0     0    20 1623 2738  3  2 96  0  0 2026-09-26 16:03:25
 1  0      0 1059668 114024 13457224    0    0     0    78 1217 2319  0  1 99  0  0 2026-09-26 16:03:27
 0  0      0 1059668 114024 13457224    0    0     0    20 1208 2321  0  0 99  0  0 2026-09-26 16:03:29
 0  0      0 1059668 114028 13457220    0    0     0    22 1205 2332  0  0 99  0  0 2026-09-26 16:03:31
 0  0      0 1059668 114028 13457224    0    0     0     0 1175 2273  0  0 100  0  0 2026-09-26 16:03:33
 0  0      0 1059668 114028 13457224    0    0     0     8 1186 2286  0  1 99  0  0 2026-09-26 16:03:35
procs -----------memory---------- ---swap-- -----io---- -system-- ------cpu----- -----timestamp-----
 r  b   swpd   free   buff  cache   si   so    bi    bo   in   cs us sy id wa st                 UTC
 0  0      0 1059668 114028 13457224    0    0     0    58 1190 2287  0  0 99  0  0 2026-09-26 16:03:37
 2  0      0 957116 114036 13457376    0    0     0     0 4664 4631 49  3 48  0  0 2026-09-26 16:03:39
 1  0      0 794908 114040 13457740    0    0     0    58 5842 4926 60  3 36  0  0 2026-09-26 16:03:41
 2  0      0 207352 114032 13363712    0    0    64   678 4352 3254 38 11 50  0  0 2026-09-26 16:03:43
 4  0      0 199408 113008 13159080    0    0  3766     4 1933 2824  5  3 47 44  0 2026-09-26 16:03:45
 0  0      0 1263224 113012 13132768    0    0     0    64 1743 2739  2  4 94  0  0 2026-09-26 16:03:47
 0  0      0 1263224 113012 13132768    0    0     0    12 1181 2283  0  1 99  0  0 2026-09-26 16:03:49
 0  0      0 1262720 113016 13132764    0    0     0    16 1242 2381  0  0 99  0  0 2026-09-26 16:03:51
 0  0      0 1262720 113016 13132768    0    0     0   100 1209 2292  0  1 99  0  0 2026-09-26 16:03:53
 0  0      0 1262720 113016 13132768    0    0     0    18 1177 2269  0  0 100  0  0 2026-09-26 16:03:55
 0  0      0 1262720 113020 13132772    0    0     0    12 1179 2271  0  0 99  0  0 2026-09-26 16:03:57
 0  0      0 1262720 113020 13132772    0    0     0     6 1195 2288  0  1 99  0  0 2026-09-26 16:03:59
 3  0      0 1125688 113020 13132924    0    0     0     0 4966 4837 53  3 44  0  0 2026-09-26 16:04:01
 2  0      0 933060 113028 13134548    0    0     0   730 5568 4965 57  4 40  0  0 2026-09-26 16:04:03
 6  0      0 221652 113028 13157952    0    0     0     8 4225 3313 39 12 49  0  0 2026-09-26 16:04:05
 0  0      0 1136288 113040 13132740    0    0     0   132 1589 2564  1  4 96  0  0 2026-09-26 16:04:07
 0  0      0 1151912 113040 13132740    0    0     0     0 1199 2298  0  0 99  0  0 2026-09-26 16:04:09
 0  0      0 1159976 113040 13132740    0    0     0     6 1203 2306  0  1 99  0  0 2026-09-26 16:04:11
 0  0      0 1175852 113044 13132740    0    0     0    18 1194 2312  0  1 99  0  0 2026-09-26 16:04:13
 0  0      0 1183916 113044 13132740    0    0     0     0 1428 2590  0  1 99  0  0 2026-09-26 16:04:15
 0  0      0 1191980 113044 13132740    0    0     0    10 1185 2285  0  0 100  0  0 2026-09-26 16:04:17
procs -----------memory---------- ---swap-- -----io---- -system-- ------cpu----- -----timestamp-----
 r  b   swpd   free   buff  cache   si   so    bi    bo   in   cs us sy id wa st                 UTC
 0  0      0 1207524 113044 13132740    0    0     0     0 1203 2308  0  0 99  0  0 2026-09-26 16:04:19
 4  0      0 1121904 113044 13132912    0    0     0     0 5199 5015 56  3 41  0  0 2026-09-26 16:04:21
 0  0      0 1031252 113048 13132916    0    0     0    50 3205 3651 24  2 74  0  0 2026-09-26 16:04:23
 0  0      0 1027724 113048 13132916    0    0     0     0 1284 2442  0  0 99  0  0 2026-09-26 16:04:25
 0  0      0 1027724 113060 13132920    0    0     0   122 1233 2366  0  1 99  0  0 2026-09-26 16:04:27
 3  0      0 975308 113060 13132920    0    0     0     0 2554 3200 14  2 84  0  0 2026-09-26 16:04:29
 5  0      0 506668 113060 13133184    0    0     0    18 5038 4748 64  6 30  0  0 2026-09-26 16:04:31
 3  0      0 287408 113128 13148184    0    0     0  1246 4237 4352 45  4 51  0  0 2026-09-26 16:04:33
 0  2      0 227104 113128 13149628    0    0   706     8 2061 2677 11  1 45 42  0 2026-09-26 16:04:35
 0  2      0 223828 113132 13159940    0    0  5148   142 1589 2566  0  1 50 49  0 2026-09-26 16:04:37
 0  2      0 222820 113132 13166620    0    0  3340     0 1471 2459  0  1 50 50  0 2026-09-26 16:04:39
 0  2      0 220300 113132 13173964    0    0  3672     2 1529 2491  0  1 50 50  0 2026-09-26 16:04:41
 0  2      0 206188 113132 13180104    0    0  3070     8 1586 2578  1  1 50 49  0 2026-09-26 16:04:43
 0  2      0 202156 113132 13183652    0    0  1758     0 1505 2513  0  1 50 49  0 2026-09-26 16:04:45
 0  2      0 186532 113140 13189240    0    0  2754     8 1739 2732  1  1 50 49  0 2026-09-26 16:04:47
 0  2      0 173188 113140 13196392    0    0  3544     0 1697 2660  1  1 50 49  0 2026-09-26 16:04:49
 0  2      0 165104 113140 13202200    0    0  2848    22 1794 2880  1  1 50 49  0 2026-09-26 16:04:51
 2  0      0 174040 112884 12851256    0    0  2860    26 2683 3159 13  5 48 34  0 2026-09-26 16:04:53
 0  0      0 285332 111604 12601660    0    0  1340     0 3296 2676 38  5 55  1  0 2026-09-26 16:04:55
 0  0      0 1814816 111604 12586192    0    0     0     0 1584 2601  2  3 95  0  0 2026-09-26 16:04:57
 0  0      0 1814816 111608 12586196    0    0     0    56 1184 2276  0  1 99  0  0 2026-09-26 16:04:59
procs -----------memory---------- ---swap-- -----io---- -system-- ------cpu----- -----timestamp-----
 r  b   swpd   free   buff  cache   si   so    bi    bo   in   cs us sy id wa st                 UTC
 1  0      0 1814564 111608 12586196    0    0     0     0 1183 2297  0  1 99  0  0 2026-09-26 16:05:01
 0  0      0 1814564 111612 12586196    0    0     0    58 1203 2293  0  0 99  0  0 2026-09-26 16:05:03
 0  0      0 1814564 111612 12586196    0    0     0     0 1194 2306  0  0 100  0  0 2026-09-26 16:05:05
 0  0      0 1814312 111616 12586196    0    0     0    26 1208 2311  0  1 99  0  0 2026-09-26 16:05:07
 0  0      0 1814312 111616 12586196    0    0     0     8 1200 2288  0  0 99  0  0 2026-09-26 16:05:09
 4  0      0 1720848 111616 12586196    0    0     0     0 2861 3307 24  2 74  0  0 2026-09-26 16:05:11
 0  0      0 1614808 111620 12586372    0    0     0    48 5657 5089 66  3 31  0  0 2026-09-26 16:05:13
 1  0      0 1614808 111620 12586372    0    0     0     0 1315 2480  0  0 99  0  0 2026-09-26 16:05:15
 0  0      0 1614808 111628 12586372    0    0     0    34 1238 2371  0  1 99  0  0 2026-09-26 16:05:17
 0  0      0 1614808 111628 12586376    0    0     0     0 1203 2333  0  0 100  0  0 2026-09-26 16:05:19
 6  0      0 1426340 111628 12586576    0    0     0     0 4407 4349 38  3 59  0  0 2026-09-26 16:05:21
 2  0      0 831836 111688 12612404    0    0     0    32 6485 5867 68  8 23  0  0 2026-09-26 16:05:23
 2  0      0 331620 111692 12614912    0    0     0  1166 4749 3789 58  6 36  0  0 2026-09-26 16:05:25
 0  0      0 214572 111408 12386748    0    0     0   110 4314 3015 39 11 50  0  0 2026-09-26 16:05:27
 0  0      0 2064332 111408 12333284    0    0     0    28 1879 2908  3  5 92  0  0 2026-09-26 16:05:29
 0  0      0 2064080 111408 12333284    0    0     0     0 1238 2340  0  1 99  0  0 2026-09-26 16:05:31
 0  0      0 2063828 111412 12333284    0    0     0    48 1191 2303  0  0 100  0  0 2026-09-26 16:05:33
 0  0      0 2063828 111412 12333284    0    0     0     2 1191 2289  0  1 99  0  0 2026-09-26 16:05:35
 0  0      0 2063828 111420 12333276    0    0     0    72 1220 2312  0  1 99  0  0 2026-09-26 16:05:37
 0  0      0 2063828 111420 12333204    0    0     0    78 1210 2304  0  0 99  0  0 2026-09-26 16:05:39
 0  0      0 2063828 111420 12333204    0    0     0     0 1174 2267  0  1 99  0  0 2026-09-26 16:05:41
procs -----------memory---------- ---swap-- -----io---- -system-- ------cpu----- -----timestamp-----
 r  b   swpd   free   buff  cache   si   so    bi    bo   in   cs us sy id wa st                 UTC
 2  0      0 1993524 111428 12333268    0    0     0    18 2360 3072 14  2 84  0  0 2026-09-26 16:05:43
 1  0      0 1865048 111428 12333356    0    0     0     6 5744 4643 74  3 23  0  0 2026-09-26 16:05:45
 0  0      0 1865048 111436 12333360    0    0     0    56 1373 2469  1  1 98  0  0 2026-09-26 16:05:47
 0  0      0 1865048 111436 12333360    0    0     0     4 1235 2353  0  0 99  0  0 2026-09-26 16:05:49
 0  0      0 1865048 111436 12333360    0    0     0     0 1232 2388  0  1 99  0  0 2026-09-26 16:05:51
 2  0      0 1743096 111444 12333608    0    0     0    16 3317 3929 24  2 74  0  0 2026-09-26 16:05:53
 5  0      0 1352860 111444 12346072    0    0     0     0 5318 4977 65  6 29  0  0 2026-09-26 16:05:55
 2  0      0 1061300 111452 12361416    0    0     0  1272 5191 4799 60  6 34  0  0 2026-09-26 16:05:57
 0  2      0 636176 111452 12361916    0    0   240     2 2985 2540 29  5 49 16  0 2026-09-26 16:05:59
 6  0      0 486704 111452 12363968    0    0   946     0 3252 3204 26  3 43 27  0 2026-09-26 16:06:01
 0  0      0 1855232 111460 12335768    0    0     0    30 2225 2954 14  3 82  0  0 2026-09-26 16:06:03
 0  0      0 1876960 111460 12335768    0    0     0     0 1192 2306  0  0 99  0  0 2026-09-26 16:06:05
 0  0      0 1904788 111460 12335768    0    0     0     4 1190 2302  0  1 99  0  0 2026-09-26 16:06:07
 0  0      0 1925816 111468 12335768    0    0     0    60 1220 2315  0  0 99  0  0 2026-09-26 16:06:09
 0  0      0 1944152 111468 12335768    0    0     0     8 1174 2279  0  0 100  0  0 2026-09-26 16:06:11
 0  0      0 1952368 111472 12335768    0    0     0    16 1188 2289  0  0 99  0  0 2026-09-26 16:06:13
 0  0      0 1976560 111472 12335768    0    0     0    78 1181 2276  0  1 99  0  0 2026-09-26 16:06:15
 2  0      0 1893920 111472 12335844    0    0     0     0 4209 4380 41  3 57  0  0 2026-09-26 16:06:17
 0  0      0 1835244 111480 12335928    0    0     0    56 3977 4082 37  2 61  0  0 2026-09-26 16:06:19
 0  0      0 1835020 111480 12335928    0    0     0     0 1309 2486  0  0 99  0  0 2026-09-26 16:06:21
 0  0      0 1835020 111484 12335928    0    0     0    32 1239 2366  0  1 99  0  0 2026-09-26 16:06:23
procs -----------memory---------- ---swap-- -----io---- -system-- ------cpu----- -----timestamp-----
 r  b   swpd   free   buff  cache   si   so    bi    bo   in   cs us sy id wa st                 UTC
 0  0      0 1835020 111484 12335928    0    0     0     4 1234 2363  0  1 99  0  0 2026-09-26 16:06:25
 3  0      0 1626788 111484 12336176    0    0     0     0 4927 4272 45  4 51  0  0 2026-09-26 16:06:27
 5  0      0 1050472 111492 12362968    0    0     0   524 7089 5358 69  8 22  0  0 2026-09-26 16:06:29
 2  0      0 549656 111492 12364448    0    0     0   674 4179 3532 52  6 42  0  0 2026-09-26 16:06:31
 0  0      0 207536 111500 12389040    0    0     0   108 4213 3066 43  9 48  0  0 2026-09-26 16:06:33
 0  0      0 2000460 111500 12335876    0    0     0    20 1913 2802  3  4 93  0  0 2026-09-26 16:06:35
 0  0      0 2000460 111500 12335844    0    0     0    50 1215 2321  0  0 99  0  0 2026-09-26 16:06:37
 0  0      0 2000460 111508 12335844    0    0     0    56 1208 2326  0  0 99  0  0 2026-09-26 16:06:39
 0  0      0 2000460 111508 12335844    0    0     0    10 1208 2308  0  1 99  0  0 2026-09-26 16:06:41
 0  0      0 2008236 111508 12335844    0    0     0    10 1192 2300  0  0 100  0  0 2026-09-26 16:06:43
 0  0      0 2016300 111508 12335844    0    0     0    74 1195 2287  0  1 99  0  0 2026-09-26 16:06:45
 0  0      0 2037056 111508 12335844    0    0     0     0 1176 2275  0  0 99  0  0 2026-09-26 16:06:47
 2  0      0 1953084 111512 12335936    0    0     0    16 4254 4548 39  2 58  0  0 2026-09-26 16:06:49
 0  0      0 1857140 111512 12336036    0    0     0     0 4041 4132 37  2 60  0  0 2026-09-26 16:06:51
 0  0      0 1857140 111516 12336036    0    0     0    48 1295 2423  0  1 99  0  0 2026-09-26 16:06:53
 0  0      0 1857140 111516 12336036    0    0     0     4 1229 2354  0  0 100  0  0 2026-09-26 16:06:55
 0  0      0 1857140 111516 12336036    0    0     0    72 1233 2350  0  1 99  0  0 2026-09-26 16:06:57
 5  0      0 1664328 111516 12336300    0    0     0    24 4435 4174 40  3 57  0  0 2026-09-26 16:06:59
 1  0      0 1059804 111516 12362124    0    0     0  4210 6049 5268 70  9 21  0  0 2026-09-26 16:07:01
 2  2      0 732912 111516 12374220    0    0  5516   490 5135 4541 60  5 34  1  0 2026-09-26 16:07:03
 0  0      0 588680 111516 12390944    0    0  8362   108 5410 4855 56  4 37  2  0 2026-09-26 16:07:05
procs -----------memory---------- ---swap-- -----io---- -system-- ------cpu----- -----timestamp-----
 r  b   swpd   free   buff  cache   si   so    bi    bo   in   cs us sy id wa st                 UTC
 0  0      0 2002784 111516 12363596    0    0     0  2388 1713 2736  3  2 95  0  0 2026-09-26 16:07:07
 0  0      0 2002784 111516 12363596    0    0     0    58 1196 2293  0  1 99  0  0 2026-09-26 16:07:09
 0  0      0 2002784 111516 12363596    0    0     0     0 1194 2301  0  0 99  0  0 2026-09-26 16:07:11
 0  0      0 2002784 111516 12363596    0    0     0     2 1230 2354  0  0 99  0  0 2026-09-26 16:07:13
 0  0      0 2002784 111524 12363596    0    0     0     8 1203 2306  0  0 99  0  0 2026-09-26 16:07:15
 0  0      0 2002784 111524 12363596    0    0     0     0 1172 2272  0  1 99  0  0 2026-09-26 16:07:17
 0  0      0 2002784 111524 12363596    0    0     0     8 1178 2278  0  0 100  0  0 2026-09-26 16:07:19
 4  0      0 1862688 111532 12363656    0    0     0     2 4831 4687 51  3 46  0  0 2026-09-26 16:07:21
 1  0      0 1703464 111532 12363908    0    0     0     0 5441 5075 58  3 38  0  0 2026-09-26 16:07:23
 2  0      0 1138184 111540 12365360    0    0     0   754 4074 3188 40  9 52  0  0 2026-09-26 16:07:25
 0  0      0 1975092 111540 12363604    0    0     0    20 4319 3960 29  9 62  0  0 2026-09-26 16:07:27
 0  0      0 1977256 111548 12363604    0    0     0    48 1185 2299  0  1 99  0  0 2026-09-26 16:07:29
 0  0      0 1983228 111548 12363604    0    0     0    14 1217 2352  0  1 99  0  0 2026-09-26 16:07:31
 0  0      0 1984984 111548 12363608    0    0     0     2 1222 2314  0  0 99  0  0 2026-09-26 16:07:33
 0  0      0 1985728 111556 12363608    0    0     0    16 1181 2276  0  1 99  0  0 2026-09-26 16:07:35
 5  0      0 1901676 111564 12363664    0    0     0   124 3299 3536 31  2 66  0  0 2026-09-26 16:07:37
 7  0      0 1711252 111572 12363732    0    0     0    56 6758 5198 60  4 36  0  0 2026-09-26 16:07:39
 2  0      0 1179236 111572 12409780    0    0     0 22876 6643 5182 42  7 51  1  0 2026-09-26 16:07:41
 2  0      0 783608 111572 12409780    0    0     0     4 3759 2668 44  7 49  0  0 2026-09-26 16:07:43
 4  0      0 439220 111580 12151792    0    0     0    92 4735 2557 69 17 14  0  0 2026-09-26 16:07:45
 4  0      0 329120 111580 12151792    0    0     0     0 5295 2994 70 16 14  0  0 2026-09-26 16:07:47
procs -----------memory---------- ---swap-- -----io---- -system-- ------cpu----- -----timestamp-----
 r  b   swpd   free   buff  cache   si   so    bi    bo   in   cs us sy id wa st                 UTC
 0  0      0 1790824 111588 12105604    0    0     0    66 2493 2745 24  3 73  0  0 2026-09-26 16:07:49
 0  0      0 1823080 111588 12105604    0    0     0     0 1214 2341  0  1 99  0  0 2026-09-26 16:07:51
 0  0      0 1863640 111588 12105604    0    0     0     6 1192 2287  0  0 100  0  0 2026-09-26 16:07:53
 0  0      0 1917172 111596 12105604    0    0     0    16 1208 2313  0  1 99  0  0 2026-09-26 16:07:55
 0  0      0 1946760 111596 12105604    0    0     0     0 1175 2270  0  0 100  0  0 2026-09-26 16:07:57
 2  0      0 1956068 111612 12105648    0    0     0    46 3975 4213 37  2 61  0  0 2026-09-26 16:07:59
 1  0      0 1900976 111612 12105748    0    0     0     0 5817 5223 52  4 44  0  0 2026-09-26 16:08:01
 3  0      0 1407728 111612 12151796    0    0     0 22882 5457 4373 42  7 51  1  0 2026-09-26 16:08:03
 2  0      0 1045112 111620 12151816    0    0     0    82 3780 2743 43  8 49  0  0 2026-09-26 16:08:05
 0  2      0 872924 111620 12178780    0    0  1214    14 2550 2864 11  8 49 32  0 2026-09-26 16:08:07
 0  2      0 865868 111620 12183900    0    0  2524     0 1403 2527  0  1 50 49  0 2026-09-26 16:08:09
 1  2      0 860072 111628 12187852    0    0  1984    52 1455 2525  0  1 50 50  0 2026-09-26 16:08:11
 0  2      0 856292 111628 12193288    0    0  2710   124 1494 2588  0  0 50 50  0 2026-09-26 16:08:13
 0  2      0 852260 111632 12198820    0    0  2768    18 1499 2548  0  1 50 50  0 2026-09-26 16:08:15
 0  2      0 779708 111632 12213624    0    0  7400     0 1901 2802  2  1 50 47  0 2026-09-26 16:08:17
 0  2      0 591476 111632 12223688    0    0  2976     8 1679 2601  2  2 49 47  0 2026-09-26 16:08:19
 0  0      0 2194816 111632 12150700    0    0   880    32 2139 3048  7  6 67 20  0 2026-09-26 16:08:21
 0  0      0 2197176 111632 12150700    0    0     0     0 1185 2281  0  1 99  0  0 2026-09-26 16:08:23
 0  0      0 2199724 111636 12150700    0    0     0    42 1189 2294  0  0 100  0  0 2026-09-26 16:08:25
 0  0      0 2199972 111636 12150700    0    0     0     2 1186 2283  0  0 99  0  0 2026-09-26 16:08:27
 0  0      0 2200224 111636 12150700    0    0     0     0 1184 2287  0  1 99  0  0 2026-09-26 16:08:29
procs -----------memory---------- ---swap-- -----io---- -system-- ------cpu----- -----timestamp-----
 r  b   swpd   free   buff  cache   si   so    bi    bo   in   cs us sy id wa st                 UTC
 3  0      0 2125884 111648 12150732    0    0     0     8 2844 3287 24  2 73  0  0 2026-09-26 16:08:31
 4  0      0 1970956 111648 12150812    0    0     0    56 5867 5248 58  3 39  0  0 2026-09-26 16:08:33
 2  0      0 1421824 111652 12196784    0    0     0 22968 6960 5093 43  8 48  1  0 2026-09-26 16:08:35
 2  0      0 1004524 111652 12196800    0    0     0    58 3639 2556 43  8 49  0  0 2026-09-26 16:08:37
 0  0      0 367720 111652 12225552    0    0     0     0 5017 3685 39 13 48  0  0 2026-09-26 16:08:39
 0  0      0 2148352 111656 12150660    0    0     0    68 1879 2843  2  5 93  0  0 2026-09-26 16:08:41
 0  0      0 2162488 111656 12150660    0    0     0     2 1212 2315  0  1 99  0  0 2026-09-26 16:08:43
 0  0      0 2173112 111660 12150660    0    0     0    46 1204 2324  0  0 99  0  0 2026-09-26 16:08:45
 0  0      0 2181248 111660 12150660    0    0     0     2 1188 2285  0  0 100  0  0 2026-09-26 16:08:47
 0  0      0 2187700 111660 12150660    0    0     0     0 1181 2290  0  1 99  0  0 2026-09-26 16:08:49
 4  0      0 2110108 111676 12150744    0    0     0     8 3198 3451 31  2 67  0  0 2026-09-26 16:08:51
 0  0      0 1996580 111676 12150848    0    0     0     0 5126 4919 54  3 43  0  0 2026-09-26 16:08:53
 0  0      0 1994312 111680 12150852    0    0     0    50 1314 2479  1  0 99  0  0 2026-09-26 16:08:55
 0  0      0 1994312 111680 12150852    0    0     0     4 1216 2340  0  1 99  0  0 2026-09-26 16:08:57
 0  0      0 1994312 111680 12150852    0    0     0     0 1218 2347  0  0 99  0  0 2026-09-26 16:08:59
 0  0      0 1994312 111684 12150852    0    0     0    16 1227 2375  0  1 99  0  0 2026-09-26 16:09:01
 0  0      0 1994312 111684 12150852    0    0     0     0 1218 2350  0  0 99  0  0 2026-09-26 16:09:03
 0  0      0 1994312 111688 12150856    0    0     0    30 1217 2352  0  0 100  0  0 2026-09-26 16:09:05
 1  0      0 1994056 111688 12150856    0    0     0     0 1227 2357  0  0 99  0  0 2026-09-26 16:09:07
 0  0      0 1994312 111688 12150856    0    0     0    88 1229 2355  0  0 99  0  0 2026-09-26 16:09:09
 1  0      0 1721172 111696 12151008    0    0     0    32 5038 4373 34  5 62  0  0 2026-09-26 16:09:11
procs -----------memory---------- ---swap-- -----io---- -system-- ------cpu----- -----timestamp-----
 r  b   swpd   free   buff  cache   si   so    bi    bo   in   cs us sy id wa st                 UTC
 2  0      0 205744 111696 11660940    0    0     0     0 4873 3935 54 20 25  0  0 2026-09-26 16:09:13
 3  0      0 479208 111692 10954956    0    0     0   120 7011 3799 63 14 23  0  0 2026-09-26 16:09:15
 2  0      0 178520 111700 10332616    0    0     0    82 4733 2681 65 15 20  0  0 2026-09-26 16:09:17
 3  0      0 337832 111752 10371376    0    0     0   494 5292 4657 55  4 41  0  0 2026-09-26 16:09:19
 3  0      0 206224 111776 9779260    0    0     0 22966 4602 3410 46 11 42  1  0 2026-09-26 16:09:21
 2  0      0 176524 111692 9491616    0    0     0     0 3540 2418 43 10 48  0  0 2026-09-26 16:09:23
 5  0      0 216468 111548 9058696    0    0     0     0 5316 2525 77 19  4  0  0 2026-09-26 16:09:25
 4  0      0 243888 111552 8954116    0    0     2    36 5200 2742 79 15  6  0  0 2026-09-26 16:09:27
 0  0      0 5183704 111552 8831192    0    0     0     0 2526 2751 17  6 77  0  0 2026-09-26 16:09:29
 0  0      0 5225900 111564 8831000    0    0     0    48 1205 2334  0  0 99  0  0 2026-09-26 16:09:31
 0  0      0 5258432 111564 8831000    0    0     0     0 1202 2299  0  1 99  0  0 2026-09-26 16:09:33
 0  0      0 5294500 111564 8831000    0    0     0     2 1242 2322  0  1 99  0  0 2026-09-26 16:09:35
 0  0      0 5311852 111572 8831004    0    0     0    56 1200 2299  0  0 99  0  0 2026-09-26 16:09:37
 1  0      0 5278476 111580 8831048    0    0     0     2 4130 4298 41  3 56  0  0 2026-09-26 16:09:39
 0  0      0 5214548 111584 8831104    0    0     2    48 4104 4121 39  2 59  0  0 2026-09-26 16:09:41
 0  0      0 5218076 111584 8831104    0    0     0     0 1341 2508  0  1 99  0  0 2026-09-26 16:09:43
 0  0      0 5234204 111584 8831104    0    0     0    16 1249 2391  0  1 99  0  0 2026-09-26 16:09:45
 1  0      0 5242268 111592 8831104    0    0     0    20 1212 2352  0  0 100  0  0 2026-09-26 16:09:47
 0  0      0 5250332 111592 8831104    0    0     0     0 1216 2348  0  1 99  0  0 2026-09-26 16:09:49
 0  0      0 5266524 111600 8831104    0    0     0    96 1277 2451  0  1 99  0  0 2026-09-26 16:09:51
 0  0      0 5272924 111600 8831104    0    0     0     0 1211 2322  0  1 99  0  0 2026-09-26 16:09:53
procs -----------memory---------- ---swap-- -----io---- -system-- ------cpu----- -----timestamp-----
 r  b   swpd   free   buff  cache   si   so    bi    bo   in   cs us sy id wa st                 UTC
 0  0      0 5287784 111600 8831104    0    0     0    42 1239 2344  0  0 100  0  0 2026-09-26 16:09:55
 2  0      0 5244452 111608 8831104    0    0     0    22 1874 2547  1  1 98  0  0 2026-09-26 16:09:57
 3  0      0 4543380 111608 8831288    0    0     0     0 5577 4687 56  9 35  0  0 2026-09-26 16:09:59
 2  0      0 2612728 111616 8831288    0    0     0    28 4899 3619 55 17 28  0  0 2026-09-26 16:10:01
 5  0      0 1920948 111620 8868984    0    0     0     0 7270 3411 61 13 26  0  0 2026-09-26 16:10:03
 2  0      0 1749780 111620 8868984    0    0     0     0 4708 2738 74  6 20  0  0 2026-09-26 16:10:05
 4  0      0 1465976 111660 8953720    0    0     0 23524 6710 4944 50  6 43  1  0 2026-09-26 16:10:07
 2  0      0 652600 111660 8953736    0    0     8     0 3919 2888 46  8 46  0  0 2026-09-26 16:10:09
 4  0      0 230616 111664 8926860    0    0     0     0 4260 2957 37 16 48  0  0 2026-09-26 16:10:11
 2  0      0 1477540 111664 8467852    0    0     2    60 3809 3230 41  9 50  0  0 2026-09-26 16:10:13
 0  0      0 5915500 111664 8437308    0    0     0     4 1689 2506  0  5 95  0  0 2026-09-26 16:10:15
 0  0      0 5915500 111676 8437296    0    0     0    50 1180 2277  0  1 99  0  0 2026-09-26 16:10:17
 0  0      0 5915248 111676 8437308    0    0     0     2 1228 2356  0  0 99  0  0 2026-09-26 16:10:19
 0  0      0 5915248 111676 8437308    0    0     0     0 1207 2326  0  1 99  0  0 2026-09-26 16:10:21
 1  0      0 5854784 111692 8437300    0    0     0     8 2100 2950 10  2 89  0  0 2026-09-26 16:10:23
 2  0      0 5743692 111692 8437432    0    0     0     8 5855 5062 68  3 29  0  0 2026-09-26 16:10:25
 0  0      0 5725296 111700 8437436    0    0     0    48 1762 2742  7  1 92  0  0 2026-09-26 16:10:27
 0  0      0 5725296 111700 8437436    0    0     0     4 1238 2369  0  1 99  0  0 2026-09-26 16:10:29
 0  0      0 5725296 111700 8437436    0    0     0    86 1263 2398  0  1 99  0  0 2026-09-26 16:10:31
 0  0      0 5725296 111700 8437436    0    0     0    24 1209 2327  0  0 99  0  0 2026-09-26 16:10:33
 0  0      0 5725296 111700 8437436    0    0     0     0 1258 2382  0  1 99  0  0 2026-09-26 16:10:35
procs -----------memory---------- ---swap-- -----io---- -system-- ------cpu----- -----timestamp-----
 r  b   swpd   free   buff  cache   si   so    bi    bo   in   cs us sy id wa st                 UTC
 0  0      0 5725296 111708 8437428    0    0     0    10 1218 2359  0  0 99  0  0 2026-09-26 16:10:37
 0  0      0 5725296 111708 8437440    0    0     0     0 1232 2383  0  0 100  0  0 2026-09-26 16:10:39
 0  0      0 5725296 111708 8437440    0    0     0    50 1231 2359  0  1 99  0  0 2026-09-26 16:10:41
 2  0      0 5426676 111716 8437592    0    0     0    24 4431 4222 31  5 64  0  0 2026-09-26 16:10:43
 3  0      0 3308644 111716 8437720    0    0     0     4 4678 3763 50 19 31  0  0 2026-09-26 16:10:45
 1  0      0 3110184 111724 8475424    0    0     0    32 5166 3324 67  8 25  0  0 2026-09-26 16:10:47
 4  0      0 2197144 111724 8475424    0    0     0     0 5476 2887 66 10 24  0  0 2026-09-26 16:10:49
 1  0      0 1974444 111724 8514288    0    0     0   490 5082 3461 58  7 35  0  0 2026-09-26 16:10:51
 2  0      0 1312156 111732 8560140    0    0     0 22994 5923 4311 48  8 43  2  0 2026-09-26 16:10:53
 2  0      0 1029160 111732 8560140    0    0     0     0 3620 2473 45  6 49  0  0 2026-09-26 16:10:55
 4  0      0 441132 111752 8560152    0    0     0    40 4837 2487 65 17 18  0  0 2026-09-26 16:10:57
 0  0      0 5344472 111752 8437432    0    0     0     0 3144 2899 28  6 65  0  0 2026-09-26 16:10:59
 0  0      0 5384592 111752 8437432    0    0     0     0 1200 2307  0  0 99  0  0 2026-09-26 16:11:01
 0  0      0 5432724 111764 8437432    0    0     0    50 1194 2300  0  0 100  0  0 2026-09-26 16:11:03
 0  0      0 5481108 111764 8437432    0    0     0     4 1207 2314  0  1 99  0  0 2026-09-26 16:11:05
 0  0      0 5528236 111768 8437436    0    0     0    16 1191 2306  0  0 99  0  0 2026-09-26 16:11:07
 3  0      0 5569916 111776 8437468    0    0     0     0 1606 2697  3  1 96  0  0 2026-09-26 16:11:09
 3  0      0 5524020 111784 8437540    0    0     0    48 5954 5113 72  3 25  0  0 2026-09-26 16:11:11
 0  0      0 5526792 111784 8437544    0    0     0     8 2064 2905 12  1 87  0  0 2026-09-26 16:11:13
 1  0      0 5568992 111784 8437544    0    0     0     4 1222 2352  0  1 99  0  0 2026-09-26 16:11:15
 0  0      0 5596744 111792 8437544    0    0     0   126 1239 2359  0  0 100  0  0 2026-09-26 16:11:17
procs -----------memory---------- ---swap-- -----io---- -system-- ------cpu----- -----timestamp-----
 r  b   swpd   free   buff  cache   si   so    bi    bo   in   cs us sy id wa st                 UTC
 0  0      0 5621864 111792 8437544    0    0     0     0 1206 2337  0  1 99  0  0 2026-09-26 16:11:19
 0  0      0 5645136 111792 8437548    0    0     0     0 1239 2413  0  1 99  0  0 2026-09-26 16:11:21
 0  0      0 5661404 111800 8437548    0    0     0    14 1215 2338  0  0 99  0  0 2026-09-26 16:11:23
 0  0      0 5674852 111800 8437548    0    0     0     0 1207 2334  0  1 99  0  0 2026-09-26 16:11:25
 0  0      0 5683192 111808 8437540    0    0     0    18 1220 2342  0  0 100  0  0 2026-09-26 16:11:27
 2  0      0 5370896 111808 8437700    0    0     0     0 5201 4062 31  5 64  0  0 2026-09-26 16:11:29
 3  0      0 4120652 111808 8437828    0    0     0     0 4770 3895 60 13 28  0  0 2026-09-26 16:11:31
 1  0      0 2775908 111824 8476064    0    0     0    38 4463 2677 59 15 26  0  0 2026-09-26 16:11:33
 3  0      0 2192860 111824 8475524    0    0     0     0 7857 3419 68  9 23  0  0 2026-09-26 16:11:35
 2  0      0 2058012 111828 8514444    0    0     0   644 5271 3997 59  6 34  0  0 2026-09-26 16:11:37
 4  0      0 1418308 111828 8560204    0    0     0 22870 5190 3988 54  8 38  1  0 2026-09-26 16:11:39
 2  0      0 1137328 111828 8560204    0    0     0     0 3691 2530 45  6 49  0  0 2026-09-26 16:11:41
 2  0      0 506332 111848 8588976    0    0     0    92 4930 3433 48 15 38  0  0 2026-09-26 16:11:43
 0  0      0 5914300 111848 8437516    0    0     0     0 2082 2840  4  8 88  0  0 2026-09-26 16:11:45
 0  0      0 5914048 111860 8437504    0    0     0    48 1186 2294  0  1 99  0  0 2026-09-26 16:11:47
 0  0      0 5914048 111860 8437516    0    0     0     0 1195 2286  0  0 99  0  0 2026-09-26 16:11:49
 0  0      0 5914048 111860 8437516    0    0     0     6 1228 2364  0  1 99  0  0 2026-09-26 16:11:51
 0  0      0 5914048 111868 8437516    0    0     0    76 1208 2296  0  0 99  0  0 2026-09-26 16:11:53
 3  0      0 5799896 111880 8437556    0    0     0     0 4606 4913 42  3 56  0  0 2026-09-26 16:11:55
 0  0      0 5711260 111888 8437656    0    0     0    50 3673 3678 36  2 62  0  0 2026-09-26 16:11:57
 0  0      0 5711260 111888 8437656    0    0     0     0 1262 2392  0  0 99  0  0 2026-09-26 16:11:59
procs -----------memory---------- ---swap-- -----io---- -system-- ------cpu----- -----timestamp-----
 r  b   swpd   free   buff  cache   si   so    bi    bo   in   cs us sy id wa st                 UTC
 0  0      0 5711260 111888 8437656    0    0     0     0 1234 2383  0  1 99  0  0 2026-09-26 16:12:01
 0  0      0 5711260 111896 8437656    0    0     0     8 1224 2356  0  0 99  0  0 2026-09-26 16:12:03
 0  0      0 5711260 111896 8437656    0    0     0     0 1218 2342  0  1 99  0  0 2026-09-26 16:12:05
 0  0      0 5711260 111900 8437656    0    0     0    16 1243 2418  0  0 99  0  0 2026-09-26 16:12:07
 1  0      0 5711004 111900 8437656    0    0     0    84 1230 2344  0  0 99  0  0 2026-09-26 16:12:09
 0  0      0 5711260 111900 8437660    0    0     0     0 1211 2331  0  1 99  0  0 2026-09-26 16:12:11
 1  0      0 5533972 111908 8437660    0    0     0    52 4247 3079  8  3 89  0  0 2026-09-26 16:12:13
 2  0      0 4775924 111908 8437844    0    0     0     0 5008 4746 59  9 32  0  0 2026-09-26 16:12:15
 2  0      0 3074920 111908 8437844    0    0     0     0 4563 2833 57 14 29  0  0 2026-09-26 16:12:17
 4  0      0 2592560 111912 8475508    0    0     0   136 8480 3471 60 12 28  0  0 2026-09-26 16:12:19
 0  0      0 2429720 111912 8513236    0    0     0     0 4689 2920 68  7 25  0  0 2026-09-26 16:12:21
 2  0      0 2059872 111916 8514412    0    0     0   600 5183 4821 50  5 45  0  0 2026-09-26 16:12:23
 0  0      0 5766440 111916 8440736    0    0  1574     0 5703 5161 38 14 47  0  0 2026-09-26 16:12:25
 0  0      0 5766360 111916 8440480    0    0     0     8 1192 2296  0  0 100  0  0 2026-09-26 16:12:27
 0  0      0 5766108 111928 8440480    0    0     0    52 1203 2312  0  0 99  0  0 2026-09-26 16:12:29
 0  0      0 5765604 111928 8440480    0    0     0     0 1208 2322  0  1 99  0  0 2026-09-26 16:12:31
 0  0      0 5765604 111932 8440476    0    0     0    60 1179 2272  0  1 99  0  0 2026-09-26 16:12:33
 3  0      0 5697580 111940 8440476    0    0     0     2 2535 3383 14  2 84  0  0 2026-09-26 16:12:35
 6  0      0 5554248 111940 8440664    0    0     0    48 6012 5628 65  4 31  0  0 2026-09-26 16:12:37
 2  0      0 5166492 111948 8486664    0    0     0 22932 6403 5555 40  6 54  1  0 2026-09-26 16:12:39
 2  0      0 4605816 111948 8486684    0    0     0     0 3830 2638 43  8 49  0  0 2026-09-26 16:12:41
procs -----------memory---------- ---swap-- -----io---- -system-- ------cpu----- -----timestamp-----
 r  b   swpd   free   buff  cache   si   so    bi    bo   in   cs us sy id wa st                 UTC
 5  0      0 3856640 111956 8515372    0    0     0    86 5006 3486 40 15 45  0  0 2026-09-26 16:12:43
 0  0      0 5509644 111956 8440516    0    0     0    16 4548 3504 39  9 52  0  0 2026-09-26 16:12:45
 0  0      0 5525792 111956 8440580    0    0     0     0 1193 2298  0  0 99  0  0 2026-09-26 16:12:47
 0  0      0 5541920 111968 8440580    0    0     0    56 1194 2294  0  1 99  0  0 2026-09-26 16:12:49
 0  0      0 5550236 111968 8440580    0    0     0     0 1224 2361  0  1 99  0  0 2026-09-26 16:12:51
 0  0      0 5566364 111976 8440580    0    0     0     8 1195 2290  0  0 99  0  0 2026-09-26 16:12:53
 0  0      0 5582492 111976 8440580    0    0     0     0 1190 2296  0  0 99  0  0 2026-09-26 16:12:55
 3  0      0 5488172 111984 8440704    0    0     0     0 6004 5584 64  4 33  0  0 2026-09-26 16:12:57
 5  0      0 5306064 111992 8440708    0    0     0    56 4830 3746 22  4 74  0  0 2026-09-26 16:12:59
 0  1      0 4983908 111992 8527888    0    0     0 12276 7411 5746 51  7 42  0  0 2026-09-26 16:13:01
 2  0      0 4237780 112000 8527892    0    0     0 31270 3902 3011 40  9 50  1  0 2026-09-26 16:13:03
 0  2      0 3954532 112000 8538484    0    0  5288     8 3058 2577 31  6 48 15  0 2026-09-26 16:13:05
 0  2      0 3928072 112000 8549868    0    0  5692     8 1622 2749  1  1 49 49  0 2026-09-26 16:13:07
 0  2      0 3894568 112008 8558188    0    0  4150   218 1543 2567  2  1 49 48  0 2026-09-26 16:13:09
 0  2      0 3894568 112008 8559796    0    0   804    54 1462 2488  0  1 50 50  0 2026-09-26 16:13:11
 1  2      0 3729356 112008 8564644    0    0  2414     0 3360 2735 32  8 25 34  0 2026-09-26 16:13:13
 0  0      0 5258420 112016 8478284    0    0   426    48 4032 3044 39 19 36  7  0 2026-09-26 16:13:15
 0  0      0 5300176 112016 8478284    0    0     0     0 1188 2289  0  0 100  0  0 2026-09-26 16:13:17
 0  0      0 5337708 112024 8478284    0    0     0    54 1264 2379  0  0 99  0  0 2026-09-26 16:13:19
 0  0      0 5361984 112024 8478284    0    0     0     0 1226 2367  0  1 99  0  0 2026-09-26 16:13:21
 0  0      0 5378168 112024 8478284    0    0     0     0 1189 2288  0  1 99  0  0 2026-09-26 16:13:23
procs -----------memory---------- ---swap-- -----io---- -system-- ------cpu----- -----timestamp-----
 r  b   swpd   free   buff  cache   si   so    bi    bo   in   cs us sy id wa st                 UTC
 0  0      0 5410424 112032 8478284    0    0     0    10 1188 2302  0  0 99  0  0 2026-09-26 16:13:25
 3  0      0 5366868 112040 8478420    0    0     0     0 5723 5262 63  3 34  0  0 2026-09-26 16:13:27
 2  0      0 5328380 112048 8478424    0    0     0    56 3453 3363 24  2 74  0  0 2026-09-26 16:13:29
 1  0      0 4972972 112048 8507188    0    0     0     8 7206 6054 47  8 45  0  0 2026-09-26 16:13:31
 2  0      0 4236172 112048 8565608    0    0     0 43448 3890 3001 37 10 52  2  0 2026-09-26 16:13:33
 2  0      0 3857688 112056 8586104    0    0     0   114 3912 2739 43 10 47  0  0 2026-09-26 16:13:35
 0  2      0 3696332 112056 8595812    0    0  2798     2 1830 2732  3  4 49 45  0 2026-09-26 16:13:37
 0  2      0 3439096 112064 8604348    0    0  2214    50 1715 2698  3  2 49 45  0 2026-09-26 16:13:39
 0  2      0 3305032 112064 8610300    0    0  2966     0 1551 2579  1  1 50 47  0 2026-09-26 16:13:41
 0  2      0 3237748 112064 8615384    0    0  2540     0 1496 2538  1  1 49 49  0 2026-09-26 16:13:43
 0  2      0 3190120 112068 8619108    0    0  1862   152 1429 2504  0  1 50 49  0 2026-09-26 16:13:45
 0  0      0 5629780 112068 8503388    0    0   128    20 2080 2860  8  5 85  2  0 2026-09-26 16:13:47
 0  0      0 5640528 112080 8503388    0    0     0    54 1190 2288  0  0 99  0  0 2026-09-26 16:13:49
 0  0      0 5648088 112080 8503388    0    0     0     0 1226 2377  0  0 99  0  0 2026-09-26 16:13:51
 0  0      0 5669016 112080 8503388    0    0     0     0 1193 2293  0  1 99  0  0 2026-09-26 16:13:53
 0  0      0 5683100 112088 8503388    0    0     0     8 1198 2312  0  0 99  0  0 2026-09-26 16:13:55
 3  0      0 5593960 112100 8503432    0    0     0     0 3030 3260 29  2 68  0  0 2026-09-26 16:13:57
 0  0      0 5478332 112104 8503532    0    0     0    58 5129 4875 58  3 39  0  0 2026-09-26 16:13:59
 1  0      0 5157548 112104 8503684    0    0     0     6 5136 4109 27  5 68  0  0 2026-09-26 16:14:01
 2  0      0 4535080 112104 8590668    0    0     0 43450 6608 5142 41  9 49  1  0 2026-09-26 16:14:03
 2  0      0 4040556 112112 8611180    0    0     0   110 4100 3004 39 12 49  0  0 2026-09-26 16:14:05
procs -----------memory---------- ---swap-- -----io---- -system-- ------cpu----- -----timestamp-----
 r  b   swpd   free   buff  cache   si   so    bi    bo   in   cs us sy id wa st                 UTC
 1  0      0 3126488 112112 8619420    0    0     0    16 4720 3038 35 11 53  0  0 2026-09-26 16:14:07
 0  0      0 3099736 112112 8619420    0    0     0     0 5302 3114 37  6 57  0  0 2026-09-26 16:14:09
 0  0      0 5682224 112116 8503600    0    0     0   112 1971 2911  2  5 92  0  0 2026-09-26 16:14:11
 0  0      0 5685636 112116 8503496    0    0     0     0 1191 2303  0  1 99  0  0 2026-09-26 16:14:13
 0  0      0 5685732 112124 8503496    0    0     0    52 1399 2561  0  1 99  0  0 2026-09-26 16:14:15
 0  0      0 5685732 112124 8503496    0    0     0     8 1195 2299  0  0 100  0  0 2026-09-26 16:14:17
 0  0      0 5685480 112124 8503496    0    0     0     0 1223 2336  0  0 99  0  0 2026-09-26 16:14:19
 0  0      0 5685480 112132 8503496    0    0     0   114 1223 2364  0  1 99  0  0 2026-09-26 16:14:21
 1  0      0 5685480 112132 8503496    0    0     0     0 1200 2300  0  0 99  0  0 2026-09-26 16:14:23
 0  0      0 5685480 112140 8503488    0    0     0     8 1194 2297  0  1 99  0  0 2026-09-26 16:14:25
 0  0      0 5600872 112184 8503456    0    0     8    96 2325 3233  9  2 89  0  0 2026-09-26 16:14:27
