gliner-multi: local 2311737808 bytes, HDFS 2311737808 bytes
nllb-200-distilled-600M: local 2482656260 bytes, HDFS 2482656260 bytes
hf_cache: local 4305697 bytes, HDFS 8611353 bytes
drwxr-xr-x   - root supergroup          0 2026-09-27 07:43 /models/weights/gliner-multi
drwxr-xr-x   - root supergroup          0 2026-09-27 07:38 /models/weights/gliner-multi/.cache
drwxr-xr-x   - root supergroup          0 2026-09-27 07:38 /models/weights/gliner-multi/.cache/huggingface
-rw-r--r--   1 root supergroup          1 2026-09-27 07:38 /models/weights/gliner-multi/.cache/huggingface/.gitignore
drwxr-xr-x   - root supergroup          0 2026-09-27 07:38 /models/weights/gliner-multi/.cache/huggingface/download
-rw-r--r--   1 root supergroup        104 2026-09-27 07:38 /models/weights/gliner-multi/.cache/huggingface/download/.gitattributes.metadata
-rw-r--r--   1 root supergroup        104 2026-09-27 07:38 /models/weights/gliner-multi/.cache/huggingface/download/README.md.metadata
-rw-r--r--   1 root supergroup        104 2026-09-27 07:38 /models/weights/gliner-multi/.cache/huggingface/download/gliner_config.json.metadata
-rw-r--r--   1 root supergroup        128 2026-09-27 07:38 /models/weights/gliner-multi/.cache/huggingface/download/model.safetensors.metadata
-rw-r--r--   1 root supergroup        127 2026-09-27 07:38 /models/weights/gliner-multi/.cache/huggingface/download/pytorch_model.bin.metadata
-rw-r--r--   1 root supergroup       1519 2026-09-27 07:38 /models/weights/gliner-multi/.gitattributes
-rw-r--r--   1 root supergroup       4770 2026-09-27 07:43 /models/weights/gliner-multi/README.md
-rw-r--r--   1 root supergroup        477 2026-09-27 07:38 /models/weights/gliner-multi/gliner_config.json
-rw-r--r--   1 root supergroup 1155830112 2026-09-27 07:40 /models/weights/gliner-multi/model.safetensors
-rw-r--r--   1 root supergroup 1155900362 2026-09-27 07:43 /models/weights/gliner-multi/pytorch_model.bin
drwxr-xr-x   - root supergroup          0 2026-09-27 07:48 /models/weights/hf_cache
drwxr-xr-x   - root supergroup          0 2026-09-27 07:48 /models/weights/hf_cache/.locks
drwxr-xr-x   - root supergroup          0 2026-09-27 07:48 /models/weights/hf_cache/.locks/models--microsoft--mdeberta-v3-base
-rw-r--r--   1 root supergroup          0 2026-09-27 07:48 /models/weights/hf_cache/.locks/models--microsoft--mdeberta-v3-base/13c8d666d62a7bc4ac8f040aab68e942c861f93303156cc28f5c7e885d86d6e3.lock
-rw-r--r--   1 root supergroup          0 2026-09-27 07:48 /models/weights/hf_cache/.locks/models--microsoft--mdeberta-v3-base/27b905d788d20826414d27ce9fa9765623e38ea7.lock
-rw-r--r--   1 root supergroup          0 2026-09-27 07:48 /models/weights/hf_cache/.locks/models--microsoft--mdeberta-v3-base/acfd94e399c5659e4bed75f91b4ee24b111fc7a6.lock
drwxr-xr-x   - root supergroup          0 2026-09-27 07:48 /models/weights/hf_cache/models--microsoft--mdeberta-v3-base
drwxr-xr-x   - root supergroup          0 2026-09-27 07:48 /models/weights/hf_cache/models--microsoft--mdeberta-v3-base/.no_exist
drwxr-xr-x   - root supergroup          0 2026-09-27 07:48 /models/weights/hf_cache/models--microsoft--mdeberta-v3-base/.no_exist/a0484667b22365f84929a935b5e50a51f71f159d
-rw-r--r--   1 root supergroup          0 2026-09-27 07:48 /models/weights/hf_cache/models--microsoft--mdeberta-v3-base/.no_exist/a0484667b22365f84929a935b5e50a51f71f159d/added_tokens.json
-rw-r--r--   1 root supergroup          0 2026-09-27 07:48 /models/weights/hf_cache/models--microsoft--mdeberta-v3-base/.no_exist/a0484667b22365f84929a935b5e50a51f71f159d/special_tokens_map.json
-rw-r--r--   1 root supergroup          0 2026-09-27 07:48 /models/weights/hf_cache/models--microsoft--mdeberta-v3-base/.no_exist/a0484667b22365f84929a935b5e50a51f71f159d/tokenizer.json
drwxr-xr-x   - root supergroup          0 2026-09-27 07:48 /models/weights/hf_cache/models--microsoft--mdeberta-v3-base/blobs
-rw-r--r--   1 root supergroup    4305025 2026-09-27 07:48 /models/weights/hf_cache/models--microsoft--mdeberta-v3-base/blobs/13c8d666d62a7bc4ac8f040aab68e942c861f93303156cc28f5c7e885d86d6e3
-rw-r--r--   1 root supergroup        579 2026-09-27 07:48 /models/weights/hf_cache/models--microsoft--mdeberta-v3-base/blobs/27b905d788d20826414d27ce9fa9765623e38ea7
-rw-r--r--   1 root supergroup         52 2026-09-27 07:48 /models/weights/hf_cache/models--microsoft--mdeberta-v3-base/blobs/acfd94e399c5659e4bed75f91b4ee24b111fc7a6
drwxr-xr-x   - root supergroup          0 2026-09-27 07:48 /models/weights/hf_cache/models--microsoft--mdeberta-v3-base/refs
-rw-r--r--   1 root supergroup         40 2026-09-27 07:48 /models/weights/hf_cache/models--microsoft--mdeberta-v3-base/refs/main
drwxr-xr-x   - root supergroup          0 2026-09-27 07:48 /models/weights/hf_cache/models--microsoft--mdeberta-v3-base/snapshots
drwxr-xr-x   - root supergroup          0 2026-09-27 07:48 /models/weights/hf_cache/models--microsoft--mdeberta-v3-base/snapshots/a0484667b22365f84929a935b5e50a51f71f159d
-rw-r--r--   1 root supergroup        579 2026-09-27 07:48 /models/weights/hf_cache/models--microsoft--mdeberta-v3-base/snapshots/a0484667b22365f84929a935b5e50a51f71f159d/config.json
-rw-r--r--   1 root supergroup    4305025 2026-09-27 07:48 /models/weights/hf_cache/models--microsoft--mdeberta-v3-base/snapshots/a0484667b22365f84929a935b5e50a51f71f159d/spm.model
-rw-r--r--   1 root supergroup         52 2026-09-27 07:48 /models/weights/hf_cache/models--microsoft--mdeberta-v3-base/snapshots/a0484667b22365f84929a935b5e50a51f71f159d/tokenizer_config.json
-rw-r--r--   1 root supergroup          1 2026-09-27 07:48 /models/weights/hf_cache/version.txt
drwxr-xr-x   - root supergroup          0 2026-09-27 07:48 /models/weights/nllb-200-distilled-600M
drwxr-xr-x   - root supergroup          0 2026-09-27 07:43 /models/weights/nllb-200-distilled-600M/.cache
drwxr-xr-x   - root supergroup          0 2026-09-27 07:43 /models/weights/nllb-200-distilled-600M/.cache/huggingface
-rw-r--r--   1 root supergroup          1 2026-09-27 07:43 /models/weights/nllb-200-distilled-600M/.cache/huggingface/.gitignore
drwxr-xr-x   - root supergroup          0 2026-09-27 07:43 /models/weights/nllb-200-distilled-600M/.cache/huggingface/download
-rw-r--r--   1 root supergroup        104 2026-09-27 07:43 /models/weights/nllb-200-distilled-600M/.cache/huggingface/download/.gitattributes.metadata
-rw-r--r--   1 root supergroup        103 2026-09-27 07:43 /models/weights/nllb-200-distilled-600M/.cache/huggingface/download/README.md.metadata
-rw-r--r--   1 root supergroup        104 2026-09-27 07:43 /models/weights/nllb-200-distilled-600M/.cache/huggingface/download/config.json.metadata
-rw-r--r--   1 root supergroup        104 2026-09-27 07:43 /models/weights/nllb-200-distilled-600M/.cache/huggingface/download/generation_config.json.metadata
-rw-r--r--   1 root supergroup        128 2026-09-27 07:43 /models/weights/nllb-200-distilled-600M/.cache/huggingface/download/pytorch_model.bin.metadata
-rw-r--r--   1 root supergroup        128 2026-09-27 07:43 /models/weights/nllb-200-distilled-600M/.cache/huggingface/download/sentencepiece.bpe.model.metadata
-rw-r--r--   1 root supergroup        104 2026-09-27 07:43 /models/weights/nllb-200-distilled-600M/.cache/huggingface/download/special_tokens_map.json.metadata
-rw-r--r--   1 root supergroup        126 2026-09-27 07:43 /models/weights/nllb-200-distilled-600M/.cache/huggingface/download/tokenizer.json.metadata
-rw-r--r--   1 root supergroup        103 2026-09-27 07:43 /models/weights/nllb-200-distilled-600M/.cache/huggingface/download/tokenizer_config.json.metadata
-rw-r--r--   1 root supergroup       1284 2026-09-27 07:43 /models/weights/nllb-200-distilled-600M/.gitattributes
-rw-r--r--   1 root supergroup       7667 2026-09-27 07:48 /models/weights/nllb-200-distilled-600M/README.md
-rw-r--r--   1 root supergroup        846 2026-09-27 07:43 /models/weights/nllb-200-distilled-600M/config.json
-rw-r--r--   1 root supergroup        189 2026-09-27 07:43 /models/weights/nllb-200-distilled-600M/generation_config.json
-rw-r--r--   1 root supergroup 2460457927 2026-09-27 07:48 /models/weights/nllb-200-distilled-600M/pytorch_model.bin
-rw-r--r--   1 root supergroup    4852054 2026-09-27 07:48 /models/weights/nllb-200-distilled-600M/sentencepiece.bpe.model
-rw-r--r--   1 root supergroup       3548 2026-09-27 07:48 /models/weights/nllb-200-distilled-600M/special_tokens_map.json
-rw-r--r--   1 root supergroup   17331176 2026-09-27 07:48 /models/weights/nllb-200-distilled-600M/tokenizer.json
-rw-r--r--   1 root supergroup        564 2026-09-27 07:48 /models/weights/nllb-200-distilled-600M/tokenizer_config.json

