 Container sim-ner-translate-server Creating 
 Container sim-ner-translate-server Created 
 Container sim-ner-translate-server Starting 
 Container sim-ner-translate-server Started 

docker : INFO:     Started server process [7]
At D:\pytorch-spark-inference-platform 1\deploy\airgap_sim_tests.ps1:151 char:13
+     $logs = docker logs sim-ner-translate-server 2>&1 | Out-String
+             ~~~~~~~~~~~~~~~~~~~~~~~~~~~~~~~~~~~~~~~~~
    + CategoryInfo          : NotSpecified: (INFO:     Started server process [7]:String) [], RemoteException
    + FullyQualifiedErrorId : NativeCommandError
 
INFO:     Waiting for application startup.
INFO:ner_translate.serve:Loading GLiNER + NLLB + language-id...
config.json not found in /model_cache/hdfs-namenode/models/weights/gliner-multi
WARNING:huggingface_hub.hub_mixin:config.json not found in /model_cache/hdfs-namenode/models/weights/gliner-multi
/usr/local/lib/python3.11/site-packages/transformers/convert_slow_tokenizer.py:558: UserWarning: The sentencepiece 
tokenizer that you are converting to a fast tokenizer uses the byte fallback option which is not implemented in the 
fast tokenizers. In practice this means that the fast version of the tokenizer can produce unknown tokens whereas the 
sentencepiece version would have converted these unknown tokens into a sequence of byte tokens matching the original 
piece of text.
  warnings.warn(
INFO:ner_translate.serve:Models loaded in 416.9s
INFO:     Application startup complete.
[ner_translate] model source: model store hdfs://hdfs-namenode:8020/models/weights
INFO:     Uvicorn running on http://0.0.0.0:8000 (Press CTRL+C to quit)
[model_store] fetched http://hdfs-namenode:9870/models/weights/gliner-multi -> /model_cache/hdfs-namenode/models/weights/gliner-multi  2311.7 MB in 118.3 s (20 MB/s)
[model_store] fetched http://hdfs-namenode:9870/models/weights/nllb-200-distilled-600M -> /model_cache/hdfs-namenode/models/weights/nllb-200-distilled-600M  2482.7 MB in 130.3 s (19 MB/s)
[model_store] fetched http://hdfs-namenode:9870/models/weights/hf_cache -> /model_cache/hdfs-namenode/models/weights/hf_cache  8.6 MB in 0.8 s (10 MB/s)
[ner_translate] offline HF cache: models--microsoft--mdeberta-v3-base -> /root/.cache/huggingface/hub
GPU detected: NVIDIA GeForce GTX 1650
GLiNER using fp16.
INFO:     127.0.0.1:40032 - "GET /health HTTP/1.1" 200 OK

+ FullyQualifiedErrorId : NativeCommandError
INFO:ner_translate.serve:Models loaded in 416.9s
[ner_translate] model source: model store hdfs://hdfs-namenode:8020/models/weights
[model_store] fetched http://hdfs-namenode:9870/models/weights/gliner-multi -> /model_cache/hdfs-namenode/models/weights/gliner-multi  2311.7 MB in 118.3 s (20 MB/s)
[model_store] fetched http://hdfs-namenode:9870/models/weights/nllb-200-distilled-600M -> /model_cache/hdfs-namenode/models/weights/nllb-200-distilled-600M  2482.7 MB in 130.3 s (19 MB/s)
[model_store] fetched http://hdfs-namenode:9870/models/weights/hf_cache -> /model_cache/hdfs-namenode/models/weights/hf_cache  8.6 MB in 0.8 s (10 MB/s)
GPU detected: NVIDIA GeForce GTX 1650
GLiNER using fp16.
sim-ner-translate-server 1.501GiB / 5.787GiB
sim-hdfs-datanode 416.5MiB / 5.787GiB
sim-hdfs-namenode 326.5MiB / 5.787GiB
