 Container sim-hdfs-datanode Stopping 
 Container sim-ner-cluster-worker Stopping 
 Container sim-ner-translate-server Stopping 
 Container sim-spark-worker Stopping 
 Container sim-ner-translate-server Stopped 
 Container sim-ner-translate-server Removing 
 Container sim-spark-worker Stopped 
 Container sim-spark-worker Removing 
 Container sim-spark-worker Removed 
 Container sim-spark-master Stopping 
 Container sim-ner-translate-server Removed 
 Container sim-spark-master Stopped 
 Container sim-spark-master Removing 
 Container sim-spark-master Removed 
 Container sim-hdfs-datanode Stopped 
 Container sim-hdfs-datanode Removing 
 Container sim-hdfs-datanode Removed 
 Container sim-hdfs-namenode Stopping 
 Container sim-ner-cluster-worker Stopped 
 Container sim-ner-cluster-worker Removing 
 Container sim-ner-cluster-worker Removed 
 Container sim-ner-cluster-master Stopping 
 Container sim-hdfs-namenode Stopped 
 Container sim-hdfs-namenode Removing 
 Container sim-hdfs-namenode Removed 
 Container sim-ner-cluster-master Stopped 
 Container sim-ner-cluster-master Removing 
 Container sim-ner-cluster-master Removed 
 Network airgap-sim_default Removing 
 Network airgap-sim_default Removed 

stopped (volumes kept: hdfs-name, hdfs-data, kitchen-cache, worker-cache)
