procs -----------memory---------- ---swap-- -----io---- -system-- ------cpu----- -----timestamp-----
 r  b   swpd   free   buff  cache   si   so    bi    bo   in   cs us sy id wa st                 UTC
 1  0      0 9830084 188360 21359788    0    0   142  3737  900 1201 12  2 81  5  0 2026-09-26 15:59:54
 1  0      0 9749512 188556 21376204    0    0     0  4416 2326 1859 11  1 88  0  0 2026-09-26 15:59:56
 1  0      0 9739500 189152 21428688    0    0     0  3894 1984 1452 11  1 87  0  0 2026-09-26 15:59:58
 5  0      0 9653404 189164 21428956    0    0     0   184 8323 6514 34  2 64  0  0 2026-09-26 16:00:00
 0  0      0 9620140 189164 21428956    0    0     0     0 1421 1712  4  0 95  0  0 2026-09-26 16:00:02
 0  0      0 9620140 189164 21428956    0    0     0     0  536 1059  0  0 100  0  0 2026-09-26 16:00:04
 0  0      0 9621512 189164 21428956    0    0     0    48  570 1108  0  0 100  0  0 2026-09-26 16:00:06
 0  0      0 9629908 189164 21428956    0    0     0     0  565 1103  0  0 100  0  0 2026-09-26 16:00:08
 0  0      0 9634976 189164 21428956    0    0     0     0  545 1065  0  0 100  0  0 2026-09-26 16:00:10
 0  0      0 9639052 189168 21428956    0    0     0    62  570 1089  0  0 100  0  0 2026-09-26 16:00:12
 0  0      0 9642044 189168 21428956    0    0     0     0  587 1134  0  0 100  0  0 2026-09-26 16:00:14
 0  0      0 9642056 189168 21428956    0    0     0     0  559 1080  0  0 100  0  0 2026-09-26 16:00:16
 0  0      0 9642056 189172 21428952    0    0     0     6  538 1055  0  0 100  0  0 2026-09-26 16:00:18
 0  0      0 9642056 189172 21428956    0    0     0     0  542 1065  0  0 100  0  0 2026-09-26 16:00:20
 0  0      0 9642056 189172 21428956    0    0     0     0  541 1055  0  0 100  0  0 2026-09-26 16:00:22
 0  0      0 9642056 189172 21428956    0    0     0     0  610 1171  0  0 100  0  0 2026-09-26 16:00:24
 0  0      0 9641804 189176 21428964    0    0     0   460  615 1109  0  0 100  0  0 2026-09-26 16:00:26
 0  0      0 9641804 189176 21428964    0    0     0     0  563 1082  0  0 100  0  0 2026-09-26 16:00:28
 0  0      0 9641328 189180 21428960    0    0     0 25236  815 1357  0  0 99  1  0 2026-09-26 16:00:30
 0  0      0 9641776 189180 21428968    0    0     0     0  573 1106  0  0 100  0  0 2026-09-26 16:00:32
 0  0      0 9641776 189180 21428968    0    0     0     0  538 1058  0  0 100  0  0 2026-09-26 16:00:34
procs -----------memory---------- ---swap-- -----io---- -system-- ------cpu----- -----timestamp-----
 r  b   swpd   free   buff  cache   si   so    bi    bo   in   cs us sy id wa st                 UTC
 0  0      0 9641776 189184 21428956    0    0     0   100  567 1087  0  0 100  0  0 2026-09-26 16:00:36
 0  0      0 9641776 189184 21428956    0    0     0     0  540 1055  0  0 100  0  0 2026-09-26 16:00:38
 0  0      0 9637996 189184 21428956    0    0     0     0  634 1151  0  0 100  0  0 2026-09-26 16:00:40
 0  0      0 9637996 189188 21428952    0    0     0    12  546 1065  0  0 100  0  0 2026-09-26 16:00:42
 0  0      0 9637996 189188 21428956    0    0     0     2  582 1145  0  0 100  0  0 2026-09-26 16:00:44
 0  0      0 9637996 189188 21428956    0    0     0     0  566 1083  0  0 100  0  0 2026-09-26 16:00:46
 0  0      0 9637932 189188 21428956    0    0     0     0  539 1067  0  0 100  0  0 2026-09-26 16:00:48
 0  0      0 9637932 189192 21428956    0    0     0     8  559 1066  0  0 100  0  0 2026-09-26 16:00:50
 0  0      0 9637932 189192 21428956    0    0     0     0  548 1065  0  0 100  0  0 2026-09-26 16:00:52
 0  0      0 9637932 189192 21428956    0    0     0     0  587 1129  0  0 100  0  0 2026-09-26 16:00:54
 0  0      0 9637932 189192 21428956    0    0     0    16  553 1074  0  0 100  0  0 2026-09-26 16:00:56
 0  0      0 9637932 189192 21428956    0    0     0     2  543 1061  0  0 100  0  0 2026-09-26 16:00:58
 0  0      0 9637932 189192 21428956    0    0     0     0  545 1064  0  0 100  0  0 2026-09-26 16:01:00
 0  0      0 9637932 189192 21428956    0    0     0   114  595 1103  0  0 100  0  0 2026-09-26 16:01:02
 0  0      0 9637932 189192 21428952    0    0     0     0  545 1068  0  0 100  0  0 2026-09-26 16:01:04
 0  0      0 9637932 189192 21428956    0    0     0     0  542 1066  0  0 100  0  0 2026-09-26 16:01:06
 1  0      0 9637932 189192 21428956    0    0     0     0  555 1082  0  0 100  0  0 2026-09-26 16:01:08
 0  0      0 9637932 189196 21428956    0    0     0    14  565 1090  0  0 100  0  0 2026-09-26 16:01:10
 0  0      0 9637932 189196 21428956    0    0     0    50  569 1084  0  0 100  0  0 2026-09-26 16:01:12
 0  0      0 9637932 189196 21428956    0    0     0     0  549 1078  0  0 100  0  0 2026-09-26 16:01:14
 0  0      0 9637932 189196 21428956    0    0     0     8  562 1090  0  0 100  0  0 2026-09-26 16:01:16
procs -----------memory---------- ---swap-- -----io---- -system-- ------cpu----- -----timestamp-----
 r  b   swpd   free   buff  cache   si   so    bi    bo   in   cs us sy id wa st                 UTC
 0  0      0 9637932 189196 21428956    0    0     0     0  543 1059  0  0 100  0  0 2026-09-26 16:01:18
 0  0      0 9637932 189196 21428956    0    0     0     0  567 1092  0  0 100  0  0 2026-09-26 16:01:20
 0  0      0 9637932 189200 21428952    0    0     0     6  544 1062  0  0 100  0  0 2026-09-26 16:01:22
 0  0      0 9637932 189200 21428956    0    0     0     0  575 1120  0  0 100  0  0 2026-09-26 16:01:24
 0  0      0 9637932 189200 21428956    0    0     0     6  594 1118  0  0 100  0  0 2026-09-26 16:01:26
 0  0      0 9637932 189200 21428956    0    0     0     0  556 1083  0  0 100  0  0 2026-09-26 16:01:28
 0  0      0 9637932 189204 21428956    0    0     0    12  591 1109  0  0 100  0  0 2026-09-26 16:01:30
 0  0      0 9637932 189204 21428956    0    0     0     4  584 1111  0  0 100  0  0 2026-09-26 16:01:32
 0  0      0 9645524 189204 21428956    0    0     0     8  570 1076  0  0 100  0  0 2026-09-26 16:01:34
 0  0      0 9645684 189204 21428956    0    0     0    14  546 1068  0  0 100  0  0 2026-09-26 16:01:36
 0  0      0 9645684 189204 21428956    0    0     0     0  546 1057  0  0 100  0  0 2026-09-26 16:01:38
 0  0      0 9645684 189204 21428956    0    0     0     2  550 1063  0  0 100  0  0 2026-09-26 16:01:40
 0  0      0 9645684 189208 21428952    0    0     0     6  540 1063  0  0 100  0  0 2026-09-26 16:01:42
 0  0      0 9645684 189208 21428956    0    0     0     0  545 1080  0  0 100  0  0 2026-09-26 16:01:44
 0  0      0 9645684 189208 21428956    0    0     0     0  554 1069  0  0 100  0  0 2026-09-26 16:01:46
 0  0      0 9645684 189212 21428952    0    0     0     8  550 1073  0  0 100  0  0 2026-09-26 16:01:48
 0  0      0 9645684 189212 21428956    0    0     0     0  546 1058  0  0 100  0  0 2026-09-26 16:01:50
 0  0      0 9645684 189212 21428956    0    0     0     0  547 1071  0  0 100  0  0 2026-09-26 16:01:52
 0  0      0 9645684 189212 21428956    0    0     0     0  552 1072  0  0 100  0  0 2026-09-26 16:01:54
 0  0      0 9646188 189216 21428956    0    0     0     6  580 1105  0  0 100  0  0 2026-09-26 16:01:56
 2  0      0 9646188 189216 21428956    0    0     0     6  544 1050  0  0 100  0  0 2026-09-26 16:01:58
procs -----------memory---------- ---swap-- -----io---- -system-- ------cpu----- -----timestamp-----
 r  b   swpd   free   buff  cache   si   so    bi    bo   in   cs us sy id wa st                 UTC
 0  0      0 9646188 189216 21428956    0    0     0     0  547 1067  0  0 100  0  0 2026-09-26 16:02:00
 0  0      0 9646188 189220 21428952    0    0     0    16  572 1093  0  0 100  0  0 2026-09-26 16:02:02
 1  0      0 9646188 189220 21428956    0    0     0     0  548 1066  0  0 100  0  0 2026-09-26 16:02:04
 0  0      0 9646188 189220 21428956    0    0     0     8  567 1091  0  0 100  0  0 2026-09-26 16:02:06
 0  0      0 9646188 189220 21428956    0    0     0    16  576 1107  0  0 100  0  0 2026-09-26 16:02:08
 0  0      0 9646188 189220 21428956    0    0     0     0  564 1099  0  0 100  0  0 2026-09-26 16:02:10
 0  0      0 9646188 189220 21428956    0    0     0     0  561 1094  0  0 100  0  0 2026-09-26 16:02:12
 0  0      0 9646188 189220 21428956    0    0     0    48  568 1091  0  0 100  0  0 2026-09-26 16:02:14
 0  0      0 9646188 189220 21428960    0    0     0     6  554 1077  0  0 100  0  0 2026-09-26 16:02:16
 0  0      0 9646188 189220 21428960    0    0     0     0  536 1054  0  0 100  0  0 2026-09-26 16:02:18
 0  0      0 9646188 189220 21428960    0    0     0     0  534 1049  0  0 100  0  0 2026-09-26 16:02:20
 0  0      0 9646188 189224 21428960    0    0     0     8  556 1074  0  0 100  0  0 2026-09-26 16:02:22
 0  0      0 9646188 189224 21428960    0    0     0     0  560 1088  0  0 100  0  0 2026-09-26 16:02:24
 0  0      0 9646188 189224 21428960    0    0     0     0  549 1075  0  0 100  0  0 2026-09-26 16:02:26
 0  0      0 9646188 189228 21428956    0    0     0    12  599 1101  0  0 100  0  0 2026-09-26 16:02:28
 0  0      0 9646188 189228 21428960    0    0     0     0  552 1084  0  0 100  0  0 2026-09-26 16:02:30
 0  0      0 9646188 189228 21428960    0    0     0     0  554 1081  0  0 100  0  0 2026-09-26 16:02:32
 0  0      0 9646188 189228 21428960    0    0     0     6  551 1060  0  0 100  0  0 2026-09-26 16:02:34
 0  0      0 9646188 189228 21428960    0    0     0    10  564 1095  0  0 100  0  0 2026-09-26 16:02:36
 0  0      0 9646188 189228 21428960    0    0     0    18  565 1068  0  0 100  0  0 2026-09-26 16:02:38
 0  0      0 9646188 189228 21428960    0    0     0     0  554 1068  0  0 100  0  0 2026-09-26 16:02:40
procs -----------memory---------- ---swap-- -----io---- -system-- ------cpu----- -----timestamp-----
 r  b   swpd   free   buff  cache   si   so    bi    bo   in   cs us sy id wa st                 UTC
 0  0      0 9646188 189228 21428960    0    0     0    10  542 1058  0  0 100  0  0 2026-09-26 16:02:42
 0  0      0 9646188 189228 21428960    0    0     0     0  551 1087  0  0 100  0  0 2026-09-26 16:02:44
 0  0      0 9646188 189228 21428960    0    0     0     0  552 1074  0  0 100  0  0 2026-09-26 16:02:46
 0  0      0 9646188 189228 21428960    0    0     0    10  548 1064  0  0 100  0  0 2026-09-26 16:02:48
 0  0      0 9646188 189228 21428960    0    0     0     0  543 1055  0  0 100  0  0 2026-09-26 16:02:50
 0  0      0 9646188 189228 21428960    0    0     0     0  548 1067  0  0 100  0  0 2026-09-26 16:02:52
 0  0      0 9646188 189228 21428960    0    0     0     0  548 1078  0  0 100  0  0 2026-09-26 16:02:54
 0  0      0 9646188 189228 21428960    0    0     0     6  548 1066  0  0 100  0  0 2026-09-26 16:02:56
 0  0      0 9646188 189228 21428960    0    0     0     0  540 1055  0  0 100  0  0 2026-09-26 16:02:58
 0  0      0 9646188 189228 21428960    0    0     0     6  553 1075  0  0 100  0  0 2026-09-26 16:03:00
 0  0      0 9646188 189228 21428960    0    0     0    10  565 1079  0  0 100  0  0 2026-09-26 16:03:02
 0  0      0 9646188 189228 21428960    0    0     0     6  549 1060  0  0 100  0  0 2026-09-26 16:03:04
 0  0      0 9646188 189228 21428960    0    0     0     0  554 1080  0  0 100  0  0 2026-09-26 16:03:06
 1  0      0 9591736 189248 21429028    0    0     0   134 3545 3659  9  1 89  0  0 2026-09-26 16:03:08
 1  0      0 9329768 189264 21431228    0    0     0     2 2338 1510 16  1 83  0  0 2026-09-26 16:03:10
 1  0      0 9313640 189264 21431228    0    0     0    50 1587 1087 12  0 87  0  0 2026-09-26 16:03:12
 1  0      0 9297512 189268 21431236    0    0     0   140 1873 1411 13  0 87  0  0 2026-09-26 16:03:14
 5  0      0 9162540 189272 21431464    0    0     0    16 3259 2543 18  1 81  0  0 2026-09-26 16:03:16
 5  0      0 9045056 189288 21431504    0    0     0     2 8365 8783 34  2 64  0  0 2026-09-26 16:03:18
 2  0      0 8674684 189332 21433532    0    0     0    86 9756 8446 55  3 42  0  0 2026-09-26 16:03:20
 2  0      0 8103908 189380 21435504    0    0     0   678 6727 5684 29  3 68  0  0 2026-09-26 16:03:22
procs -----------memory---------- ---swap-- -----io---- -system-- ------cpu----- -----timestamp-----
 r  b   swpd   free   buff  cache   si   so    bi    bo   in   cs us sy id wa st                 UTC
 0  0      0 8671608 189388 21435480    0    0     0   100 5789 4036 31  4 65  0  0 2026-09-26 16:03:24
 0  0      0 9487520 189388 21433852    0    0     0    16 1334 1774  2  1 97  0  0 2026-09-26 16:03:26
 0  0      0 9486752 189388 21433844    0    0     0     0  611 1145  0  0 100  0  0 2026-09-26 16:03:28
 1  0      0 9256428 189392 21433844    0    0     0    94 2108 1328 14  2 85  0  0 2026-09-26 16:03:30
 1  0      0 9248364 189392 21433844    0    0     0     0 1590 1104 12  0 87  0  0 2026-09-26 16:03:32
 1  0      0 9248364 189392 21433844    0    0     0     0 1574 1080 12  0 87  0  0 2026-09-26 16:03:34
 1  0      0 9231244 189396 21433876    0    0     0    38 2188 1719 13  1 87  0  0 2026-09-26 16:03:36
 5  0      0 9038764 189396 21433836    0    0     0     2 7959 8250 33  2 66  0  0 2026-09-26 16:03:38
 4  0      0 8674224 189396 21435684    0    0     0    32 10660 9584 54  3 43  0  0 2026-09-26 16:03:40
 2  0      0 8131824 189416 21437360    0    0     0   792 6868 5702 31  3 66  0  0 2026-09-26 16:03:42
 0  0      0 7673108 189416 21437380    0    0     0   160 4319 2449 26  3 70  0  0 2026-09-26 16:03:44
 0  0      0 8531596 189416 21435776    0    0     0    68 1770 2261  2  1 97  0  0 2026-09-26 16:03:46
 0  0      0 9517812 189416 21434228    0    0     0    80 1343 1773  2  1 97  0  0 2026-09-26 16:03:48
 0  0      0 9528164 189416 21434228    0    0     0    74  562 1081  0  0 100  0  0 2026-09-26 16:03:50
 1  0      0 9300352 189416 21434228    0    0     0    58 2113 1305 14  1 85  0  0 2026-09-26 16:03:52
 1  0      0 9295140 189416 21434228    0    0     0     6 1591 1106 12  0 87  0  0 2026-09-26 16:03:54
 1  0      0 9283364 189416 21434228    0    0     0     0 1592 1108 13  0 87  0  0 2026-09-26 16:03:56
 3  0      0 9220184 189416 21434260    0    0     0    32 2501 2031 13  1 86  0  0 2026-09-26 16:03:58
 1  0      0 9041784 189416 21434244    0    0     0    16 8144 8242 35  2 63  0  0 2026-09-26 16:04:00
 4  0      0 8611444 189416 21436032    0    0     0     0 10105 8509 55  3 42  0  0 2026-09-26 16:04:02
 2  0      0 8044612 189416 21437728    0    0     0   778 6587 5379 31  3 66  0  0 2026-09-26 16:04:04
procs -----------memory---------- ---swap-- -----io---- -system-- ------cpu----- -----timestamp-----
 r  b   swpd   free   buff  cache   si   so    bi    bo   in   cs us sy id wa st                 UTC
 0  0      0 8667460 189416 21435952    0    0     0    22 5146 3546 28  4 68  0  0 2026-09-26 16:04:06
 0  0      0 9576560 189424 21434424    0    0     0   138 1360 1791  2  1 97  0  0 2026-09-26 16:04:08
 0  0      0 9576560 189424 21434424    0    0     0    72  563 1090  0  0 100  0  0 2026-09-26 16:04:10
 1  0      0 9326076 189424 21434424    0    0     0    72 2154 1281 15  1 84  0  0 2026-09-26 16:04:12
 1  0      0 9309948 189424 21434424    0    0     0   102 1639 1156 12  0 87  0  0 2026-09-26 16:04:14
 1  0      0 9285756 189424 21434424    0    0     0     0 1607 1104 12  0 87  0  0 2026-09-26 16:04:16
 5  0      0 9165764 189428 21434456    0    0     0    32 2726 2088 15  1 84  0  0 2026-09-26 16:04:18
 4  0      0 8996564 189428 21434460    0    0     0    10 8328 8351 35  2 63  0  0 2026-09-26 16:04:20
 2  0      0 8210904 189428 21434612    0    0     0    10 9332 7457 52  4 45  0  0 2026-09-26 16:04:22
 1  0      0 8147956 189440 21435324    0    0     0    76 2805 2210 17  0 82  0  0 2026-09-26 16:04:24
 1  0      0 8147956 189444 21435324    0    0     0    98 1700 1301 13  0 87  0  0 2026-09-26 16:04:26
 1  0      0 7947640 189444 21435420    0    0     0     0 3500 2845 19  2 79  0  0 2026-09-26 16:04:28
 1  0      0 7456092 189444 21437104    0    0     0   104 8118 7090 41  3 56  0  0 2026-09-26 16:04:30
 4  0      0 6799676 189540 21463164    0    0     0    68 7365 6013 41  4 55  0  0 2026-09-26 16:04:32
 2  0      0 6216188 189608 21480508    0    0     0  1656 6480 4915 36  3 60  0  0 2026-09-26 16:04:34
 3  0      0 5914820 189608 21480704    0    0     0   154 5161 2453 38  3 59  0  0 2026-09-26 16:04:36
 0  0      0 5927568 189608 21480728    0    0     0     0 1360 1508  6  0 94  0  0 2026-09-26 16:04:38
 0  0      0 5930320 189608 21480728    0    0     0     0  655 1260  0  0 100  0  0 2026-09-26 16:04:40
 0  0      0 5930320 189608 21480732    0    0     0    20  657 1263  0  0 100  0  0 2026-09-26 16:04:42
 0  0      0 5930320 189608 21480732    0    0     0     0  687 1337  0  0 100  0  0 2026-09-26 16:04:44
 0  0      0 5930320 189608 21480732    0    0     0 19346  830 1418  0  0 99  0  0 2026-09-26 16:04:46
procs -----------memory---------- ---swap-- -----io---- -system-- ------cpu----- -----timestamp-----
 r  b   swpd   free   buff  cache   si   so    bi    bo   in   cs us sy id wa st                 UTC
 0  0      0 5930320 189608 21480732    0    0     0    42  681 1256  0  0 100  0  0 2026-09-26 16:04:48
 0  0      0 5930320 189608 21480732    0    0     0     0  651 1264  0  0 100  0  0 2026-09-26 16:04:50
 0  0      0 5930320 189612 21480732    0    0     0   140  656 1269  0  0 100  0  0 2026-09-26 16:04:52
 0  0      0 5930320 189612 21480732    0    0     0     2  666 1276  0  0 100  0  0 2026-09-26 16:04:54
 1  0      0 5951136 189612 21480752    0    0     0     0 2368 2040 14  1 86  0  0 2026-09-26 16:04:56
 0  0      0 9546020 189620 21436592    0    0     0    72 2586 2798  5  2 93  0  0 2026-09-26 16:04:58
 0  0      0 9549512 189620 21436576    0    0     0     8  556 1086  0  0 100  0  0 2026-09-26 16:05:00
 1  0      0 9336184 189620 21436576    0    0     0    10 1820 1293 11  1 88  0  0 2026-09-26 16:05:02
 1  0      0 9309492 189620 21436576    0    0     0    56 1582 1080 12  0 87  0  0 2026-09-26 16:05:04
 1  0      0 9289560 189620 21436576    0    0     0     0 1575 1083 12  0 87  0  0 2026-09-26 16:05:06
 1  0      0 9274920 189624 21436576    0    0     0    14 1615 1112 12  0 87  0  0 2026-09-26 16:05:08
 4  0      0 9110668 189624 21436576    0    0     0    18 6671 6749 26  2 72  0  0 2026-09-26 16:05:10
 4  0      0 8641136 189628 21436768    0    0     0   146 9198 8089 49  3 48  0  0 2026-09-26 16:05:12
 1  0      0 8159076 189628 21436728    0    0     0     0 6167 4771 33  2 64  0  0 2026-09-26 16:05:14
 1  0      0 8159076 189628 21436728    0    0     0     0 1856 1477 13  0 87  0  0 2026-09-26 16:05:16
 1  0      0 7935324 189636 21512500    0    0     0    38 2127 1811 13  1 86  0  0 2026-09-26 16:05:18
 2  0      0 7870560 189636 21438300    0    0     0     0 5552 4544 30  2 68  0  0 2026-09-26 16:05:20
 5  0      0 7181504 189636 21438548    0    0     0     0 7802 6073 42  4 55  0  0 2026-09-26 16:05:22
 2  0      0 6588240 189636 21465772    0    0     0  1068 6470 4960 29  3 68  0  0 2026-09-26 16:05:24
 2  0      0 5964644 189636 21467388    0    0     0   676 4696 3115 28  3 68  0  0 2026-09-26 16:05:26
 1  0      0 5709200 189636 21467460    0    0     0    14 6517 3466 49  3 49  0  0 2026-09-26 16:05:28
procs -----------memory---------- ---swap-- -----io---- -system-- ------cpu----- -----timestamp-----
 r  b   swpd   free   buff  cache   si   so    bi    bo   in   cs us sy id wa st                 UTC
 0  0      0 8501096 189636 21437924    0    0     0   102 2637 2897  7  2 91  0  0 2026-09-26 16:05:30
 0  0      0 9537016 189636 21436704    0    0    26    30  874 1275  0  0 100  0  0 2026-09-26 16:05:32
 1  0      0 9359356 189636 21436704    0    0     0    82 1588 1225  8  1 91  0  0 2026-09-26 16:05:34
 1  0      0 9294844 189636 21436704    0    0     0     6 1656 1206 12  1 87  0  0 2026-09-26 16:05:36
 1  0      0 9279220 189636 21436704    0    0     0    46 1613 1114 12  0 87  0  0 2026-09-26 16:05:38
 1  0      0 9263092 189636 21436704    0    0     0    12 1608 1132 13  0 87  0  0 2026-09-26 16:05:40
 2  0      0 9093764 189636 21436736    0    0     0   154 5248 4678 26  2 73  0  0 2026-09-26 16:05:42
 2  0      0 8835120 189636 21436820    0    0     0     2 8996 7857 48  3 50  0  0 2026-09-26 16:05:44
 1  0      0 8091604 189644 21438680    0    0     0    88 7122 5721 37  3 60  0  0 2026-09-26 16:05:46
 1  0      0 8091604 189644 21438680    0    0     0   114 1861 1480 13  0 87  0  0 2026-09-26 16:05:48
 1  0      0 8091604 189644 21438680    0    0     0     6 1691 1281 13  0 87  0  0 2026-09-26 16:05:50
 3  0      0 8128440 189644 21438720    0    0     0    24 3878 3172 20  2 78  0  0 2026-09-26 16:05:52
 1  0      0 8004696 189644 21438964    0    0     0     0 7596 5996 40  2 57  0  0 2026-09-26 16:05:54
 1  0      0 7164688 189644 21464852    0    0     0    78 7370 5869 37  4 59  0  0 2026-09-26 16:05:56
 2  0      0 6631352 189644 21468500    0    0     0  1654 5950 4324 33  3 64  0  0 2026-09-26 16:05:58
 5  0      0 6376456 189644 21468792    0    0     0     0 5293 2471 41  3 56  0  0 2026-09-26 16:06:00
 5  0      0 6326000 189644 21468828    0    0     0    94 3471 2428 23  1 77  0  0 2026-09-26 16:06:02
 0  0      0 9433484 189644 21437964    0    0     0    44 3617 3131 13  2 84  0  0 2026-09-26 16:06:04
 0  0      0 9442184 189644 21437732    0    0     0     0  553 1076  0  0 100  0  0 2026-09-26 16:06:06
 1  0      0 9263520 189644 21437732    0    0     0   202 1970 1331 12  1 87  0  0 2026-09-26 16:06:08
 1  0      0 9239076 189644 21437736    0    0     0     4 1596 1093 12  0 87  0  0 2026-09-26 16:06:10
procs -----------memory---------- ---swap-- -----io---- -system-- ------cpu----- -----timestamp-----
 r  b   swpd   free   buff  cache   si   so    bi    bo   in   cs us sy id wa st                 UTC
 1  0      0 9222948 189644 21437736    0    0     0    64 1592 1093 12  0 87  0  0 2026-09-26 16:06:12
 1  0      0 9193220 189644 21437736    0    0     0     4 1608 1136 12  0 87  0  0 2026-09-26 16:06:14
 2  0      0 8986984 189644 21437720    0    0     0    18 8228 8107 33  2 65  0  0 2026-09-26 16:06:16
 3  0      0 8561484 189652 21439412    0    0     0   978 9589 8015 51  3 45  0  0 2026-09-26 16:06:18
 1  0      0 8083508 189652 21439420    0    0     0     0 4269 3265 24  2 74  0  0 2026-09-26 16:06:20
 1  0      0 8083508 189656 21439420    0    0     0     8 1773 1370 13  0 87  0  0 2026-09-26 16:06:22
 2  0      0 7969880 189660 21439472    0    0     0    62 2415 2060 14  1 85  0  0 2026-09-26 16:06:24
 6  0      0 7992180 189660 21439496    0    0     0     0 5094 4038 28  1 70  0  0 2026-09-26 16:06:26
 1  0      0 7691980 189660 21452668    0    0     0     0 7942 6120 41  3 55  0  0 2026-09-26 16:06:28
 1  0      0 7034460 189664 21467236    0    0     0  1052 6331 4781 31  3 66  0  0 2026-09-26 16:06:30
 2  0      0 6413688 189664 21468656    0    0     0   674 4697 3046 29  3 68  0  0 2026-09-26 16:06:32
 3  0      0 6117420 189664 21468736    0    0     0    94 6976 3644 55  3 43  0  0 2026-09-26 16:06:34
 0  0      0 9433248 189664 21438048    0    0     0     0 2632 2545  7  2 91  0  0 2026-09-26 16:06:36
 0  0      0 9450840 189664 21438080    0    0     0    56  566 1097  0  0 100  0  0 2026-09-26 16:06:38
 1  0      0 9215484 189664 21438080    0    0     0   180 2067 1319 13  1 85  0  0 2026-09-26 16:06:40
 1  0      0 9207432 189664 21438080    0    0     0     0 1591 1096 12  0 87  0  0 2026-09-26 16:06:42
 1  0      0 9207196 189664 21438080    0    0     0     4 1621 1173 13  0 87  0  0 2026-09-26 16:06:44
 2  0      0 9170356 189668 21438080    0    0     0    12 1848 1331 12  0 87  0  0 2026-09-26 16:06:46
 1  0      0 9010600 189668 21438096    0    0     0   106 7996 8166 33  2 66  0  0 2026-09-26 16:06:48
 3  0      0 8598756 189668 21438268    0    0     0    24 9682 7935 53  3 44  0  0 2026-09-26 16:06:50
 1  0      0 8119788 189672 21438276    0    0     0    82 3930 2784 24  2 74  0  0 2026-09-26 16:06:52
procs -----------memory---------- ---swap-- -----io---- -system-- ------cpu----- -----timestamp-----
 r  b   swpd   free   buff  cache   si   so    bi    bo   in   cs us sy id wa st                 UTC
 1  0      0 8119788 189672 21438276    0    0     0    60 1816 1401 13  0 87  0  0 2026-09-26 16:06:54
 1  0      0 7933836 189676 21438332    0    0     0    42 2018 1608 12  1 86  0  0 2026-09-26 16:06:56
 5  0      0 8037716 189676 21438348    0    0     0     0 5315 4191 29  2 70  0  0 2026-09-26 16:06:58
 3  0      0 7579824 189676 21438708    0    0     0   104 7834 5912 44  3 53  0  0 2026-09-26 16:07:00
 1  0      0 7210732 189676 21465860    0    0     0  1074 7041 5938 33  3 64  0  0 2026-09-26 16:07:02
 7  0      0 7010156 189676 21466076    0    0     0     0 4018 2991 22  2 76  0  0 2026-09-26 16:07:04
 1  0      0 6858372 189676 21466148    0    0     0   126 4751 3423 25  1 74  0  0 2026-09-26 16:07:06
 0  0      0 9549288 189676 21438552    0    0     0    20 2424 2461  6  2 93  0  0 2026-09-26 16:07:08
 0  0      0 9549464 189676 21438552    0    0     0     0  594 1138  0  0 100  0  0 2026-09-26 16:07:10
 1  0      0 9297720 189684 21438552    0    0     0    98 2193 1295 15  1 84  0  0 2026-09-26 16:07:12
 1  0      0 9281340 189684 21438552    0    0     0     8 1612 1139 12  0 87  0  0 2026-09-26 16:07:14
 1  0      0 9257148 189684 21438552    0    0     0    82 1608 1120 12  0 87  0  0 2026-09-26 16:07:16
 1  0      0 9182900 189684 21438584    0    0     0    40 2410 1936 13  1 86  0  0 2026-09-26 16:07:18
 3  0      0 8978352 189684 21438584    0    0     0    14 7981 7589 37  2 62  0  0 2026-09-26 16:07:20
 0  0      0 8777772 189684 21440164    0    0     0     0 3920 3992 15  1 83  0  0 2026-09-26 16:07:22
 0  0      0 8709772 189692 21440168    0    0     0   174 2142 2414  5  0 94  0  0 2026-09-26 16:07:24
 0  0      0 8712936 189692 21440168    0    0     0     4 1190 1613  1  0 98  0  0 2026-09-26 16:07:26
 0  0      0 8900416 189692 21438540    0    0     0     0 2781 2778  4  1 95  0  0 2026-09-26 16:07:28
 0  0      0 9500468 189700 21438564    0    0     0    74  745 1184  0  0 100  0  0 2026-09-26 16:07:30
 1  0      0 9303908 189700 21438564    0    0     0     0 1749 1356  9  1 90  0  0 2026-09-26 16:07:32
 1  0      0 8946788 189700 21440464    0    0     0     4 1669 1272 11  2 87  0  0 2026-09-26 16:07:34
procs -----------memory---------- ---swap-- -----io---- -system-- ------cpu----- -----timestamp-----
 r  b   swpd   free   buff  cache   si   so    bi    bo   in   cs us sy id wa st                 UTC
 2  0      0 8698432 189700 21440912    0    0     0    76 7063 7086 29  2 69  0  0 2026-09-26 16:07:36
 4  0      0 7956112 189700 21642444    0    0     0    46 10075 9350 50  5 45  0  0 2026-09-26 16:07:38
 1  0      0 7534848 189700 21488136    0    0     0     2 9688 7196 50  5 45  0  0 2026-09-26 16:07:40
 2  0      0 6908012 189708 21535064    0    0     0 23026 5753 3596 21  4 75  0  0 2026-09-26 16:07:42
 4  0      0 5955796 189708 21537444    0    0     0     6 4271 2566 23  6 71  0  0 2026-09-26 16:07:44
 5  0      0 5462300 189708 21537452    0    0     0  4318 6240 2410 38 10 52  0  0 2026-09-26 16:07:46
 0  0      0 5707356 189716 21537460    0    0     0    64 1914 1440  8  0 92  0  0 2026-09-26 16:07:48
 0  0      0 9087552 189716 21443672    0    0     0    24 2778 2963  6  2 92  0  0 2026-09-26 16:07:50
 0  0      0 9101856 189716 21443672    0    0     0     0  567 1104  0  0 100  0  0 2026-09-26 16:07:52
 1  0      0 9079992 189728 21443672    0    0     0    94 1826 1353 10  1 89  0  0 2026-09-26 16:07:54
 1  0      0 8684800 189728 21443672    0    0     0   108 1676 1262 11  2 87  0  0 2026-09-26 16:07:56
 2  0      0 8514480 189728 21443612    0    0     0    18 7121 6992 29  2 69  0  0 2026-09-26 16:07:58
 7  0      0 7724288 189728 21645044    0    0     0    88 10019 8463 55  5 40  0  0 2026-09-26 16:08:00
 1  0      0 7406884 189728 21490804    0    0     0     0 9127 7422 46  4 51  0  0 2026-09-26 16:08:02
 2  0      0 6887876 189740 21537716    0    0     0 23012 5798 4297 22  4 74  0  0 2026-09-26 16:08:04
 4  0      0 6066912 189744 21537732    0    0     0  4276 4045 1757 23  7 69  0  0 2026-09-26 16:08:06
 7  0      0 6131496 189744 21537732    0    0     0     0 5879 2443 41  7 52  0  0 2026-09-26 16:08:08
 0  0      0 6051988 189744 21537748    0    0     0    74 4166 1938 28  5 67  0  0 2026-09-26 16:08:10
 0  0      0 6088084 189744 21537748    0    0     0 18776  755 1387  0  0 99  0  0 2026-09-26 16:08:12
 0  0      0 6109868 189744 21537748    0    0     0     0  851 1478  0  0 100  0  0 2026-09-26 16:08:14
 0  0      0 6153096 189744 21537748    0    0     0    30  664 1288  0  0 100  0  0 2026-09-26 16:08:16
procs -----------memory---------- ---swap-- -----io---- -system-- ------cpu----- -----timestamp-----
 r  b   swpd   free   buff  cache   si   so    bi    bo   in   cs us sy id wa st                 UTC
 0  0      0 6175792 189744 21537752    0    0     0     0  653 1261  0  0 100  0  0 2026-09-26 16:08:18
 0  0      0 6198916 189744 21537752    0    0     0    22  683 1288  0  0 100  0  0 2026-09-26 16:08:20
 1  0      0 8025008 189744 21490648    0    0     0    16 2359 2836  7  2 92  0  0 2026-09-26 16:08:22
 0  0      0 9460204 189744 21443972    0    0     0     0 1063 1378  0  1 99  0  0 2026-09-26 16:08:24
 1  0      0 9312480 189748 21443972    0    0     0    88 1515 1230  8  1 92  0  0 2026-09-26 16:08:26
 1  0      0 8951656 189748 21443972    0    0     0     0 1684 1311 11  2 87  0  0 2026-09-26 16:08:28
 1  0      0 8736976 189748 21443932    0    0     0   108 5855 5755 25  2 73  0  0 2026-09-26 16:08:30
 4  0      0 8107308 189756 21528676    0    0     0    56 9943 9063 51  4 46  0  0 2026-09-26 16:08:32
 1  0      0 7577644 189760 21491096    0    0     0     0 10406 8445 52  5 43  0  0 2026-09-26 16:08:34
 2  0      0 6936148 189792 21538028    0    0     0 22882 5772 4005 21  4 75  0  0 2026-09-26 16:08:36
 4  0      0 6008100 189792 21538044    0    0     0  4482 3758 1652 22  6 72  0  0 2026-09-26 16:08:38
 4  0      0 5616620 189792 21538060    0    0     0     0 6704 2523 41  8 51  0  0 2026-09-26 16:08:40
 0  0      0 7405728 189792 21444188    0    0     0 18888 3294 2943 14  2 84  0  0 2026-09-26 16:08:42
 0  0      0 8475132 189792 21444148    0    0     0     0  754 1221  0  0 100  0  0 2026-09-26 16:08:44
 1  0      0 8343844 189792 21444148    0    0     0     4 1621 1229  9  1 90  0  0 2026-09-26 16:08:46
 2  0      0 8184168 189792 21444148    0    0     0    60 1664 1272 11  2 87  0  0 2026-09-26 16:08:48
 2  0      0 8232208 189792 21444108    0    0     0    18 7079 7047 28  2 70  0  0 2026-09-26 16:08:50
 5  0      0 7493468 189792 21444344    0    0     0     8 9605 8520 51  4 45  0  0 2026-09-26 16:08:52
 1  0      0 6594368 189792 21444352    0    0     0    84 5225 3817 28  4 69  0  0 2026-09-26 16:08:54
 1  0      0 6617440 189792 21444352    0    0     0    10 1806 1395 13  0 87  0  0 2026-09-26 16:08:56
 1  0      0 6659012 189792 21444352    0    0     0     8 1689 1300 13  0 87  0  0 2026-09-26 16:08:58
procs -----------memory---------- ---swap-- -----io---- -system-- ------cpu----- -----timestamp-----
 r  b   swpd   free   buff  cache   si   so    bi    bo   in   cs us sy id wa st                 UTC
 1  0      0 6716980 189792 21444352    0    0     0    22 1678 1287 13  0 87  0  0 2026-09-26 16:09:00
 1  0      0 6729400 189792 21444352    0    0     0   144 1696 1280 13  0 87  0  0 2026-09-26 16:09:02
 1  0      0 6784136 189792 21444352    0    0     0     0 1668 1270 13  0 87  0  0 2026-09-26 16:09:04
 1  0      0 6648312 189796 21530492    0    0     0    68 1708 1342 12  1 87  0  0 2026-09-26 16:09:06
 1  0      0 6527616 189796 21444452    0    0     0     8 3684 3457 14  5 81  0  0 2026-09-26 16:09:08
 5  0      0 6036852 189796 21491008    0    0     0     0 5813 4977 31  3 66  0  0 2026-09-26 16:09:10
 6  0      0 4953796 189800 21491292    0    0     0  2378 8492 6405 34  5 61  0  0 2026-09-26 16:09:12
 4  0      0 3130172 189800 21491292    0    0     0     0 6221 3990 36  7 57  0  0 2026-09-26 16:09:14
 2  0      0 2517944 189808 21530040    0    0     0  8392 7747 3371 41  6 54  0  0 2026-09-26 16:09:16
 0  0      0 2277676 189856 21568672    0    0     0 20824 2945 1950 16  3 80  0  0 2026-09-26 16:09:18
 3  0      0 2019952 189888 21617888    0    0     0 23852 6776 4498 28  3 69  0  0 2026-09-26 16:09:20
 2  0      0 1141580 189892 21617892    0    0     0 10758 4114 2210 24  5 72  0  0 2026-09-26 16:09:22
 4  0      0 588588 189912 21617920    0    0     0     0 4108 1672 24  8 68  0  0 2026-09-26 16:09:24
 4  0      0 635716 189912 21617956    0    0     0     0 6582 2417 45  8 46  0  0 2026-09-26 16:09:26
 1  0      0 928060 189912 21617996    0    0     0    40 1779 1715  8  0 91  0  0 2026-09-26 16:09:28
 0  0      0 7785556 189912 21444480    0    0     0     0 3086 2759  8  4 88  0  0 2026-09-26 16:09:30
 0  0      0 7864656 189912 21444480    0    0     0    88  555 1088  0  0 100  0  0 2026-09-26 16:09:32
 1  0      0 7764692 189912 21444480    0    0     0     4 1893 1365 11  1 88  0  0 2026-09-26 16:09:34
 1  0      0 7228152 189912 21444488    0    0     0     0 1647 1233 11  2 87  0  0 2026-09-26 16:09:36
 2  0      0 7312288 189912 21444500    0    0     0   124 7861 7557 33  2 65  0  0 2026-09-26 16:09:38
 2  0      0 6454568 189916 21444712    0    0     0     0 9691 8727 47  5 48  0  0 2026-09-26 16:09:40
procs -----------memory---------- ---swap-- -----io---- -system-- ------cpu----- -----timestamp-----
 r  b   swpd   free   buff  cache   si   so    bi    bo   in   cs us sy id wa st                 UTC
 1  0      0 6021836 189916 21444720    0    0     0     2 4345 3424 23  3 75  0  0 2026-09-26 16:09:42
 1  0      0 6102304 189916 21444708    0    0     0   210 1848 1473 13  0 87  0  0 2026-09-26 16:09:44
 1  0      0 6125364 189916 21444708    0    0     0     6 1705 1311 13  0 87  0  0 2026-09-26 16:09:46
 1  0      0 6255704 189920 21444708    0    0     0   170 1691 1292 13  0 87  0  0 2026-09-26 16:09:48
 1  0      0 6268872 189920 21444708    0    0     0     0 1669 1276 13  0 87  0  0 2026-09-26 16:09:50
 1  0      0 6343688 189920 21444708    0    0     0     6 1677 1283 13  0 87  0  0 2026-09-26 16:09:52
 1  0      0 6116064 189924 21705180    0    0     0    26 1781 1467 11  2 87  0  0 2026-09-26 16:09:54
 3  0      0 5977712 189924 21444796    0    0     0     0 4505 4057 20  4 76  0  0 2026-09-26 16:09:56
 6  0      0 5237568 189928 21491320    0    0     0  4314 9148 7332 40  5 54  0  0 2026-09-26 16:09:58
 2  0      0 3913112 189928 21491572    0    0     0     0 6597 5028 34  6 60  0  0 2026-09-26 16:10:00
 4  0      0 2628460 189928 21530352    0    0     0     0 5847 3200 35  8 58  0  0 2026-09-26 16:10:02
 3  0      0 2032768 189956 21536764    0    0     0 27206 7871 2903 46  5 49  1  0 2026-09-26 16:10:04
 6  0      0 1977300 189968 21569104    0    0     0     0 1920 2236  7  1 93  0  0 2026-09-26 16:10:06
 2  0      0 1149556 189968 21618228    0    0     0 34608 7678 5252 29  5 65  1  0 2026-09-26 16:10:08
 2  0      0 800352 189972 21618224    0    0     0     0 3226 1550 22  3 75  0  0 2026-09-26 16:10:10
 4  0      0 515916 189976 21618280    0    0     0    56 5984 2035 38  9 52  0  0 2026-09-26 16:10:12
 2  0      0 6439596 186068 21343844    0    0     0     2 5551 3141 27  9 63  0  0 2026-09-26 16:10:14
 0  0      0 9195084 186068 21294752    0    0     0     0 1596 1680  3  1 96  0  0 2026-09-26 16:10:16
 1  0      0 9220484 186076 21294752    0    0     0    86  606 1122  0  0 100  0  0 2026-09-26 16:10:18
 1  0      0 8760356 186076 21294752    0    0     0     4 2613 1303 15  2 83  0  0 2026-09-26 16:10:20
 1  0      0 8534788 186076 21294792    0    0     0    16 4832 4721 21  2 77  0  0 2026-09-26 16:10:22
procs -----------memory---------- ---swap-- -----io---- -system-- ------cpu----- -----timestamp-----
 r  b   swpd   free   buff  cache   si   so    bi    bo   in   cs us sy id wa st                 UTC
 5  0      0 8346364 186076 21295004    0    0     0    68 9164 8364 47  2 51  0  0 2026-09-26 16:10:24
 1  0      0 7015312 186076 21340836    0    0     0     0 7763 6766 38  5 57  0  0 2026-09-26 16:10:26
 1  0      0 6663424 186076 21340836    0    0     0     0 1842 1480 12  1 87  0  0 2026-09-26 16:10:28
 1  0      0 6681816 186076 21340836    0    0     0   104 1694 1288 13  0 87  0  0 2026-09-26 16:10:30
 1  0      0 6705144 186076 21340836    0    0     0     0 1678 1280 13  0 87  0  0 2026-09-26 16:10:32
 1  0      0 6735712 186080 21340836    0    0     0   100 1678 1280 13  0 87  0  0 2026-09-26 16:10:34
 1  0      0 6764760 186080 21340896    0    0    30     0 1723 1317 13  0 87  1  0 2026-09-26 16:10:36
 1  0      0 6648824 186080 21427640    0    0     0   206 1724 1330 12  1 87  0  0 2026-09-26 16:10:38
 2  0      0 6493840 186084 21340964    0    0     0    24 3727 3495 14  5 81  0  0 2026-09-26 16:10:40
 6  0      0 7666776 186084 21340980    0    0     0     0 4701 3970 26  2 72  0  0 2026-09-26 16:10:42
 4  0      0 6514004 186084 21341276    0    0     0    10 7347 5351 31  5 64  0  0 2026-09-26 16:10:44
 3  0      0 4328524 186084 21341276    0    0     0    38 6619 4508 35  8 57  0  0 2026-09-26 16:10:46
 1  0      0 3649604 186084 21380104    0    0     0     0 7510 3189 43  6 52  0  0 2026-09-26 16:10:48
 0  0      0 3578168 186088 21418704    0    0     0   120 3358 1996 22  2 76  0  0 2026-09-26 16:10:50
 1  0      0 3406404 186088 21454872    0    0     0   980 6207 4533 22  2 76  0  0 2026-09-26 16:10:52
 2  0      0 2702484 186088 21468012    0    0     0 22870 4157 2523 24  3 73  0  0 2026-09-26 16:10:54
 4  0      0 2116196 186100 21468028    0    0     0   170 3690 1614 22  4 73  0  0 2026-09-26 16:10:56
 5  0      0 2045536 186100 21468064    0    0     0     0 7196 2599 46 10 44  0  0 2026-09-26 16:10:58
 0  0      0 6803088 186100 21342404    0    0     0 22976 5263 3247 26  7 67  0  0 2026-09-26 16:11:00
 0  0      0 9568268 186100 21295360    0    0     0    90 1818 1714  4  1 95  0  0 2026-09-26 16:11:02
 0  0      0 9584608 186100 21295360    0    0     0     6  555 1082  0  0 100  0  0 2026-09-26 16:11:04
procs -----------memory---------- ---swap-- -----io---- -system-- ------cpu----- -----timestamp-----
 r  b   swpd   free   buff  cache   si   so    bi    bo   in   cs us sy id wa st                 UTC
 1  1      0 9110440 186100 21295360    0    0     0    66 2593 1330 15  2 83  0  0 2026-09-26 16:11:06
 3  0      0 8853296 186100 21295400    0    0     0    18 4909 5081 19  2 78  0  0 2026-09-26 16:11:08
10  0      0 8597296 186100 21295576    0    0     0     2 8610 7999 42  2 56  0  0 2026-09-26 16:11:10
 1  0      0 7330680 186108 21341476    0    0     0   120 8696 7304 44  6 50  0  0 2026-09-26 16:11:12
 1  0      0 6822188 186108 21341476    0    0     0   152 1885 1605 11  1 87  0  0 2026-09-26 16:11:14
 1  0      0 6832232 186108 21341476    0    0     0     6 1696 1301 13  0 87  0  0 2026-09-26 16:11:16
 1  0      0 6839704 186108 21341476    0    0     0    28 1691 1265 13  0 87  0  0 2026-09-26 16:11:18
 1  0      0 6848936 186108 21341476    0    0     0     0 1679 1288 13  0 87  0  0 2026-09-26 16:11:20
 1  0      0 6901636 186108 21341476    0    0     0     0 1664 1274 13  0 87  0  0 2026-09-26 16:11:22
 1  0      0 6801940 186108 21384692    0    0     0    78 1740 1389 12  1 87  0  0 2026-09-26 16:11:24
 2  0      0 6459976 186108 21341540    0    0     0     0 3544 3441 13  5 82  0  0 2026-09-26 16:11:26
 6  0      0 7742516 186108 21341548    0    0     0     0 4310 3429 24  2 74  0  0 2026-09-26 16:11:28
 5  0      0 6741908 186108 21341764    0    0     0    82 7990 6008 34  4 61  0  0 2026-09-26 16:11:30
10  0      0 4524052 186108 21341764    0    0     0  4298 6571 4225 35  9 57  0  0 2026-09-26 16:11:32
 2  0      0 3858000 186124 21380448    0    0     0     0 7503 3220 38  6 57  0  0 2026-09-26 16:11:34
 0  0      0 3792432 186124 21419212    0    0     0 31324 3799 2236 25  2 73  1  0 2026-09-26 16:11:36
 4  0      0 3687904 186124 21421420    0    0     0  1024 5533 3872 23  2 75  0  0 2026-09-26 16:11:38
 2  0      0 2895408 186124 21468336    0    0     0 29536 4822 2925 24  4 72  1  0 2026-09-26 16:11:40
 4  0      0 2460208 186132 21468352    0    0     0     0 3537 1588 22  4 74  0  0 2026-09-26 16:11:42
 6  0      0 2253920 186132 21468424    0    0     0     0 7406 2862 43 10 46  0  0 2026-09-26 16:11:44
 0  0      0 9512908 186132 21295752    0    0     0    94 3628 3036  8  4 88  0  0 2026-09-26 16:11:46
procs -----------memory---------- ---swap-- -----io---- -system-- ------cpu----- -----timestamp-----
 r  b   swpd   free   buff  cache   si   so    bi    bo   in   cs us sy id wa st                 UTC
 1  0      0 9521352 186132 21295752    0    0     0     0  566 1105  0  0 100  0  0 2026-09-26 16:11:48
 1  0      0 9337404 186140 21295756    0    0     0    74 2104 1276 10  1 89  0  0 2026-09-26 16:11:50
 4  0      0 8934640 186140 21295764    0    0     0     0 1690 1266 11  2 87  0  0 2026-09-26 16:11:52
 2  0      0 8725504 186140 21295796    0    0     0    18 7990 7915 33  2 65  0  0 2026-09-26 16:11:54
 4  0      0 7806836 186144 21295912    0    0     0    82 10274 9334 51  5 44  0  0 2026-09-26 16:11:56
 1  0      0 6916352 186144 21295920    0    0     0     0 3524 2760 19  3 78  0  0 2026-09-26 16:11:58
 1  0      0 6923628 186148 21295920    0    0     0    58 1692 1286 13  0 87  0  0 2026-09-26 16:12:00
 1  0      0 6931200 186148 21295920    0    0     0     6 1702 1310 13  0 87  0  0 2026-09-26 16:12:02
 1  0      0 6936204 186148 21295920    0    0     0     0 1685 1289 13  0 87  0  0 2026-09-26 16:12:04
 1  0      0 6945820 186152 21295920    0    0     0   164 1694 1286 13  0 87  0  0 2026-09-26 16:12:06
 1  0      0 6955888 186152 21295940    0    0     8     0 1704 1319 13  0 87  0  0 2026-09-26 16:12:08
 3  0      0 6261604 186152 21642828    0    0     0   114 2693 2660 10  5 85  0  0 2026-09-26 16:12:10
 2  0      0 7985748 186156 21295996    0    0     0    62 3808 3190 19  2 79  0  0 2026-09-26 16:12:12
 1  0      0 7016968 186160 21296324    0    0     0     0 9387 7179 40  5 55  0  0 2026-09-26 16:12:14
 2  0      0 5178360 186160 21296368    0    0     0   134 6510 4668 34  7 59  0  0 2026-09-26 16:12:16
 3  0      0 3996580 186168 21334032    0    0     0   164 5732 3010 34  7 59  0  0 2026-09-26 16:12:18
 0  0      0 4140332 186184 21372540    0    0     0     0 6467 2535 36  2 62  0  0 2026-09-26 16:12:20
 3  0      0 4032508 186188 21374540    0    0     0 25756 3453 3012 13  1 86  0  0 2026-09-26 16:12:22
12  0      0 3525472 186188 21374804    0    0     0     0 5451 3773 26  3 71  0  0 2026-09-26 16:12:24
 1  0      0 7435144 186188 21297268    0    0     0     0 5323 4017 15  4 81  0  0 2026-09-26 16:12:26
 0  0      0 9539152 186188 21296000    0    0     0    88 1197 1505  2  1 97  0  0 2026-09-26 16:12:28
procs -----------memory---------- ---swap-- -----io---- -system-- ------cpu----- -----timestamp-----
 r  b   swpd   free   buff  cache   si   so    bi    bo   in   cs us sy id wa st                 UTC
 1  0      0 9515876 186188 21296000    0    0     0     0 1636 1151  6  0 94  0  0 2026-09-26 16:12:30
 1  0      0 9061664 186188 21296000    0    0     0     6 1671 1256 11  2 87  0  0 2026-09-26 16:12:32
 2  0      0 8819128 186192 21296040    0    0     0    76 5298 5303 23  2 75  0  0 2026-09-26 16:12:34
 1  0      0 8374548 186192 21363580    0    0     0     2 7777 7880 30  2 67  0  0 2026-09-26 16:12:36
 0  0      0 7938364 186200 21342064    0    0     0  4454 4486 4065 15  3 83  0  0 2026-09-26 16:12:38
 0  0      0 8101984 186200 21342064    0    0     0     0 2049 1793  1  0 98  0  0 2026-09-26 16:12:40
 0  0      0 8102232 186200 21342064    0    0     0 18776  740 1310  0  0 100  0  0 2026-09-26 16:12:42
 0  0      0 8024324 186200 21342072    0    0     0    20 2921 2611  4  1 95  0  0 2026-09-26 16:12:44
 1  0      0 8194424 186200 21342008    0    0     0     0 2640 2552  4  1 95  0  0 2026-09-26 16:12:46
 0  0      0 9632436 186200 21296116    0    0     0     0 1295 1451  2  1 98  0  0 2026-09-26 16:12:48
 1  0      0 9539236 186200 21296116    0    0     0    64 1706 1168  6  1 93  0  0 2026-09-26 16:12:50
 1  0      0 9008852 186200 21296116    0    0     0     6 1655 1259 11  2 87  0  0 2026-09-26 16:12:52
 3  0      0 8743508 186200 21296124    0    0     0    16 3931 3350 18  2 79  0  0 2026-09-26 16:12:54
 8  0      0 8517868 186200 21296276    0    0     0    62 8793 8892 39  2 59  0  0 2026-09-26 16:12:56
 2  0      0 6701052 186200 21869464    0    0     0    76 10525 9239 49  9 42  0  0 2026-09-26 16:12:58
 4  0      0 5563072 186200 21384524    0    0     0   124 8466 6458 28  8 64  0  0 2026-09-26 16:13:00
 2  0      0 5223740 186220 21474060    0    0     0 43456 8867 6825 26  4 69  1  0 2026-09-26 16:13:02
 2  0      0 4711404 186220 21474060    0    0     0  8374 3652 1638 22  4 74  0  0 2026-09-26 16:13:04
 7  0      0 4166468 186224 21474152    0    0     0   134 6107 2935 33  9 58  0  0 2026-09-26 16:13:06
 4  0      0 3627480 186224 21474164    0    0     0 35258 6077 3034 35  9 55  1  0 2026-09-26 16:13:08
 2  0      0 3278536 186224 21474164    0    0     0     0 5337 2679 29  9 62  0  0 2026-09-26 16:13:10
procs -----------memory---------- ---swap-- -----io---- -system-- ------cpu----- -----timestamp-----
 r  b   swpd   free   buff  cache   si   so    bi    bo   in   cs us sy id wa st                 UTC
 0  0      0 3375012 186228 21474164    0    0     0    52 1752 1557  5  4 91  0  0 2026-09-26 16:13:12
 0  0      0 3404892 186228 21474164    0    0     0     0  929 1565  0  0 100  0  0 2026-09-26 16:13:14
 1  0      0 6415368 186228 21384740    0    0     0    96 2203 2654  3  2 95  0  0 2026-09-26 16:13:16
 0  0      0 9469824 186228 21296516    0    0     0     4 1284 1546  2  1 96  0  0 2026-09-26 16:13:18
 8  0      0 9485072 186228 21296516    0    0     0     0  941 1155  3  0 97  0  0 2026-09-26 16:13:20
 1  0      0 9004024 186236 21296508    0    0     0    76 2311 1247 13  2 85  0  0 2026-09-26 16:13:22
 5  0      0 8721172 186236 21296556    0    0     0    16 3304 2526 16  2 82  0  0 2026-09-26 16:13:24
 9  0      0 8521500 186236 21296692    0    0     0     2 8710 8731 38  2 60  0  0 2026-09-26 16:13:26
 1  0      0 6774948 186240 21869772    0    0     0   102 10607 9358 48  9 43  0  0 2026-09-26 16:13:28
 4  0      0 5771100 186240 21385016    0    0     0     0 8895 7049 31  9 60  0  0 2026-09-26 16:13:30
 2  0      0 5177512 186244 21474304    0    0     0 43560 8173 6326 26  4 69  1  0 2026-09-26 16:13:32
 2  0      0 4709256 186252 21474296    0    0     0  8526 3677 1624 22  4 74  0  0 2026-09-26 16:13:34
 2  0      0 3914976 186252 21474332    0    0     0     0 5429 2185 29 10 61  0  0 2026-09-26 16:13:36
 2  0      0 3681136 186252 21474344    0    0     0   136 5594 2543 35  9 56  0  0 2026-09-26 16:13:38
 2  0      0 3279116 186252 21474344    0    0     0 35254 5342 2466 28 10 62  1  0 2026-09-26 16:13:40
 0  0      0 3307884 186252 21474344    0    0     0     0 1754 1412  5  4 91  0  0 2026-09-26 16:13:42
 0  0      0 3315056 186252 21474348    0    0     0    34  694 1324  0  0 100  0  0 2026-09-26 16:13:44
 0  0      0 5923460 186252 21385068    0    0     0    16 1947 2362  3  2 95  0  0 2026-09-26 16:13:46
 0  0      0 9328864 186252 21296844    0    0     0     8 1615 1966  3  1 95  0  0 2026-09-26 16:13:48
 0  0      0 9353704 186256 21296844    0    0     0   102  561 1098  0  0 100  0  0 2026-09-26 16:13:50
 1  0      0 9156124 186256 21296844    0    0     0     0 2206 1298 11  1 88  0  0 2026-09-26 16:13:52
procs -----------memory---------- ---swap-- -----io---- -system-- ------cpu----- -----timestamp-----
 r  b   swpd   free   buff  cache   si   so    bi    bo   in   cs us sy id wa st                 UTC
 1  0      0 8728808 186256 21296844    0    0     0     8 1689 1290 11  2 87  0  0 2026-09-26 16:13:54
 4  0      0 8588148 186260 21296828    0    0     0    78 6877 6355 30  2 68  0  0 2026-09-26 16:13:56
 2  0      0 8036740 186268 21385076    0    0     0    12 9904 9310 50  3 46  0  0 2026-09-26 16:13:58
 3  0      0 6961076 186268 21385172    0    0     0     0 7897 6342 34 10 57  0  0 2026-09-26 16:14:00
 3  0      0 5835756 186272 21385372    0    0     0   124 8059 5499 27  6 68  0  0 2026-09-26 16:14:02
 2  0      0 5065760 186288 21474488    0    0     0 49936 8027 5356 25  5 69  1  0 2026-09-26 16:14:04
 2  0      0 4497540 186292 21474544    0    0     8     4 3629 1580 22  4 73  0  0 2026-09-26 16:14:06
 3  0      0 3484936 186292 21474560    0    0     0   144 7777 2499 33 11 57  0  0 2026-09-26 16:14:08
 2  0      0 3102580 186292 21474572    0    0     0 37302 5487 2432 31  9 60  1  0 2026-09-26 16:14:10
 1  0      0 6191584 186292 21385564    0    0     0   104 3591 2942 11  7 83  0  0 2026-09-26 16:14:12
 0  0      0 9236624 186292 21297064    0    0     0     0 1643 1541  3  1 96  0  0 2026-09-26 16:14:14
 0  0      0 9317276 186292 21297056    0    0     0     4  994 1619  1  0 99  0  0 2026-09-26 16:14:16
 0  0      0 9347144 186296 21297068    0    0     0   110  712 1377  0  0 100  0  0 2026-09-26 16:14:18
 0  0      0 9396076 186296 21297052    0    0     0     0  621 1154  0  0 100  0  0 2026-09-26 16:14:20
 0  0      0 9425540 186296 21297052    0    0     0     0  549 1075  0  0 100  0  0 2026-09-26 16:14:22
 0  0      0 9457444 186296 21297052    0    0     0    30  626 1190  0  0 100  0  0 2026-09-26 16:14:24
 0  1      0 9472300 186300 21297436    0    0   180   124 2148 2284  6  1 90  3  0 2026-09-26 16:14:26
