WARNING: Using incubator modules: jdk.incubator.vector
26/09/26 17:25:52 WARN Shell: Did not find winutils.exe: java.io.FileNotFoundException: java.io.FileNotFoundException: HADOOP_HOME and hadoop.home.dir are unset. -see https://cwiki.apache.org/confluence/display/HADOOP2/WindowsProblems
Using Spark's default log4j profile: org/apache/spark/log4j2-defaults.properties
Setting default log level to "WARN".
To adjust logging level use sc.setLogLevel(newLevel). For SparkR, use setLogLevel(newLevel).
C:\Users\kkc24\AppData\Local\Programs\Python\Python312\Lib\site-packages\pyspark\testing\utils.py:127: FutureWarning: PySpark does not yet fully support pandas >= 3.0.0. Some features may not work correctly. It is recommended to use pandas < 3.0.0 for now.
  require_minimum_pandas_version()
26/09/26 17:25:53 WARN NativeCodeLoader: Unable to load native-hadoop library for your platform... using builtin-java classes where applicable
[Stage 0:>                                                          (0 + 1) / 4][Executor] host=LAPTOP-OU17PKM2, pid=2896, device=cpu, cuda=True, models_loaded=1, model_load_time=0.07s
[Stage 0:==============>                                            (1 + 1) / 4][Executor] host=LAPTOP-OU17PKM2, pid=7152, device=cpu, cuda=True, models_loaded=1, model_load_time=0.02s
[Stage 0:=============================>                             (2 + 1) / 4][Executor] host=LAPTOP-OU17PKM2, pid=28164, device=cpu, cuda=True, models_loaded=1, model_load_time=0.03s
[Stage 0:============================================>              (3 + 1) / 4][Executor] host=LAPTOP-OU17PKM2, pid=30496, device=cpu, cuda=True, models_loaded=1, model_load_time=0.02s
                                                                                {
  "mode": "distributed_cpu_only",
  "device_mode": "cpu_only",
  "elapsed_time": 21.011,
  "total_samples_processed": 20000,
  "total_throughput": 951.9,
  "per_model_processed": {
    "example_mlp": 20000
  },
  "num_partitions": 4,
  "num_models": 1,
  "batch_size": 256,
  "timestamp": "2026-09-26T17:26:22.552163"
}
Results written to results\example_mlp_20260926_172623.json
SUCCESS: The process with PID 18260 (child process of PID 29556) has been terminated.
SUCCESS: The process with PID 29556 (child process of PID 30244) has been terminated.
SUCCESS: The process with PID 30244 (child process of PID 16396) has been terminated.
