WARNING: Using incubator modules: jdk.incubator.vector
26/09/26 17:12:03 WARN Shell: Did not find winutils.exe: java.io.FileNotFoundException: java.io.FileNotFoundException: HADOOP_HOME and hadoop.home.dir are unset. -see https://cwiki.apache.org/confluence/display/HADOOP2/WindowsProblems
Using Spark's default log4j profile: org/apache/spark/log4j2-defaults.properties
Setting default log level to "WARN".
To adjust logging level use sc.setLogLevel(newLevel). For SparkR, use setLogLevel(newLevel).
C:\Users\kkc24\AppData\Local\Programs\Python\Python312\Lib\site-packages\pyspark\testing\utils.py:127: FutureWarning: PySpark does not yet fully support pandas >= 3.0.0. Some features may not work correctly. It is recommended to use pandas < 3.0.0 for now.
  require_minimum_pandas_version()
26/09/26 17:12:05 WARN NativeCodeLoader: Unable to load native-hadoop library for your platform... using builtin-java classes where applicable
[Stage 0:>                                                          (0 + 0) / 4][Stage 0:>                                                          (0 + 1) / 4][Executor] host=LAPTOP-OU17PKM2, pid=30904, device=cpu, cuda=True, models_loaded=10, model_load_time=4.55s
[Stage 0:>                                                          (0 + 2) / 4][Stage 0:==============>                                            (1 + 1) / 4][Executor] host=LAPTOP-OU17PKM2, pid=1344, device=cpu, cuda=True, models_loaded=10, model_load_time=5.29s
[Stage 0:=============================>                             (2 + 1) / 4][Executor] host=LAPTOP-OU17PKM2, pid=21700, device=cpu, cuda=True, models_loaded=10, model_load_time=5.18s
[Stage 0:============================================>              (3 + 1) / 4][Executor] host=LAPTOP-OU17PKM2, pid=29628, device=cpu, cuda=True, models_loaded=10, model_load_time=5.54s
                                                                                
================================================================================
  SPARK CLUSTER BENCHMARK
================================================================================

  CONFIGURATION:
  ─────────────────────────────────────────────────────────────
  Device Mode     : CPU_ONLY
  Partitions      : 4
  Signal Samples  : 3,000 (per model, 128-dim IQ vectors)
  Image Samples   : 100 (3x224x224 RGB tensors)
  Detection Imgs  : 30 (3x640x640 RGB tensors)
  ─────────────────────────────────────────────────────────────

  WHAT THIS MEASURES:
  ─────────────────────────────────────────────────────────────
  INPUT:    Synthetic sensor data fed into 10 ML models simultaneously
  PROCESS:  Spark distributes data chunks to executors across the cluster
            Each executor loads models → runs batch inference → returns count
  OUTPUT:   Throughput (samples/sec) = how fast the cluster processes data
  ─────────────────────────────────────────────────────────────

  [1/4] Loading model registry...
         Loaded 10 models
  [2/4] Generating synthetic data...
         15,360 samples, 483.2 MB
         Per-partition: ~121 MB
  [3/4] Connecting to Spark cluster...
         Master: local[2]
  [4/4] Running distributed inference (cpu_only mode)...

────────────────────────────────────────────────────────────────────────────────
  RESULTS — CPU_ONLY MODE
────────────────────────────────────────────────────────────────────────────────

  THROUGHPUT:
    Total Samples Processed : 15,360
    Elapsed Time            : 99.73 seconds
    ► Throughput            : 154 samples/second

  EXPLANATION:
    "Throughput" = total samples processed by ALL models across ALL executors
    divided by wall-clock time. Higher = better cluster utilization.

  PARTITION / TASK DETAIL:
  ────────────────────────────────────────────────────────────────────────────
  Part  Executor                            Device Samples  ModelLoad  Inference  Total   
  ────────────────────────────────────────────────────────────────────────────
  0     LAPTOP-OU17PKM2                     cpu    3839     4.55       4.11       4.11    
  1     LAPTOP-OU17PKM2                     cpu    3839     5.29       4.70       4.70    
  2     LAPTOP-OU17PKM2                     cpu    3839     5.18       5.65       5.65    
  3     LAPTOP-OU17PKM2                     cpu    3843     5.54       5.99       5.99    
  ────────────────────────────────────────────────────────────────────────────

  EXECUTOR SUMMARY:
  ────────────────────────────────────────────────────────────────────────────
  Executor                            Device Tasks  Samples    ModelLoad  InferTime  Throughput
  ────────────────────────────────────────────────────────────────────────────
  LAPTOP-OU17PKM2                     cpu    1      3,839      4.55       4.11       934/sec
  LAPTOP-OU17PKM2                     cpu    1      3,839      5.29       4.70       818/sec
  LAPTOP-OU17PKM2                     cpu    1      3,839      5.18       5.65       679/sec
  LAPTOP-OU17PKM2                     cpu    1      3,843      5.54       5.99       641/sec
  ────────────────────────────────────────────────────────────────────────────

  PER-MODEL SAMPLES PROCESSED:
  ────────────────────────────────────────
    anomaly_detector          : 3,000
    efficientnet_b0           : 100
    ew_classifier             : 3,000
    mobilenetv3               : 100
    resnet18                  : 100
    rf_fingerprinter          : 3,000
    signal_denoiser           : 3,000
    threat_prioritizer        : 3,000
    yolov8_nano               : 30
    yolov8_small              : 30
  ────────────────────────────────────────
    TOTAL                     : 15,360

  SPARK EXECUTOR METRICS (from REST API):
  ────────────────────────────────────────────────────────────────────────────
  ID    Host                                Cores  Tasks  Duration   GC Time  Memory
  ────────────────────────────────────────────────────────────────────────────
  ────────────────────────────────────────────────────────────────────────────

  KEY METRICS EXPLAINED:
  ─────────────────────────────────────────────────────────────
  ModelLoad  : Time to deserialize 10 model weights onto device (once per executor)
  Inference  : Time to run forward passes on all data batches
  Throughput : samples_processed / inference_time (per executor)
  Partitions : Data split into N chunks, 1 task per chunk
  Tasks      : Spark units of work, distributed across executors
  ─────────────────────────────────────────────────────────────

  Results saved: D:\pytorch-spark-inference-platform 1\results\cluster_benchmark_cpu_only_3000_20260926_171406.json
SUCCESS: The process with PID 15740 (child process of PID 7860) has been terminated.
SUCCESS: The process with PID 7860 (child process of PID 29260) has been terminated.
SUCCESS: The process with PID 29260 (child process of PID 24316) has been terminated.
