WARNING: Using incubator modules: jdk.incubator.vector
26/09/26 17:14:32 WARN Shell: Did not find winutils.exe: java.io.FileNotFoundException: java.io.FileNotFoundException: HADOOP_HOME and hadoop.home.dir are unset. -see https://cwiki.apache.org/confluence/display/HADOOP2/WindowsProblems
Using Spark's default log4j profile: org/apache/spark/log4j2-defaults.properties
Setting default log level to "WARN".
To adjust logging level use sc.setLogLevel(newLevel). For SparkR, use setLogLevel(newLevel).
C:\Users\kkc24\AppData\Local\Programs\Python\Python312\Lib\site-packages\pyspark\testing\utils.py:127: FutureWarning: PySpark does not yet fully support pandas >= 3.0.0. Some features may not work correctly. It is recommended to use pandas < 3.0.0 for now.
  require_minimum_pandas_version()
26/09/26 17:14:34 WARN NativeCodeLoader: Unable to load native-hadoop library for your platform... using builtin-java classes where applicable
[Stage 0:>                                                          (0 + 0) / 2][Stage 0:>                                                          (0 + 1) / 2][Executor] host=LAPTOP-OU17PKM2, pid=24496, device=cuda, cuda=True, models_loaded=10, model_load_time=6.03s
[W926 17:15:17.000000000 CUDACachingAllocator.cpp:3934] memory allocation failed with OOM on device 0 while trying to allocate 4330618880 bytes (free: 3323251918, total: 4294705152).
[W926 17:15:17.000000000 CUDACachingAllocator.cpp:3934] memory allocation failed with OOM on device 0 while trying to allocate 4330618880 bytes (free: 3325349070, total: 4294705152).
[W926 17:15:18.000000000 CUDACachingAllocator.cpp:3934] memory allocation failed with OOM on device 0 while trying to allocate 4127195136 bytes (free: 3285503182, total: 4294705152).
[W926 17:15:18.000000000 CUDACachingAllocator.cpp:3934] memory allocation failed with OOM on device 0 while trying to allocate 4127195136 bytes (free: 3325349070, total: 4294705152).
[Stage 0:>                                                          (0 + 2) / 2][Stage 0:=============================>                             (1 + 1) / 2][Executor] host=LAPTOP-OU17PKM2, pid=25552, device=cuda, cuda=True, models_loaded=10, model_load_time=5.29s
[W926 17:15:36.000000000 CUDACachingAllocator.cpp:3934] memory allocation failed with OOM on device 0 while trying to allocate 4330618880 bytes (free: 3323251918, total: 4294705152).
[W926 17:15:36.000000000 CUDACachingAllocator.cpp:3934] memory allocation failed with OOM on device 0 while trying to allocate 4330618880 bytes (free: 3325349070, total: 4294705152).
[W926 17:15:37.000000000 CUDACachingAllocator.cpp:3934] memory allocation failed with OOM on device 0 while trying to allocate 4127195136 bytes (free: 3285503182, total: 4294705152).
[W926 17:15:37.000000000 CUDACachingAllocator.cpp:3934] memory allocation failed with OOM on device 0 while trying to allocate 4127195136 bytes (free: 3325349070, total: 4294705152).
                                                                                
================================================================================
  SPARK CLUSTER BENCHMARK
================================================================================

  CONFIGURATION:
  ─────────────────────────────────────────────────────────────
  Device Mode     : GPU_ONLY
  Partitions      : 2
  Signal Samples  : 1,000 (per model, 128-dim IQ vectors)
  Image Samples   : 50 (3x224x224 RGB tensors)
  Detection Imgs  : 20 (3x640x640 RGB tensors)
  ─────────────────────────────────────────────────────────────

  WHAT THIS MEASURES:
  ─────────────────────────────────────────────────────────────
  INPUT:    Synthetic sensor data fed into 10 ML models simultaneously
  PROCESS:  Spark distributes data chunks to executors across the cluster
            Each executor loads models → runs batch inference → returns count
  OUTPUT:   Throughput (samples/sec) = how fast the cluster processes data
  ─────────────────────────────────────────────────────────────

  [1/4] Loading model registry...
         Loaded 10 models
  [2/4] Generating synthetic data...
         5,190 samples, 289.5 MB
         Per-partition: ~145 MB
  [3/4] Connecting to Spark cluster...
         Master: local[2]
  [4/4] Running distributed inference (gpu_only mode)...

────────────────────────────────────────────────────────────────────────────────
  RESULTS — GPU_ONLY MODE
────────────────────────────────────────────────────────────────────────────────

  THROUGHPUT:
    Total Samples Processed : 5,190
    Elapsed Time            : 41.01 seconds
    ► Throughput            : 127 samples/second

  EXPLANATION:
    "Throughput" = total samples processed by ALL models across ALL executors
    divided by wall-clock time. Higher = better cluster utilization.

  PARTITION / TASK DETAIL:
  ────────────────────────────────────────────────────────────────────────────
  Part  Executor                            Device Samples  ModelLoad  Inference  Total   
  ────────────────────────────────────────────────────────────────────────────
  0     LAPTOP-OU17PKM2                     cuda   2595     6.03       3.14       3.14    
  1     LAPTOP-OU17PKM2                     cuda   2595     5.29       1.83       1.83    
  ────────────────────────────────────────────────────────────────────────────

  EXECUTOR SUMMARY:
  ────────────────────────────────────────────────────────────────────────────
  Executor                            Device Tasks  Samples    ModelLoad  InferTime  Throughput
  ────────────────────────────────────────────────────────────────────────────
  LAPTOP-OU17PKM2                     cuda   1      2,595      6.03       3.14       827/sec
  LAPTOP-OU17PKM2                     cuda   1      2,595      5.29       1.83       1,421/sec
  ────────────────────────────────────────────────────────────────────────────

  PER-MODEL SAMPLES PROCESSED:
  ────────────────────────────────────────
    anomaly_detector          : 1,000
    efficientnet_b0           : 50
    ew_classifier             : 1,000
    mobilenetv3               : 50
    resnet18                  : 50
    rf_fingerprinter          : 1,000
    signal_denoiser           : 1,000
    threat_prioritizer        : 1,000
    yolov8_nano               : 20
    yolov8_small              : 20
  ────────────────────────────────────────
    TOTAL                     : 5,190

  SPARK EXECUTOR METRICS (from REST API):
  ────────────────────────────────────────────────────────────────────────────
  ID    Host                                Cores  Tasks  Duration   GC Time  Memory
  ────────────────────────────────────────────────────────────────────────────
  ────────────────────────────────────────────────────────────────────────────

  KEY METRICS EXPLAINED:
  ─────────────────────────────────────────────────────────────
  ModelLoad  : Time to deserialize 10 model weights onto device (once per executor)
  Inference  : Time to run forward passes on all data batches
  Throughput : samples_processed / inference_time (per executor)
  Partitions : Data split into N chunks, 1 task per chunk
  Tasks      : Spark units of work, distributed across executors
  ─────────────────────────────────────────────────────────────

  Results saved: D:\pytorch-spark-inference-platform 1\results\cluster_benchmark_gpu_only_1000_20260926_171542.json
SUCCESS: The process with PID 30856 (child process of PID 12184) has been terminated.
SUCCESS: The process with PID 12184 (child process of PID 32692) has been terminated.
SUCCESS: The process with PID 32692 (child process of PID 22864) has been terminated.
