WARNING: Using incubator modules: jdk.incubator.vector
26/09/26 17:34:37 WARN Shell: Did not find winutils.exe: java.io.FileNotFoundException: java.io.FileNotFoundException: HADOOP_HOME and hadoop.home.dir are unset. -see https://cwiki.apache.org/confluence/display/HADOOP2/WindowsProblems
Using Spark's default log4j profile: org/apache/spark/log4j2-defaults.properties
Setting default log level to "WARN".
To adjust logging level use sc.setLogLevel(newLevel). For SparkR, use setLogLevel(newLevel).
C:\Users\kkc24\AppData\Local\Programs\Python\Python312\Lib\site-packages\pyspark\testing\utils.py:127: FutureWarning: PySpark does not yet fully support pandas >= 3.0.0. Some features may not work correctly. It is recommended to use pandas < 3.0.0 for now.
  require_minimum_pandas_version()
26/09/26 17:34:39 WARN NativeCodeLoader: Unable to load native-hadoop library for your platform... using builtin-java classes where applicable
[Stage 0:>                                                          (0 + 0) / 2][Stage 0:>                                                          (0 + 1) / 2][Executor] host=LAPTOP-OU17PKM2, pid=30200, device=cuda, cuda=True, models_loaded=10, model_load_time=10.65s
[W926 17:35:46.000000000 CUDACachingAllocator.cpp:3934] memory allocation failed with OOM on device 0 while trying to allocate 2166358016 bytes (free: 3323251918, total: 4294705152).
[W926 17:35:46.000000000 CUDACachingAllocator.cpp:3934] memory allocation failed with OOM on device 0 while trying to allocate 2166358016 bytes (free: 3325349070, total: 4294705152).
26/09/26 17:35:48 ERROR Executor: Exception in task 0.0 in stage 0.0 (TID 0)
org.apache.spark.api.python.PythonException: [PYTHON_EXCEPTION] An exception was thrown from the Python worker: Traceback (most recent call last):
  File "C:\Users\kkc24\AppData\Local\Programs\Python\Python312\Lib\site-packages\pyspark\python\lib\pyspark.zip\pyspark\worker.py", line 3622, in main
    process()
  File "C:\Users\kkc24\AppData\Local\Programs\Python\Python312\Lib\site-packages\pyspark\python\lib\pyspark.zip\pyspark\worker.py", line 3612, in process
    serializer.dump_stream(out_iter, outfile)
  File "C:\Users\kkc24\AppData\Local\Programs\Python\Python312\Lib\site-packages\pyspark\python\lib\pyspark.zip\pyspark\serializers.py", line 257, in dump_stream
    vs = list(itertools.islice(iterator, batch))
         ^^^^^^^^^^^^^^^^^^^^^^^^^^^^^^^^^^^^^^^
  File "D:\pytorch-spark-inference-platform 1\inference\cluster_engine.py", line 274, in process_partition
    _ = model(batch_tensor)
        ^^^^^^^^^^^^^^^^^^^
  File "C:\Users\kkc24\AppData\Local\Programs\Python\Python312\Lib\site-packages\torch\nn\modules\module.py", line 1783, in _wrapped_call_impl
    return self._call_impl(*args, **kwargs)
           ^^^^^^^^^^^^^^^^^^^^^^^^^^^^^^^^
  File "C:\Users\kkc24\AppData\Local\Programs\Python\Python312\Lib\site-packages\torch\nn\modules\module.py", line 1794, in _call_impl
    return forward_call(*args, **kwargs)
           ^^^^^^^^^^^^^^^^^^^^^^^^^^^^^
  File "D:\pytorch-spark-inference-platform 1\models\image_models.py", line 38, in forward
    return self.model(x)
           ^^^^^^^^^^^^^
  File "C:\Users\kkc24\AppData\Local\Programs\Python\Python312\Lib\site-packages\torch\nn\modules\module.py", line 1783, in _wrapped_call_impl
    return self._call_impl(*args, **kwargs)
           ^^^^^^^^^^^^^^^^^^^^^^^^^^^^^^^^
  File "C:\Users\kkc24\AppData\Local\Programs\Python\Python312\Lib\site-packages\torch\nn\modules\module.py", line 1794, in _call_impl
    return forward_call(*args, **kwargs)
           ^^^^^^^^^^^^^^^^^^^^^^^^^^^^^
  File "C:\Users\kkc24\AppData\Local\Programs\Python\Python312\Lib\site-packages\torchvision\models\resnet.py", line 285, in forward
    return self._forward_impl(x)
           ^^^^^^^^^^^^^^^^^^^^^
  File "C:\Users\kkc24\AppData\Local\Programs\Python\Python312\Lib\site-packages\torchvision\models\resnet.py", line 278, in _forward_impl
    x = self.avgpool(x)
        ^^^^^^^^^^^^^^^
  File "C:\Users\kkc24\AppData\Local\Programs\Python\Python312\Lib\site-packages\torch\nn\modules\module.py", line 1783, in _wrapped_call_impl
    return self._call_impl(*args, **kwargs)
           ^^^^^^^^^^^^^^^^^^^^^^^^^^^^^^^^
  File "C:\Users\kkc24\AppData\Local\Programs\Python\Python312\Lib\site-packages\torch\nn\modules\module.py", line 1794, in _call_impl
    return forward_call(*args, **kwargs)
           ^^^^^^^^^^^^^^^^^^^^^^^^^^^^^
  File "C:\Users\kkc24\AppData\Local\Programs\Python\Python312\Lib\site-packages\torch\nn\modules\pooling.py", line 1514, in forward
    return F.adaptive_avg_pool2d(input, self.output_size)
           ^^^^^^^^^^^^^^^^^^^^^^^^^^^^^^^^^^^^^^^^^^^^^^
  File "C:\Users\kkc24\AppData\Local\Programs\Python\Python312\Lib\site-packages\torch\nn\functional.py", line 1453, in adaptive_avg_pool2d
    return torch._C._nn.adaptive_avg_pool2d(input, _output_size)
           ^^^^^^^^^^^^^^^^^^^^^^^^^^^^^^^^^^^^^^^^^^^^^^^^^^^^^
torch.AcceleratorError: CUDA error: out of memory
Search for `cudaErrorMemoryAllocation' in https://docs.nvidia.com/cuda/cuda-runtime-api/group__CUDART__TYPES.html for more information.

 SQLSTATE: 38000
	at org.apache.spark.api.python.BasePythonRunner$ReaderIterator.handlePythonException(PythonRunner.scala:665)
	at org.apache.spark.api.python.PythonRunner$$anon$3.read(PythonRunner.scala:1063)
	at org.apache.spark.api.python.PythonRunner$$anon$3.read(PythonRunner.scala:1045)
	at org.apache.spark.api.python.BasePythonRunner$ReaderIterator.hasNext(PythonRunner.scala:602)
	at org.apache.spark.InterruptibleIterator.hasNext(InterruptibleIterator.scala:37)
	at scala.collection.mutable.Growable.addAll(Growable.scala:61)
	at scala.collection.mutable.Growable.addAll$(Growable.scala:57)
	at scala.collection.mutable.ArrayBuilder.addAll(ArrayBuilder.scala:75)
	at scala.collection.IterableOnceOps.toArray(IterableOnce.scala:1528)
	at scala.collection.IterableOnceOps.toArray$(IterableOnce.scala:1521)
	at org.apache.spark.InterruptibleIterator.toArray(InterruptibleIterator.scala:28)
	at org.apache.spark.rdd.RDD.$anonfun$collect$2(RDD.scala:1073)
	at org.apache.spark.SparkContext.$anonfun$runJob$5(SparkContext.scala:2536)
	at org.apache.spark.scheduler.ResultTask.runTask(ResultTask.scala:93)
	at org.apache.spark.TaskContext.runTaskWithListeners(TaskContext.scala:206)
	at org.apache.spark.scheduler.Task.run(Task.scala:147)
	at org.apache.spark.executor.Executor$TaskRunner.$anonfun$run$4(Executor.scala:894)
	at org.apache.spark.util.SparkErrorUtils.tryWithSafeFinally(SparkErrorUtils.scala:86)
	at org.apache.spark.util.SparkErrorUtils.tryWithSafeFinally$(SparkErrorUtils.scala:83)
	at org.apache.spark.util.Utils$.tryWithSafeFinally(Utils.scala:97)
	at org.apache.spark.executor.Executor$TaskRunner.run(Executor.scala:897)
	at java.base/java.util.concurrent.ThreadPoolExecutor.runWorker(ThreadPoolExecutor.java:1136)
	at java.base/java.util.concurrent.ThreadPoolExecutor$Worker.run(ThreadPoolExecutor.java:635)
	at java.base/java.lang.Thread.run(Thread.java:840)
OpenJDK 64-Bit Server VM warning: INFO: os::commit_memory(0x00000006e1400000, 192937984, 0) failed; error='The paging file is too small for this operation to complete' (DOS error/errno=1455)
#
# There is insufficient memory for the Java Runtime Environment to continue.
# Native memory allocation (mmap) failed to map 192937984 bytes. Error detail: G1 virtual space
# An error report file with more information is saved as:
# D:\pytorch-spark-inference-platform 1\hs_err_pid7764.log
ERROR:root:Exception while sending command.
Traceback (most recent call last):
  File "C:\Users\kkc24\AppData\Local\Programs\Python\Python312\Lib\site-packages\py4j\clientserver.py", line 535, in send_command
    answer = smart_decode(self.stream.readline()[:-1])
                          ^^^^^^^^^^^^^^^^^^^^^^
  File "C:\Users\kkc24\AppData\Local\Programs\Python\Python312\Lib\socket.py", line 720, in readinto
    return self._sock.recv_into(b)
           ^^^^^^^^^^^^^^^^^^^^^^^
ConnectionResetError: [WinError 10054] An existing connection was forcibly closed by the remote host

During handling of the above exception, another exception occurred:

Traceback (most recent call last):
  File "C:\Users\kkc24\AppData\Local\Programs\Python\Python312\Lib\site-packages\py4j\java_gateway.py", line 1038, in send_command
    response = connection.send_command(command)
               ^^^^^^^^^^^^^^^^^^^^^^^^^^^^^^^^
  File "C:\Users\kkc24\AppData\Local\Programs\Python\Python312\Lib\site-packages\py4j\clientserver.py", line 566, in send_command
    raise Py4JNetworkError(
py4j.protocol.Py4JNetworkError: Error while sending or receiving

================================================================================
  SPARK CLUSTER BENCHMARK
================================================================================

  CONFIGURATION:
  ─────────────────────────────────────────────────────────────
  Device Mode     : GPU_ONLY
  Partitions      : 2
  Signal Samples  : 3,000 (per model, 128-dim IQ vectors)
  Image Samples   : 50 (3x224x224 RGB tensors)
  Detection Imgs  : 20 (3x640x640 RGB tensors)
  ─────────────────────────────────────────────────────────────

  WHAT THIS MEASURES:
  ─────────────────────────────────────────────────────────────
  INPUT:    Synthetic sensor data fed into 10 ML models simultaneously
  PROCESS:  Spark distributes data chunks to executors across the cluster
            Each executor loads models → runs batch inference → returns count
  OUTPUT:   Throughput (samples/sec) = how fast the cluster processes data
  ─────────────────────────────────────────────────────────────

  [1/4] Loading model registry...
         Loaded 10 models
  [2/4] Generating synthetic data...
         15,190 samples, 294.6 MB
         Per-partition: ~147 MB
  [3/4] Connecting to Spark cluster...
         Master: local[2]
  [4/4] Running distributed inference (gpu_only mode)...
Traceback (most recent call last):
  File "C:\Users\kkc24\AppData\Local\Programs\Python\Python312\Lib\site-packages\pyspark\core\rdd.py", line 1699, in collect
    sock_info = self.ctx._jvm.PythonRDD.collectAndServe(self._jrdd.rdd())
                ^^^^^^^^^^^^^^^^^^^^^^^^^^^^^^^^^^^^^^^^^^^^^^^^^^^^^^^^^
  File "C:\Users\kkc24\AppData\Local\Programs\Python\Python312\Lib\site-packages\py4j\java_gateway.py", line 1362, in __call__
    return_value = get_return_value(
                   ^^^^^^^^^^^^^^^^^
  File "C:\Users\kkc24\AppData\Local\Programs\Python\Python312\Lib\site-packages\pyspark\errors\exceptions\captured.py", line 251, in deco
    return f(*a, **kw)
           ^^^^^^^^^^^
  File "C:\Users\kkc24\AppData\Local\Programs\Python\Python312\Lib\site-packages\py4j\protocol.py", line 335, in get_return_value
    raise Py4JError(
py4j.protocol.Py4JError: An error occurred while calling z:org.apache.spark.api.python.PythonRDD.collectAndServe

During handling of the above exception, another exception occurred:

Traceback (most recent call last):
  File "D:\pytorch-spark-inference-platform 1\benchmark\cluster_benchmark.py", line 345, in <module>
    main()
  File "D:\pytorch-spark-inference-platform 1\benchmark\cluster_benchmark.py", line 341, in main
    run_single_test(args)
  File "D:\pytorch-spark-inference-platform 1\benchmark\cluster_benchmark.py", line 202, in run_single_test
    result = run_cluster_inference(
             ^^^^^^^^^^^^^^^^^^^^^^
  File "D:\pytorch-spark-inference-platform 1\inference\cluster_engine.py", line 299, in run_cluster_inference
    partition_results = data_rdd.mapPartitions(process_partition).collect()
                        ^^^^^^^^^^^^^^^^^^^^^^^^^^^^^^^^^^^^^^^^^^^^^^^^^^^
  File "C:\Users\kkc24\AppData\Local\Programs\Python\Python312\Lib\site-packages\pyspark\core\rdd.py", line 1697, in collect
    with SCCallSiteSync(self.context):
         ^^^^^^^^^^^^^^^^^^^^^^^^^^^^
  File "C:\Users\kkc24\AppData\Local\Programs\Python\Python312\Lib\site-packages\pyspark\traceback_utils.py", line 80, in __exit__
    self._context._jsc.setCallSite(None)
  File "C:\Users\kkc24\AppData\Local\Programs\Python\Python312\Lib\site-packages\py4j\java_gateway.py", line 1361, in __call__
    answer = self.gateway_client.send_command(command)
             ^^^^^^^^^^^^^^^^^^^^^^^^^^^^^^^^^^^^^^^^^
  File "C:\Users\kkc24\AppData\Local\Programs\Python\Python312\Lib\site-packages\py4j\java_gateway.py", line 1036, in send_command
    connection = self._get_connection()
                 ^^^^^^^^^^^^^^^^^^^^^^
  File "C:\Users\kkc24\AppData\Local\Programs\Python\Python312\Lib\site-packages\py4j\clientserver.py", line 284, in _get_connection
    connection = self._create_new_connection()
                 ^^^^^^^^^^^^^^^^^^^^^^^^^^^^^
  File "C:\Users\kkc24\AppData\Local\Programs\Python\Python312\Lib\site-packages\py4j\clientserver.py", line 291, in _create_new_connection
    connection.connect_to_java_server()
  File "C:\Users\kkc24\AppData\Local\Programs\Python\Python312\Lib\site-packages\py4j\clientserver.py", line 438, in connect_to_java_server
    self.socket.connect((self.java_address, self.java_port))
ConnectionRefusedError: [WinError 10061] No connection could be made because the target machine actively refused it
ERROR: The process "11248" not found.
