 Container sim-hdfs-datanode Stopping 
 Container sim-ner-translate-server Stopping 
 Container sim-spark-worker Stopping 
 Container sim-ner-cluster-worker Stopping 
 Container sim-ner-translate-server Stopped 
 Container sim-ner-translate-server Removing 
 Container sim-spark-worker Stopped 
 Container sim-spark-worker Removing 
 Container sim-ner-translate-server Removed 
 Container sim-spark-worker Removed 
 Container sim-spark-master Stopping 
 Container sim-spark-master Stopped 
 Container sim-spark-master Removing 
 Container sim-spark-master Removed 
 Container sim-hdfs-datanode Stopped 
 Container sim-hdfs-datanode Removing 
 Container sim-hdfs-datanode Removed 
 Container sim-hdfs-namenode Stopping 
 Container sim-ner-cluster-worker Stopped 
 Container sim-ner-cluster-worker Removing 
 Container sim-ner-cluster-worker Removed 
 Container sim-ner-cluster-master Stopping 
 Container sim-hdfs-namenode Stopped 
 Container sim-hdfs-namenode Removing 
 Container sim-hdfs-namenode Removed 
 Container sim-ner-cluster-master Stopped 
 Container sim-ner-cluster-master Removing 
 Container sim-ner-cluster-master Removed 
 Volume airgap-sim_hdfs-data Removing 
 Volume airgap-sim_kitchen-cache Removing 
 Volume airgap-sim_hdfs-name Removing 
 Volume airgap-sim_worker-cache Removing 
 Network airgap-sim_default Removing 
 Volume airgap-sim_hdfs-data Removed 
 Volume airgap-sim_kitchen-cache Removed 
 Volume airgap-sim_hdfs-name Removed 
 Network airgap-sim_default Removed 
 Volume airgap-sim_worker-cache Removed 

stopped + volumes removed
