Setting default log level to "WARN".
To adjust logging level use sc.setLogLevel(newLevel). For SparkR, use setLogLevel(newLevel).
26/09/26 13:38:26 WARN NativeCodeLoader: Unable to load native-hadoop library for your platform... using builtin-java classes where applicable
[Stage 0:>                                                          (0 + 1) / 4][Executor] host=adf6827a7a84, pid=4539, device=cpu, cuda=True, models_loaded=1, model_load_time=0.08s
[Stage 0:==============>                                            (1 + 1) / 4][Executor] host=adf6827a7a84, pid=4539, device=cpu, cuda=True, models_loaded=1, model_load_time=0.01s
[Executor] host=adf6827a7a84, pid=4539, device=cpu, cuda=True, models_loaded=1, model_load_time=0.01s
[Stage 0:=============================>                             (2 + 1) / 4][Executor] host=adf6827a7a84, pid=4539, device=cpu, cuda=True, models_loaded=1, model_load_time=0.01s
                                                                                {
  "mode": "distributed_cpu_only",
  "device_mode": "cpu_only",
  "elapsed_time": 7.7588,
  "total_samples_processed": 20000,
  "total_throughput": 2577.7,
  "per_model_processed": {
    "example_mlp": 20000
  },
  "num_partitions": 4,
  "num_models": 1,
  "batch_size": 256,
  "timestamp": "2026-09-26T13:38:40.635434"
}
Results written to results/example_mlp_20260926_133840.json
