{
  "host": "adf6827a7a84",
  "os": "Linux-6.18.33.2-microsoft-standard-WSL2-x86_64-with-glibc2.35",
  "python": "3.11.15",
  "torch": "2.6.0+cu126",
  "cuda": "12.6",
  "cudnn": 90501,
  "time": "2026-09-26 13:56:03"
}

==============================================================================
  1. CPU - ISA dispatch, SIMD registers, oneDNN JIT
==============================================================================
  platform                : Linux-6.18.33.2-microsoft-standard-WSL2-x86_64-with-glibc2.35
  machine                 : x86_64
  processor               : x86_64
  logical_cpus            : 8
  torch_cpu_capability    : AVX2
  mkldnn_available        : True
  torch_threads           : 4
  simd_flags              : ['sse', 'sse2', 'ssse3', 'fma', 'sse4_1', 'sse4_2', 'avx', 'f16c', 'avx2']

  What this means:
    torch_cpu_capability=AVX2 -> ATen's vectorized CPU kernels are compiled several
    times (DEFAULT/AVX2/AVX512) and the AVX2 copy is picked at runtime via CPUID.
    AVX2 = 16 x 256-bit YMM registers; one YMM holds 8 x fp32. With FMA3 a single
    VFMADD231PS does 8 multiply-adds -> 16 FLOP/instruction, 2 ports -> 32 FLOP/cycle/core.

  oneDNN verbose (10 lines) - the 'jit:avx2' / 'brg' field is the x86 code path chosen:
    onednn_verbose,info,oneDNN v3.5.3 (commit 66f0cb9eb66affd2da3bf5f8d897376f04aae6af)
    onednn_verbose,info,cpu,runtime:OpenMP,nthr:4
    onednn_verbose,info,cpu,isa:Intel AVX2
    onednn_verbose,info,gpu,runtime:none
    onednn_verbose,info,graph,backend,0:dnnl_backend
    onednn_verbose,primitive,info,template:operation,engine,primitive,implementation,prop_kind,memory_descriptors,attributes,auxiliary,problem_desc,exec_time
    onednn_verbose,graph,info,template:operation,engine,partition_id,partition_kind,op_names,data_formats,logical_tensors,fpmath_mode,backend,exec_time
    onednn_verbose,primitive,exec,cpu,reorder,jit:uni,undef,src_f32::blocked:abcd::f0 dst_f32::blocked:Acdb8a::f0,attr-scratchpad:user,,64x3x7x7,5.75293
    onednn_verbose,primitive,exec,cpu,convolution,jit:avx2,forward_training,src_f32:a:blocked:abcd::f0 wei_f32:a:blocked:Acdb8a::f0 bia_f32:a:blocked:a::f0 dst_f32:a:blocked:aBcd8b::f0,attr-scratchpad:user,alg:convolution_di
    onednn_verbose,primitive,exec,cpu,reorder,jit:blk,undef,src_f32::blocked:aBcd8b::f0 dst_f32::blocked:abcd::f0,attr-scratchpad:user,,8x64x112x112,113.386

  gcc -O3 -mavx2 -mfma of `s += a[i]*b[i]` (the inner loop of every Linear layer):
   	endbr64
   	movq	%rsi, %rcx
   	testl	%edx, %edx
   	jle	.L9
   	leal	-1(%rdx), %eax
   	cmpl	$6, %eax
   	jbe	.L10
   	movl	%edx, %esi
   	xorl	%eax, %eax
   	vxorps	%xmm0, %xmm0, %xmm0
   	shrl	$3, %esi
   	salq	$5, %rsi
   	vmovups	(%rdi,%rax), %ymm3
   	vfmadd231ps	(%rcx,%rax), %ymm3, %ymm0
   	addq	$32, %rax
   	cmpq	%rsi, %rax
   	jne	.L4
   	vextractf128	$0x1, %ymm0, %xmm1
   	movl	%edx, %eax
   	vaddps	%xmm0, %xmm1, %xmm0
   	andl	$-8, %eax
   	movl	%eax, %esi
   	vmovhlps	%xmm0, %xmm0, %xmm1
   	vaddps	%xmm0, %xmm1, %xmm1
   	vshufps	$85, %xmm1, %xmm1, %xmm0
   	vaddps	%xmm1, %xmm0, %xmm0
   	cmpl	%eax, %edx
   	je	.L14
   	vzeroupper
   	movl	%edx, %r8d
   	subl	%eax, %r8d
   	leal	-1(%r8), %r9d
   	cmpl	$2, %r9d
   	jbe	.L7
   	vmovups	(%rdi,%rax,4), %xmm4
   	vmulps	(%rcx,%rax,4), %xmm4, %xmm1
   	movl	%r8d, %eax
   	andl	$-4, %eax
   	addl	%eax, %esi
   	vmovhlps	%xmm1, %xmm1, %xmm2

==============================================================================
  2. BITS - how one input sample is stored
==============================================================================
  EW signal batch: shape=[4, 128] stride=[128, 1] (2048 bytes, data_ptr=0xfcd44e0, 64B-aligned=False)

  IEEE-754 fp32 = [1 sign][8 exponent, bias 127][23 mantissa]:
    +0.10284512  0x3dd2a076  0 01111011 10100101010000001110110  = (-1)^0*1.52a076h*2^(123-127)  | fp16 +0.102844  bf16 +0.103027
    +0.15720458  0x3e20fa3d  0 01111100 01000001111101000111101  = (-1)^0*1.20fa3dh*2^(124-127)  | fp16 +0.157227  bf16 +0.157227
    +0.12035759  0x3df67e0a  0 01111011 11101100111111000001010  = (-1)^0*1.767e0ah*2^(123-127)  | fp16 +0.120361  bf16 +0.120117
    +0.10617970  0x3dd974be  0 01111011 10110010111010010111110  = (-1)^0*1.5974beh*2^(123-127)  | fp16 +0.106201  bf16 +0.105957
    +0.10612669  0x3dd958f3  0 01111011 10110010101100011110011  = (-1)^0*1.5958f3h*2^(123-127)  | fp16 +0.106140  bf16 +0.105957
    +0.11295056  0x3de752a0  0 01111011 11001110101001010100000  = (-1)^0*1.6752a0h*2^(123-127)  | fp16 +0.112976  bf16 +0.112793

  First 64 bytes of the tensor's storage (little-endian, 4 bytes per fp32):
    0000  76 a0 d2 3d 3d fa 20 3e 0a 7e f6 3d be 74 d9 3d  v..==. >.~.=.t.=
    0010  f3 58 d9 3d a0 52 e7 3d 0a 14 e3 3d 73 fd f6 3d  .X.=.R.=...=s..=
    0020  39 e9 f7 3d 50 09 f3 3d be 9b 0f 3e 0d 89 10 3e  9..=P..=...>...>
    0030  a3 36 9b 3d 8f aa ff 3d 21 36 e1 3d 83 77 e1 3d  .6.=...=!6.=.w.=

  Image tensor NCHW stride=(150528, 50176, 224, 1)  channels_last stride=(150528, 1, 672, 3)
    NCHW: all 50176 R pixels, then G, then B.  NHWC: R,G,B of pixel 0, then pixel 1...

==============================================================================
  3. GPU - streaming multiprocessors, registers, caches, clocks, bus
==============================================================================
  L2_cache_size                   : 1048576
  gcnArchName                     : NVIDIA GeForce GTX 1650
  is_integrated                   : 0
  is_multi_gpu_board              : 0
  major                           : 7
  max_threads_per_multi_processor : 1024
  minor                           : 5
  multi_processor_count           : 16
  name                            : NVIDIA GeForce GTX 1650
  regs_per_multiprocessor         : 65536
  total_memory                    : 4294705152
  uuid                            : 3125ad49-c215-cd77-ba55-cdf4f6361d59
  warp_size                       : 32
  pcie_gen_cur                    : 3
  pcie_gen_max                    : 3
  pcie_width_cur                  : 16
  pcie_width_max                  : 16
  sm_clock_max_mhz                : 2100
  mem_clock_max_mhz               : 4001
  sm_clock_now_mhz                : 300
  mem_clock_now_mhz               : 405
  power_limit_w                   : [N/A]
  driver                          : 610.62
  pstate                          : P8
  temp_c                          : 57

  Derived:
    compute capability 7.5  ->  16 SMs x 64 FP32 lanes = 1024 'CUDA cores'
    Each SM: 4 warp schedulers; a warp = 32 threads executing one instruction (SIMT).
    Register file per SM = 65536 x 32-bit registers, shared by all resident threads:
      a kernel using R regs/thread can keep at most floor(65536/(R*32)) warps per SM.
    FP32 peak = SMs*lanes*2(FMA)*clock = 4.30 TFLOPS at 2100 MHz
    DRAM peak = mem_clock*2*bus/8     = 128.0 GB/s  (128-bit bus)
    PCIe Gen3 x16 = 15.76 GB/s per direction (128b/130b encoding)

==============================================================================
  4. BUS - PCIe copies, DRAM bandwidth, launch latency, SGEMM
==============================================================================
        size   H2D pageable   H2D pinned   D2H pageable   D2H pinned   (GB/s)
     0.004MB           0.06         0.12           0.06         0.20
     0.064MB           1.61         3.16           0.83         3.33
     1.000MB           3.08        10.12           1.63         8.41
     4.000MB           3.73         6.75           2.18         8.74
    16.000MB           1.98         8.29           1.70         4.67
    64.000MB           2.99         9.07           2.80         8.23
   256.000MB           2.27         9.40           2.58         6.76

    pageable: the driver first memcpy's your buffer into its own pinned staging
      buffer (CPU does this, cache-line by cache-line), then the GPU's copy engine
      DMAs it across PCIe. pinned (page-locked): the copy engine DMAs straight
      from your physical pages -> close to PCIe line rate. Tiny copies are
      latency-bound (~10 us of driver + doorbell + DMA descriptor setup).
  Device DRAM (D2D copy, read+write): 109.4 GB/s
  Kernel launch: enqueue 245.6 us/launch (CPU side), 245.7 us/launch incl. GPU drain, 234.3 us round-trip with sync
  GEMM 2048^3 torch.float32 : 2.60 TFLOPS
  GEMM 2048^3 torch.float16 : 0.40 TFLOPS

==============================================================================
  5. KERNELS - every CUDA kernel the models launch (CUPTI via torch.profiler)
==============================================================================

  --- ew_classifier: input [256, 128] -> 20 kernels, 7 memcpy, 33 CUDA runtime calls. Chrome trace: results/campaign_20260926/wsl2_docker/lowlevel/trace_ew_classifier.json
       us           grid        block regs   smem  occ%  kernel
     82.2      [2, 8, 1]  [256, 1, 1]  134  43008    25  volta_sgemm_128x32_sliced1x4_tn
      7.4      [1, 1, 1]  [128, 1, 1]   20      0     1  void at::native::vectorized_elementwise_kernel<4, at::native::(anonymous namespace)::batch
     18.7      [8, 1, 1]  [32, 16, 1]   36      0    25  void at::native::batch_norm_transform_input_channels_last_kernel<float, float, float, 4>(f
      9.5    [128, 1, 1]  [128, 1, 1]   22      0   100  void at::native::vectorized_elementwise_kernel<4, at::native::(anonymous namespace)::launc
    344.2      [4, 8, 4]  [256, 1, 1]   57  16384   100  volta_sgemm_128x32_tn
      7.0      [1, 1, 1]  [128, 1, 1]   20      0     1  void at::native::vectorized_elementwise_kernel<4, at::native::(anonymous namespace)::batch
     88.2     [16, 1, 1]  [32, 16, 1]   36      0    50  void at::native::batch_norm_transform_input_channels_last_kernel<float, float, float, 4>(f
     27.7    [256, 1, 1]  [128, 1, 1]   22      0   100  void at::native::vectorized_elementwise_kernel<4, at::native::(anonymous namespace)::launc
    325.8      [8, 8, 2]  [128, 1, 1]   86  32768    25  volta_sgemm_32x32_sliced1x4_tn
     57.9     [8, 16, 1]  [32, 16, 1]   44      0   100  void cublasLt::splitKreduce_kernel<32, 16, int, float, float, float, false, float, float, 
      7.5      [1, 1, 1]  [128, 1, 1]   20      0     1  void at::native::vectorized_elementwise_kernel<4, at::native::(anonymous namespace)::batch
     35.6      [8, 1, 1]  [32, 16, 1]   36      0    25  void at::native::batch_norm_transform_input_channels_last_kernel<float, float, float, 4>(f
      9.6    [128, 1, 1]  [128, 1, 1]   22      0   100  void at::native::vectorized_elementwise_kernel<4, at::native::(anonymous namespace)::launc
     88.4      [4, 8, 1]  [128, 1, 1]   86  32768    25  volta_sgemm_32x32_sliced1x4_tn
      6.7      [1, 1, 1]  [128, 1, 1]   20      0     1  void at::native::vectorized_elementwise_kernel<4, at::native::(anonymous namespace)::batch
     24.3      [4, 1, 1]  [32, 16, 1]   36      0    13  void at::native::batch_norm_transform_input_channels_last_kernel<float, float, float, 4>(f
      7.2     [64, 1, 1]  [128, 1, 1]   22      0    50  void at::native::vectorized_elementwise_kernel<4, at::native::(anonymous namespace)::launc
     44.8      [2, 8, 1]  [128, 1, 1]   86  32768    13  volta_sgemm_32x32_sliced1x4_tn
      6.2     [32, 1, 1]  [128, 1, 1]   22      0    25  void at::native::vectorized_elementwise_kernel<4, at::native::(anonymous namespace)::launc
     24.9      [1, 8, 1]  [128, 1, 1]   86  32768     6  volta_sgemm_32x32_sliced1x4_tn
     44.1                                                Memcpy HtoD (Pageable -> Device) 131072 bytes @ 2.97 GB/s
      6.4                                                Memcpy DtoD (Device -> Device) 1024 bytes @ 0.16 GB/s
      0.8                                                Memset (Device) 128 bytes @ 0.15 GB/s
      9.3                                                Memcpy DtoD (Device -> Device) 2048 bytes @ 0.22 GB/s
      9.4                                                Memcpy DtoD (Device -> Device) 1024 bytes @ 0.11 GB/s
      6.3                                                Memcpy DtoD (Device -> Device) 512 bytes @ 0.08 GB/s
      5.0                                                Memcpy DtoH (Device -> Pageable) 8192 bytes @ 1.65 GB/s
  CUDA runtime/driver API calls (CPU side): {'cudaMemcpyAsync': 6, 'cudaStreamSynchronize': 2, 'cudaLaunchKernel': 20, 'cudaMemsetAsync': 1, 'cudaOccupancyMaxActiveBlocksPerMultiprocessor': 2, 'cudaDeviceSynchronize': 2}
  Dispatch chain inside the first aten::linear (host timeline):
    +    0.0us  1771.7us  [cpu_op] aten::linear
    +   59.8us   693.8us  [cpu_op] aten::t
    +  126.7us   617.4us  [cpu_op] aten::transpose
    +  728.7us    10.4us  [cpu_op] aten::as_strided
    +  808.4us   877.8us  [cpu_op] aten::addmm
    +  948.7us    21.5us  [cpu_op] aten::empty
    + 1197.4us   463.5us  [cuda_runtime] cudaLaunchKernel
    -> GPU kernels launched by it (matched by CUPTI correlation id): ['volta_sgemm_128x32_sliced1x4_tn']

  --- resnet18: input [8, 3, 224, 224] -> 109 kernels, 2 memcpy, 144 CUDA runtime calls. Chrome trace: results/campaign_20260926/wsl2_docker/lowlevel/trace_resnet18.json
       us           grid        block regs   smem  occ%  kernel
      2.1     [50, 1, 1]  [256, 1, 1]   16      0    78  void cask__5x_cudnn::computeOffsetsKernel<false, false>(cask__5x_cudnn::ComputeOffsetsPara
    817.5    [784, 1, 1]  [128, 1, 1]  128  16384    50  _5x_cudnn_volta_scudnn_128x64_relu_medium_nn_v1
    471.9     [64, 8, 1]  [512, 1, 1]   16      0   100  void cudnn::bn_fw_inf_1C11_kernel_NCHW<float, float, true, 1>(float, float, cudnnTensorStr
    460.0  [12544, 1, 1]  [128, 1, 1]   22      0   100  void at::native::vectorized_elementwise_kernel<4, at::native::(anonymous namespace)::launc
    411.7   [6272, 1, 1]  [256, 1, 1]   25      0   100  void at::native::(anonymous namespace)::max_pool_forward_nchw<float>(int, float const*, lo
      4.6     [2, 16, 1]   [32, 4, 1]   56   8704    25  void cudnn::winograd::generateWinogradTilesKernel<0, float, float>(cudnn::winograd::Genera
    645.3     [16, 7, 4]  [256, 1, 1]  126  49152    25  _5x_cudnn_volta_scudnn_winograd_128x128_ldg1_ldg4_relu_tile148t_nt_v1
    117.7     [64, 8, 1]  [512, 1, 1]   16      0   100  void cudnn::bn_fw_inf_1C11_kernel_NCHW<float, float, true, 1>(float, float, cudnnTensorStr
    115.9   [3136, 1, 1]  [128, 1, 1]   22      0   100  void at::native::vectorized_elementwise_kernel<4, at::native::(anonymous namespace)::launc
      4.5     [2, 16, 1]   [32, 4, 1]   56   8704    25  void cudnn::winograd::generateWinogradTilesKernel<0, float, float>(cudnn::winograd::Genera
    652.4     [16, 7, 4]  [256, 1, 1]  126  49152    25  _5x_cudnn_volta_scudnn_winograd_128x128_ldg1_ldg4_relu_tile148t_nt_v1
    118.0     [64, 8, 1]  [512, 1, 1]   16      0   100  void cudnn::bn_fw_inf_1C11_kernel_NCHW<float, float, true, 1>(float, float, cudnnTensorStr
    172.3   [3136, 1, 1]  [128, 1, 1]   22      0   100  void at::native::vectorized_elementwise_kernel<4, at::native::CUDAFunctor_add<float>, std:
    115.4   [3136, 1, 1]  [128, 1, 1]   22      0   100  void at::native::vectorized_elementwise_kernel<4, at::native::(anonymous namespace)::launc
      4.4     [2, 16, 1]   [32, 4, 1]   56   8704    25  void cudnn::winograd::generateWinogradTilesKernel<0, float, float>(cudnn::winograd::Genera
    649.8     [16, 7, 4]  [256, 1, 1]  126  49152    25  _5x_cudnn_volta_scudnn_winograd_128x128_ldg1_ldg4_relu_tile148t_nt_v1
    117.9     [64, 8, 1]  [512, 1, 1]   16      0   100  void cudnn::bn_fw_inf_1C11_kernel_NCHW<float, float, true, 1>(float, float, cudnnTensorStr
    115.3   [3136, 1, 1]  [128, 1, 1]   22      0   100  void at::native::vectorized_elementwise_kernel<4, at::native::(anonymous namespace)::launc
      4.6     [2, 16, 1]   [32, 4, 1]   56   8704    25  void cudnn::winograd::generateWinogradTilesKernel<0, float, float>(cudnn::winograd::Genera
    651.0     [16, 7, 4]  [256, 1, 1]  126  49152    25  _5x_cudnn_volta_scudnn_winograd_128x128_ldg1_ldg4_relu_tile148t_nt_v1
    117.4     [64, 8, 1]  [512, 1, 1]   16      0   100  void cudnn::bn_fw_inf_1C11_kernel_NCHW<float, float, true, 1>(float, float, cudnnTensorStr
    172.4   [3136, 1, 1]  [128, 1, 1]   22      0   100  void at::native::vectorized_elementwise_kernel<4, at::native::CUDAFunctor_add<float>, std:
    115.4   [3136, 1, 1]  [128, 1, 1]   22      0   100  void at::native::vectorized_elementwise_kernel<4, at::native::(anonymous namespace)::launc
      1.9      [4, 1, 1]  [256, 1, 1]   16      0     6  void cask__5x_cudnn::computeOffsetsKernel<false, false>(cask__5x_cudnn::ComputeOffsetsParaTraceback (most recent call last):
  File "/app/benchmark/lowlevel_trace.py", line 615, in main
    SECTIONS[s](a.out)
  File "/app/benchmark/lowlevel_trace.py", line 416, in section_sass
    ck = bias_relu[(triton.cdiv(n, 1024),)](x, b, y, n, C=C, BLOCK=1024)
         ^^^^^^^^^^^^^^^^^^^^^^^^^^^^^^^^^^^^^^^^^^^^^^^^^^^^^^^^^^^^^^^
  File "/usr/local/lib/python3.11/dist-packages/triton/runtime/jit.py", line 330, in <lambda>
    return lambda *args, **kwargs: self.run(grid=grid, warmup=False, *args, **kwargs)
                                   ^^^^^^^^^^^^^^^^^^^^^^^^^^^^^^^^^^^^^^^^^^^^^^^^^^
  File "/usr/local/lib/python3.11/dist-packages/triton/runtime/jit.py", line 623, in run
    kernel = self.compile(
             ^^^^^^^^^^^^^
  File "/usr/local/lib/python3.11/dist-packages/triton/compiler/compiler.py", line 273, in compile
    module = src.make_ir(options, codegen_fns, module_map, context)
             ^^^^^^^^^^^^^^^^^^^^^^^^^^^^^^^^^^^^^^^^^^^^^^^^^^^^^^
  File "/usr/local/lib/python3.11/dist-packages/triton/compiler/compiler.py", line 100, in make_ir
    return ast_to_ttir(self.fn, self, context=context, options=options, codegen_fns=codegen_fns,
           ^^^^^^^^^^^^^^^^^^^^^^^^^^^^^^^^^^^^^^^^^^^^^^^^^^^^^^^^^^^^^^^^^^^^^^^^^^^^^^^^^^^^^
triton.compiler.errors.CompilationError: at 1:41:
def bias_relu(x_ptr, b_ptr, y_ptr, n, C: tl.constexpr, BLOCK: tl.constexpr):
                                         ^
NameError('tl is not defined')
Setting default log level to "WARN".
To adjust logging level use sc.setLogLevel(newLevel). For SparkR, use setLogLevel(newLevel).
26/09/26 13:57:01 WARN NativeCodeLoader: Unable to load native-hadoop library for your platform... using builtin-java classes where applicable
[Stage 0:>                                                          (0 + 2) / 4][Stage 0:=============================>                             (2 + 2) / 4]                                                                                [Stage 4:>                                                          (0 + 2) / 4][Stage 4:=============================>                             (2 + 2) / 4][Stage 4:============================================>              (3 + 1) / 4]                                                                                
    418.1     [49, 2, 1]  [128, 1, 1]  160  16384    38  _5x_cudnn_volta_scudnn_128x64_relu_xregs_large_nn_v1
     61.5    [128, 8, 1]  [256, 1, 1]   16      0   100  void cudnn::bn_fw_inf_1C11_kernel_NCHW<float, float, true, 1>(float, float, cudnnTensorStr
     57.9   [1568, 1, 1]  [128, 1, 1]   22      0   100  void at::native::vectorized_elementwise_kernel<4, at::native::(anonymous namespace)::launc
    169.7    [4, 128, 1]  [256, 1, 1]  108  22656    50  void cudnn::winograd_nonfused::winogradForwardData4x4<float, float>(cudnn::winograd_nonfus
     26.2     [4, 16, 1]   [32, 8, 1]   64   9216   100  void cudnn::winograd_nonfused::winogradForwardFilter4x4<float, float>(cudnn::winograd_nonf
    650.5    [25, 1, 36]  [256, 1, 1]   57  16384   100  volta_sgemm_32x128_nn
    160.6    [4, 128, 1]  [256, 1, 1]   80  16640    75  void cudnn::winograd_nonfused::winogradForwardOutput4x4<float, float>(cudnn::winograd_nonf
     60.2    [128, 8, 1]  [256, 1, 1]   16      0   100  void cudnn::bn_fw_inf_1C11_kernel_NCHW<float, float, true, 1>(float, float, cudnnTensorStr
      1.9      [4, 1, 1]  [256, 1, 1]   16      0     6  void cask__5x_cudnn::computeOffsetsKernel<false, false>(cask__5x_cudnn::ComputeOffsetsPara
     93.7     [49, 2, 1]  [128, 1, 1]  128  16384    50  _5x_cudnn_volta_scudnn_128x64_relu_interior_nn_v1
     60.9    [128, 8, 1]  [256, 1, 1]   16      0   100  void cudnn::bn_fw_inf_1C11_kernel_NCHW<float, float, true, 1>(float, float, cudnnTensorStr
     86.6   [1568, 1, 1]  [128, 1, 1]   22      0   100  void at::native::vectorized_elementwise_kernel<4, at::native::CUDAFunctor_add<float>, std:
     57.9   [1568, 1, 1]  [128, 1, 1]   22      0   100  void at::native::vectorized_elementwise_kernel<4, at::native::(anonymous namespace)::launc
    170.7    [4, 128, 1]  [256, 1, 1]  108  22656    50  void cudnn::winograd_nonfused::winogradForwardData4x4<float, float>(cudnn::winograd_nonfus
     26.2     [4, 16, 1]   [32, 8, 1]   64   9216   100  void cudnn::winograd_nonfused::winogradForwardFilter4x4<float, float>(cudnn::winograd_nonf
    652.1    [25, 1, 36]  [256, 1, 1]   57  16384   100  volta_sgemm_32x128_nn
  49129.1                                                Memcpy HtoD (Pageable -> Device) 4816896 bytes @ 0.10 GB/s
      4.4                                                Memcpy DtoH (Device -> Pageable) 32000 bytes @ 7.19 GB/s
  CUDA runtime/driver API calls (CPU side): {'cudaMemcpyAsync': 2, 'cudaStreamSynchronize': 2, 'cudaLaunchKernel': 109, 'cudaPeekAtLastError': 22, 'cudaMemsetAsync': 7, 'cudaDeviceSynchronize': 2}
  Dispatch chain inside the first aten::conv2d (host timeline):
    +    0.0us  3002.0us  [cpu_op] aten::conv2d
    +  207.3us  2790.5us  [cpu_op] aten::convolution
    +  814.8us  2125.5us  [cpu_op] aten::_convolution
    + 1313.8us  1336.5us  [cpu_op] aten::cudnn_convolution
    + 1438.3us  1030.0us  [cuda_runtime] cudaLaunchKernel
    + 2473.0us     1.6us  [cuda_runtime] cudaPeekAtLastError
    + 2484.1us     1.8us  [cuda_runtime] cudaMemsetAsync
    + 2487.6us   103.8us  [cuda_runtime] cudaLaunchKernel
    + 2592.3us     0.4us  [cuda_runtime] cudaPeekAtLastError
    -> GPU kernels launched by it (matched by CUPTI correlation id): ['void cask__5x_cudnn::computeOffsetsKernel<false, false>(cask__5x_cudnn', '_5x_cudnn_volta_scudnn_128x64_relu_medium_nn_v1']

==============================================================================
  6. SASS - one kernel from Python down to GPU machine code (Triton)
==============================================================================

==============================================================================
  7. SPARK - JVM <-> Python wire level
==============================================================================
  pyspark               : 3.5.1
  master                : local[2]
  app_id                : local-1790431023816
  driver_python_pid     : 652
  py4j_java_port        : 42573
  py4j_callback_port    : 0
  jvm_pid               : 694
  jvm_version           : 17.0.20
  jvm_vm                : OpenJDK 64-Bit Server VM
  jvm_max_heap_mb       : 1024

  Driver side: this Python process talks to the JVM over a localhost TCP socket
  (Py4J). Every sc.xxx call is serialized as a text command ('c\n<objid>\n<method>...'),
  the JVM executes it via reflection and sends the answer back on the same socket.

  Python worker processes that ran the 4 tasks:
    pid=794 ppid=791 host=adf6827a7a84 rows=5000 compute=601us
    pid=796 ppid=791 host=adf6827a7a84 rows=5000 compute=599us
    pid=796 ppid=791 host=adf6827a7a84 rows=5000 compute=288us
    pid=794 ppid=791 host=adf6827a7a84 rows=5000 compute=472us
    -> all forked from one pyspark.daemon (ppid shared) - Linux fork() model

  One partition of 64 EW-signal rows (64x128 fp32 = 32768 raw bytes) as PySpark ships it:
    framed stream = 34478 bytes  (overhead 1710 bytes = 5.2%)
    layout: [int32 big-endian length][pickle protocol-5 payload]... then END_OF_DATA_SECTION (-1)
    0000  00 00 86 aa 80 05 95 9f 86 00 00 00 00 00 00 5d  ...............]
    0010  94 28 8c 13 6e 75 6d 70 79 2e 5f 63 6f 72 65 2e  .(..numpy._core.
    0020  6e 75 6d 65 72 69 63 94 8c 0b 5f 66 72 6f 6d 62  numeric..._fromb
    0030  75 66 66 65 72 94 93 94 28 96 00 02 00 00 00 00  uffer...(.......
    0040  00 00 6a 0c b9 be 9b 37 74 be 62 8d ea be 13 41  ..j....7t.b....A
    0050  20 bf bd 89 c3 be e1 af d3 be 11 1e 54 bf 35 90   ...........T.5.

  Arrow (pandas_udf transport): column x=[1.5, null, -2.25, 3.0] float32
    validity bitmap = 0d  (bits LSB-first: 1,0,1,1 -> 0b1101 = 0x0d)
    data buffer     = 0000c03f00000000000010c000004040  (4 x fp32 little-endian, null slot is garbage/zero)
    IPC stream 296 bytes: 0xFFFFFFFF continuation, int32 metadata length, flatbuffer Schema, then RecordBatch message + 8-byte-aligned body buffers:
    0000  ff ff ff ff 70 00 00 00 10 00 00 00 00 00 0a 00  ....p...........
    0010  0c 00 06 00 05 00 08 00 0a 00 00 00 00 01 04 00  ................
    0020  0c 00 00 00 08 00 08 00 00 00 04 00 08 00 00 00  ................
    0030  04 00 00 00 01 00 00 00 14 00 00 00 10 00 14 00  ................
    0040  08 00 06 00 07 00 0c 00 00 00 10 00 10 00 00 00  ................
    0050  00 00 01 03 10 00 00 00 18 00 00 00 04 00 00 00  ................

  200k rows x2: pandas_udf (Arrow, columnar) 3.30s  vs  RDD map (pickle, row-by-row) 3.83s

  Per-stage metrics from the Spark REST API (all times ms):
    stage tasks     run     cpu  deser resSer    gc   in/out rec  name
        0     4    5896     195    178     40    34          0/0  collect at /app/benchmark/lowlevel_trace.py:516
        1     4     488     297     82     13     0     200000/0  collect at /app/benchmark/lowlevel_trace.py:566
        2     4       0       0      0      0     0          0/0  collect at /app/benchmark/lowlevel_trace.py:566
        3     1     119     116     21      4     0          0/0  collect at /app/benchmark/lowlevel_trace.py:566
        4     4    6333     191    132     12    30     200000/0  count at /app/benchmark/lowlevel_trace.py:569

Saved results/campaign_20260926/wsl2_docker/lowlevel/lowlevel.json
