Setting default log level to "WARN".
To adjust logging level use sc.setLogLevel(newLevel). For SparkR, use setLogLevel(newLevel).
26/09/26 13:31:04 WARN NativeCodeLoader: Unable to load native-hadoop library for your platform... using builtin-java classes where applicable
[Stage 0:>                                                          (0 + 0) / 2][Stage 0:>                                                          (0 + 1) / 2][Executor] host=adf6827a7a84, pid=3981, device=cuda, cuda=True, models_loaded=10, model_load_time=40.68s
[Stage 0:>                                                          (0 + 1) / 2][Stage 0:>                                                          (0 + 2) / 2][Stage 0:=============================>                             (1 + 1) / 2][Executor] host=adf6827a7a84, pid=3981, device=cuda, cuda=True, models_loaded=10, model_load_time=3.23s
                                                                                
================================================================================
  SPARK CLUSTER BENCHMARK
================================================================================

  CONFIGURATION:
  ─────────────────────────────────────────────────────────────
  Device Mode     : GPU_ONLY
  Partitions      : 2
  Signal Samples  : 3,000 (per model, 128-dim IQ vectors)
  Image Samples   : 50 (3x224x224 RGB tensors)
  Detection Imgs  : 20 (3x640x640 RGB tensors)
  ─────────────────────────────────────────────────────────────

  WHAT THIS MEASURES:
  ─────────────────────────────────────────────────────────────
  INPUT:    Synthetic sensor data fed into 10 ML models simultaneously
  PROCESS:  Spark distributes data chunks to executors across the cluster
            Each executor loads models → runs batch inference → returns count
  OUTPUT:   Throughput (samples/sec) = how fast the cluster processes data
  ─────────────────────────────────────────────────────────────

  [1/4] Loading model registry...
         Loaded 10 models
  [2/4] Generating synthetic data...
         15,190 samples, 294.6 MB
         Per-partition: ~147 MB
  [3/4] Connecting to Spark cluster...
         Master: local[2]
  [4/4] Running distributed inference (gpu_only mode)...

────────────────────────────────────────────────────────────────────────────────
  RESULTS — GPU_ONLY MODE
────────────────────────────────────────────────────────────────────────────────

  THROUGHPUT:
    Total Samples Processed : 15,190
    Elapsed Time            : 88.02 seconds
    ► Throughput            : 173 samples/second

  EXPLANATION:
    "Throughput" = total samples processed by ALL models across ALL executors
    divided by wall-clock time. Higher = better cluster utilization.

  PARTITION / TASK DETAIL:
  ────────────────────────────────────────────────────────────────────────────
  Part  Executor                            Device Samples  ModelLoad  Inference  Total   
  ────────────────────────────────────────────────────────────────────────────
  0     adf6827a7a84                        cuda   7595     40.68      9.89       9.89    
  1     adf6827a7a84                        cuda   7595     3.23       0.68       0.68    
  ────────────────────────────────────────────────────────────────────────────

  EXECUTOR SUMMARY:
  ────────────────────────────────────────────────────────────────────────────
  Executor                            Device Tasks  Samples    ModelLoad  InferTime  Throughput
  ────────────────────────────────────────────────────────────────────────────
  adf6827a7a84                        cuda   2      15,190     40.68      10.57      1,437/sec
  ────────────────────────────────────────────────────────────────────────────

  PER-MODEL SAMPLES PROCESSED:
  ────────────────────────────────────────
    anomaly_detector          : 3,000
    efficientnet_b0           : 50
    ew_classifier             : 3,000
    mobilenetv3               : 50
    resnet18                  : 50
    rf_fingerprinter          : 3,000
    signal_denoiser           : 3,000
    threat_prioritizer        : 3,000
    yolov8_nano               : 20
    yolov8_small              : 20
  ────────────────────────────────────────
    TOTAL                     : 15,190

  KEY METRICS EXPLAINED:
  ─────────────────────────────────────────────────────────────
  ModelLoad  : Time to deserialize 10 model weights onto device (once per executor)
  Inference  : Time to run forward passes on all data batches
  Throughput : samples_processed / inference_time (per executor)
  Partitions : Data split into N chunks, 1 task per chunk
  Tasks      : Spark units of work, distributed across executors
  ─────────────────────────────────────────────────────────────

  Results saved: /app/results/cluster_benchmark_gpu_only_3000_20260926_133258.json
