Spark Command: /usr/lib/jvm/java-17-openjdk-amd64/bin/java -cp /opt/spark/conf/:/opt/spark/jars/* -Xmx256m org.apache.spark.deploy.worker.Worker --webui-port 8081 spark://ner-translate-master:7077 -c 4 -m 2g
========================================
Using Spark's default log4j profile: org/apache/spark/log4j2-defaults.properties
26/09/27 08:57:56 INFO Worker: Started daemon with process name: 17@ner-translate-worker
26/09/27 08:57:56 INFO SignalUtils: Registering signal handler for TERM
26/09/27 08:57:56 INFO SignalUtils: Registering signal handler for HUP
26/09/27 08:57:56 INFO SignalUtils: Registering signal handler for INT
26/09/27 08:57:57 WARN NativeCodeLoader: Unable to load native-hadoop library for your platform... using builtin-java classes where applicable
26/09/27 08:57:57 INFO SecurityManager: Changing view acls to: root
26/09/27 08:57:57 INFO SecurityManager: Changing modify acls to: root
26/09/27 08:57:57 INFO SecurityManager: Changing view acls groups to: 
26/09/27 08:57:57 INFO SecurityManager: Changing modify acls groups to: 
26/09/27 08:57:57 INFO SecurityManager: SecurityManager: authentication disabled; ui acls disabled; users with view permissions: root; groups with view permissions: EMPTY; users with modify permissions: root; groups with modify permissions: EMPTY
26/09/27 08:57:58 INFO Utils: Successfully started service 'sparkWorker' on port 34219.
26/09/27 08:57:58 INFO Worker: Worker decommissioning not enabled.
26/09/27 08:57:58 INFO Worker: Starting Spark worker 172.21.0.4:34219 with 4 cores, 2.0 GiB RAM
26/09/27 08:57:58 INFO Worker: Running Spark version 3.5.1
26/09/27 08:57:58 INFO Worker: Spark home: /opt/spark
26/09/27 08:57:58 INFO ResourceUtils: ==============================================================
26/09/27 08:57:58 INFO ResourceUtils: No custom resources configured for spark.worker.
26/09/27 08:57:58 INFO ResourceUtils: ==============================================================
26/09/27 08:57:58 INFO JettyUtils: Start Jetty 0.0.0.0:8081 for WorkerUI
26/09/27 08:57:58 INFO Utils: Successfully started service 'WorkerUI' on port 8081.
26/09/27 08:57:58 INFO WorkerWebUI: Bound WorkerWebUI to 0.0.0.0, and started at http://ner-translate-worker:8081
26/09/27 08:57:58 INFO Worker: Connecting to master ner-translate-master:7077...
26/09/27 08:57:59 INFO TransportClientFactory: Successfully created connection to ner-translate-master/172.21.0.2:7077 after 76 ms (0 ms spent in bootstraps)
26/09/27 08:58:00 INFO Worker: Successfully registered with master spark://ner-translate-master:7077
26/09/27 09:01:31 INFO Worker: Asked to launch executor app-20260927090130-0000/0 for pipeline-ner_translate
26/09/27 09:01:33 INFO SecurityManager: Changing view acls to: root
26/09/27 09:01:33 INFO SecurityManager: Changing modify acls to: root
26/09/27 09:01:33 INFO SecurityManager: Changing view acls groups to: 
26/09/27 09:01:33 INFO SecurityManager: Changing modify acls groups to: 
26/09/27 09:01:33 INFO SecurityManager: SecurityManager: authentication disabled; ui acls disabled; users with view permissions: root; groups with view permissions: EMPTY; users with modify permissions: root; groups with modify permissions: EMPTY
26/09/27 09:01:34 INFO ExecutorRunner: Launch command: "/usr/lib/jvm/java-17-openjdk-amd64/bin/java" "-cp" "/opt/spark/conf/:/opt/spark/jars/*" "-Xmx512M" "-Dspark.network.timeout=600s" "-Dspark.driver.port=42033" "-Dspark.rpc.message.maxSize=512" "-Djava.net.preferIPv6Addresses=false" "-XX:+IgnoreUnrecognizedVMOptions" "--add-opens=java.base/java.lang=ALL-UNNAMED" "--add-opens=java.base/java.lang.invoke=ALL-UNNAMED" "--add-opens=java.base/java.lang.reflect=ALL-UNNAMED" "--add-opens=java.base/java.io=ALL-UNNAMED" "--add-opens=java.base/java.net=ALL-UNNAMED" "--add-opens=java.base/java.nio=ALL-UNNAMED" "--add-opens=java.base/java.util=ALL-UNNAMED" "--add-opens=java.base/java.util.concurrent=ALL-UNNAMED" "--add-opens=java.base/java.util.concurrent.atomic=ALL-UNNAMED" "--add-opens=java.base/jdk.internal.ref=ALL-UNNAMED" "--add-opens=java.base/sun.nio.ch=ALL-UNNAMED" "--add-opens=java.base/sun.nio.cs=ALL-UNNAMED" "--add-opens=java.base/sun.security.action=ALL-UNNAMED" "--add-opens=java.base/sun.util.calendar=ALL-UNNAMED" "--add-opens=java.security.jgss/sun.security.krb5=ALL-UNNAMED" "-Djdk.reflect.useDirectMethodHandle=false" "org.apache.spark.executor.CoarseGrainedExecutorBackend" "--driver-url" "spark://CoarseGrainedScheduler@ner-translate-master:42033" "--executor-id" "0" "--hostname" "172.21.0.4" "--cores" "4" "--app-id" "app-20260927090130-0000" "--worker-url" "spark://Worker@172.21.0.4:34219" "--resourceProfileId" "0"
26/09/27 09:04:00 INFO Worker: Asked to kill executor app-20260927090130-0000/0
26/09/27 09:04:01 INFO ExecutorRunner: Runner thread for executor app-20260927090130-0000/0 interrupted
26/09/27 09:04:01 INFO ExecutorRunner: Killing process!
26/09/27 09:04:01 INFO Worker: Executor app-20260927090130-0000/0 finished with state KILLED exitStatus 0
26/09/27 09:04:01 INFO ExternalShuffleBlockResolver: Clean up non-shuffle and non-RDD files associated with the finished executor 0
26/09/27 09:04:01 INFO ExternalShuffleBlockResolver: Executor is not registered (appId=app-20260927090130-0000, execId=0)
26/09/27 09:04:01 INFO ExternalShuffleBlockResolver: Application app-20260927090130-0000 removed, cleanupLocalDirs = true
26/09/27 09:04:01 INFO Worker: Cleaning up local directories for application app-20260927090130-0000
