Setting default log level to "WARN".
To adjust logging level use sc.setLogLevel(newLevel). For SparkR, use setLogLevel(newLevel).
26/09/26 16:13:56 WARN NativeCodeLoader: Unable to load native-hadoop library for your platform... using builtin-java classes where applicable

[Stage 0:>                                                          (0 + 4) / 8]

[Stage 0:=======>                                                   (1 + 4) / 8]

[Stage 0:==============>                                            (2 + 4) / 8]

[Stage 0:=============================>                             (4 + 4) / 8]

[Stage 0:============================================>              (6 + 2) / 8]

[Stage 0:===================================================>       (7 + 1) / 8]

                                                                                
26/09/26 16:14:11 ERROR TransportResponseHandler: Still have 1 requests outstanding when connection from /10.0.0.66:44828 is closed
26/09/26 16:14:11 ERROR TransportResponseHandler: Still have 1 requests outstanding when connection from /10.0.0.178:47630 is closed
java.util.concurrent.RejectedExecutionException: Task scala.concurrent.impl.CallbackRunnable@5a57d8d4 rejected from java.util.concurrent.ThreadPoolExecutor@5482d110[Terminated, pool size = 0, active threads = 0, queued tasks = 0, completed tasks = 1]
	at java.base/java.util.concurrent.ThreadPoolExecutor$AbortPolicy.rejectedExecution(ThreadPoolExecutor.java:2065)
	at java.base/java.util.concurrent.ThreadPoolExecutor.reject(ThreadPoolExecutor.java:833)
	at java.base/java.util.concurrent.ThreadPoolExecutor.execute(ThreadPoolExecutor.java:1365)
	at scala.concurrent.impl.ExecutionContextImpl$$anon$4.execute(ExecutionContextImpl.scala:138)
	at scala.concurrent.impl.CallbackRunnable.executeWithValue(Promise.scala:72)
	at scala.concurrent.impl.Promise$DefaultPromise.$anonfun$tryComplete$1(Promise.scala:288)
	at scala.concurrent.impl.Promise$DefaultPromise.$anonfun$tryComplete$1$adapted(Promise.scala:288)
	at scala.concurrent.impl.Promise$DefaultPromise.tryComplete(Promise.scala:288)
	at scala.concurrent.Promise.complete(Promise.scala:53)
	at scala.concurrent.Promise.complete$(Promise.scala:52)
	at scala.concurrent.impl.Promise$DefaultPromise.complete(Promise.scala:187)
	at scala.concurrent.impl.Promise.$anonfun$transform$1(Promise.scala:33)
	at scala.concurrent.impl.CallbackRunnable.run(Promise.scala:64)
	at org.apache.spark.util.ThreadUtils$$anon$1.execute(ThreadUtils.scala:99)
	at scala.concurrent.impl.ExecutionContextImpl$$anon$4.execute(ExecutionContextImpl.scala:138)
	at scala.concurrent.impl.CallbackRunnable.executeWithValue(Promise.scala:72)
	at scala.concurrent.impl.Promise$DefaultPromise.$anonfun$tryComplete$1(Promise.scala:288)
	at scala.concurrent.impl.Promise$DefaultPromise.$anonfun$tryComplete$1$adapted(Promise.scala:288)
	at scala.concurrent.impl.Promise$DefaultPromise.tryComplete(Promise.scala:288)
	at scala.concurrent.Promise.complete(Promise.scala:53)
	at scala.concurrent.Promise.complete$(Promise.scala:52)
	at scala.concurrent.impl.Promise$DefaultPromise.complete(Promise.scala:187)
	at scala.concurrent.impl.Promise.$anonfun$transform$1(Promise.scala:33)
	at scala.concurrent.impl.CallbackRunnable.run(Promise.scala:64)
	at scala.concurrent.BatchingExecutor$Batch.processBatch$1(BatchingExecutor.scala:67)
	at scala.concurrent.BatchingExecutor$Batch.$anonfun$run$1(BatchingExecutor.scala:82)
	at scala.runtime.java8.JFunction0$mcV$sp.apply(JFunction0$mcV$sp.java:23)
	at scala.concurrent.BlockContext$.withBlockContext(BlockContext.scala:85)
	at scala.concurrent.BatchingExecutor$Batch.run(BatchingExecutor.scala:59)
	at scala.concurrent.Future$InternalCallbackExecutor$.unbatchedExecute(Future.scala:875)
	at scala.concurrent.BatchingExecutor.execute(BatchingExecutor.scala:110)
	at scala.concurrent.BatchingExecutor.execute$(BatchingExecutor.scala:107)
	at scala.concurrent.Future$InternalCallbackExecutor$.execute(Future.scala:873)
	at scala.concurrent.impl.CallbackRunnable.executeWithValue(Promise.scala:72)
	at scala.concurrent.impl.Promise$DefaultPromise.$anonfun$tryComplete$1(Promise.scala:288)
	at scala.concurrent.impl.Promise$DefaultPromise.$anonfun$tryComplete$1$adapted(Promise.scala:288)
	at scala.concurrent.impl.Promise$DefaultPromise.tryComplete(Promise.scala:288)
	at scala.concurrent.Promise.tryFailure(Promise.scala:112)
	at scala.concurrent.Promise.tryFailure$(Promise.scala:112)
	at scala.concurrent.impl.Promise$DefaultPromise.tryFailure(Promise.scala:187)
	at org.apache.spark.rpc.netty.NettyRpcEnv.org$apache$spark$rpc$netty$NettyRpcEnv$$onFailure$1(NettyRpcEnv.scala:214)
	at org.apache.spark.rpc.netty.NettyRpcEnv.$anonfun$askAbortable$6(NettyRpcEnv.scala:245)
	at org.apache.spark.rpc.netty.NettyRpcEnv.$anonfun$askAbortable$6$adapted(NettyRpcEnv.scala:245)
	at org.apache.spark.rpc.netty.RpcOutboxMessage.onFailure(Outbox.scala:86)
	at org.apache.spark.network.client.TransportResponseHandler.failOutstandingRequests(TransportResponseHandler.java:118)
	at org.apache.spark.network.client.TransportResponseHandler.channelInactive(TransportResponseHandler.java:147)
	at org.apache.spark.network.server.TransportChannelHandler.channelInactive(TransportChannelHandler.java:117)
	at io.netty.channel.AbstractChannelHandlerContext.invokeChannelInactive(AbstractChannelHandlerContext.java:305)
	at io.netty.channel.AbstractChannelHandlerContext.invokeChannelInactive(AbstractChannelHandlerContext.java:281)
	at io.netty.channel.AbstractChannelHandlerContext.fireChannelInactive(AbstractChannelHandlerContext.java:274)
	at io.netty.channel.ChannelInboundHandlerAdapter.channelInactive(ChannelInboundHandlerAdapter.java:81)
	at io.netty.handler.timeout.IdleStateHandler.channelInactive(IdleStateHandler.java:277)
	at io.netty.channel.AbstractChannelHandlerContext.invokeChannelInactive(AbstractChannelHandlerContext.java:303)
	at io.netty.channel.AbstractChannelHandlerContext.invokeChannelInactive(AbstractChannelHandlerContext.java:281)
	at io.netty.channel.AbstractChannelHandlerContext.fireChannelInactive(AbstractChannelHandlerContext.java:274)
	at io.netty.channel.ChannelInboundHandlerAdapter.channelInactive(ChannelInboundHandlerAdapter.java:81)
	at org.apache.spark.network.util.TransportFrameDecoder.channelInactive(TransportFrameDecoder.java:225)
	at io.netty.channel.AbstractChannelHandlerContext.invokeChannelInactive(AbstractChannelHandlerContext.java:305)
	at io.netty.channel.AbstractChannelHandlerContext.invokeChannelInactive(AbstractChannelHandlerContext.java:281)
	at io.netty.channel.AbstractChannelHandlerContext.fireChannelInactive(AbstractChannelHandlerContext.java:274)
	at io.netty.channel.DefaultChannelPipeline$HeadContext.channelInactive(DefaultChannelPipeline.java:1405)
	at io.netty.channel.AbstractChannelHandlerContext.invokeChannelInactive(AbstractChannelHandlerContext.java:301)
	at io.netty.channel.AbstractChannelHandlerContext.invokeChannelInactive(AbstractChannelHandlerContext.java:281)
	at io.netty.channel.DefaultChannelPipeline.fireChannelInactive(DefaultChannelPipeline.java:901)
	at io.netty.channel.AbstractChannel$AbstractUnsafe$7.run(AbstractChannel.java:813)
	at io.netty.util.concurrent.AbstractEventExecutor.runTask(AbstractEventExecutor.java:174)
	at io.netty.util.concurrent.AbstractEventExecutor.safeExecute(AbstractEventExecutor.java:167)
	at io.netty.util.concurrent.SingleThreadEventExecutor.runAllTasksFrom(SingleThreadEventExecutor.java:426)
	at io.netty.util.concurrent.SingleThreadEventExecutor.runAllTasks(SingleThreadEventExecutor.java:375)
	at io.netty.util.concurrent.SingleThreadEventExecutor.confirmShutdown(SingleThreadEventExecutor.java:763)
	at io.netty.channel.nio.NioEventLoop.run(NioEventLoop.java:596)
	at io.netty.util.concurrent.SingleThreadEventExecutor$4.run(SingleThreadEventExecutor.java:997)
	at io.netty.util.internal.ThreadExecutorMap$2.run(ThreadExecutorMap.java:74)
	at io.netty.util.concurrent.FastThreadLocalRunnable.run(FastThreadLocalRunnable.java:30)
	at java.base/java.lang.Thread.run(Thread.java:840)
RESULT_JSON {"app": "modes-platform10-platform10_hybrid", "app_id": "app-20260926161357-0020", "mode": "platform10_hybrid", "model": "platform10", "partitions": 8, "batch_size": 256, "samples": 15360, "setup_s": 2.11, "start_epoch": 1790439237.6107388, "wall_s": 13.563, "processed": 15360, "throughput": 1132.5, "end_epoch": 1790439251.1736972, "partition_details": [{"partition_idx": 0, "executor_id": "ip-10-0-0-178_2511", "hostname": "ip-10-0-0-178", "device": "cuda", "cuda_available": true, "model_load_time_sec": 2.1436, "inference_time_sec": 0.4885, "total_task_time_sec": 0.4885, "samples_processed": 1917, "per_model_processed": {"ew_classifier": 375, "signal_denoiser": 375, "threat_prioritizer": 375, "rf_fingerprinter": 375, "anomaly_detector": 375, "resnet18": 12, "mobilenetv3": 12, "efficientnet_b0": 12, "yolov8_nano": 3, "yolov8_small": 3}, "batch_size": 256}, {"partition_idx": 1, "executor_id": "ip-10-0-0-66_2619", "hostname": "ip-10-0-0-66", "device": "cpu", "cuda_available": false, "model_load_time_sec": 1.8605, "inference_time_sec": 1.0829, "total_task_time_sec": 1.0829, "samples_processed": 1917, "per_model_processed": {"ew_classifier": 375, "signal_denoiser": 375, "threat_prioritizer": 375, "rf_fingerprinter": 375, "anomaly_detector": 375, "resnet18": 12, "mobilenetv3": 12, "efficientnet_b0": 12, "yolov8_nano": 3, "yolov8_small": 3}, "batch_size": 256}, {"partition_idx": 2, "executor_id": "ip-10-0-0-178_2510", "hostname": "ip-10-0-0-178", "device": "cuda", "cuda_available": true, "model_load_time_sec": 2.1643, "inference_time_sec": 0.4966, "total_task_time_sec": 0.4966, "samples_processed": 1917, "per_model_processed": {"ew_classifier": 375, "signal_denoiser": 375, "threat_prioritizer": 375, "rf_fingerprinter": 375, "anomaly_detector": 375, "resnet18": 12, "mobilenetv3": 12, "efficientnet_b0": 12, "yolov8_nano": 3, "yolov8_small": 3}, "batch_size": 256}, {"partition_idx": 3, "executor_id": "ip-10-0-0-66_2620", "hostname": "ip-10-0-0-66", "device": "cpu", "cuda_available": false, "model_load_time_sec": 1.8578, "inference_time_sec": 1.0249, "total_task_time_sec": 1.0249, "samples_processed": 1917, "per_model_processed": {"ew_classifier": 375, "signal_denoiser": 375, "threat_prioritizer": 375, "rf_fingerprinter": 375, "anomaly_detector": 375, "resnet18": 12, "mobilenetv3": 12, "efficientnet_b0": 12, "yolov8_nano": 3, "yolov8_small": 3}, "batch_size": 256}, {"partition_idx": 4, "executor_id": "ip-10-0-0-178_2511", "hostname": "ip-10-0-0-178", "device": "cuda", "cuda_available": true, "model_load_time_sec": 0.8475, "inference_time_sec": 0.0718, "total_task_time_sec": 0.0718, "samples_processed": 1917, "per_model_processed": {"ew_classifier": 375, "signal_denoiser": 375, "threat_prioritizer": 375, "rf_fingerprinter": 375, "anomaly_detector": 375, "resnet18": 12, "mobilenetv3": 12, "efficientnet_b0": 12, "yolov8_nano": 3, "yolov8_small": 3}, "batch_size": 256}, {"partition_idx": 5, "executor_id": "ip-10-0-0-178_2510", "hostname": "ip-10-0-0-178", "device": "cuda", "cuda_available": true, "model_load_time_sec": 0.6623, "inference_time_sec": 0.0694, "total_task_time_sec": 0.0694, "samples_processed": 1917, "per_model_processed": {"ew_classifier": 375, "signal_denoiser": 375, "threat_prioritizer": 375, "rf_fingerprinter": 375, "anomaly_detector": 375, "resnet18": 12, "mobilenetv3": 12, "efficientnet_b0": 12, "yolov8_nano": 3, "yolov8_small": 3}, "batch_size": 256}, {"partition_idx": 6, "executor_id": "ip-10-0-0-66_2620", "hostname": "ip-10-0-0-66", "device": "cpu", "cuda_available": false, "model_load_time_sec": 0.5542, "inference_time_sec": 1.0113, "total_task_time_sec": 1.0113, "samples_processed": 1917, "per_model_processed": {"ew_classifier": 375, "signal_denoiser": 375, "threat_prioritizer": 375, "rf_fingerprinter": 375, "anomaly_detector": 375, "resnet18": 12, "mobilenetv3": 12, "efficientnet_b0": 12, "yolov8_nano": 3, "yolov8_small": 3}, "batch_size": 256}, {"partition_idx": 7, "executor_id": "ip-10-0-0-66_2619", "hostname": "ip-10-0-0-66", "device": "cpu", "cuda_available": false, "model_load_time_sec": 0.5592, "inference_time_sec": 1.7687, "total_task_time_sec": 1.7687, "samples_processed": 1941, "per_model_processed": {"ew_classifier": 375, "signal_denoiser": 375, "threat_prioritizer": 375, "rf_fingerprinter": 375, "anomaly_detector": 375, "resnet18": 16, "mobilenetv3": 16, "efficientnet_b0": 16, "yolov8_nano": 9, "yolov8_small": 9}, "batch_size": 256}]}
