Setting default log level to "WARN".
To adjust logging level use sc.setLogLevel(newLevel). For SparkR, use setLogLevel(newLevel).
26/09/26 16:12:34 WARN NativeCodeLoader: Unable to load native-hadoop library for your platform... using builtin-java classes where applicable

[Stage 0:>                                                          (0 + 0) / 8]

[Stage 0:>                                                          (0 + 2) / 8]

[Stage 0:==============>                                            (2 + 2) / 8]

[Stage 0:=============================>                             (4 + 2) / 8]

[Stage 0:============================================>              (6 + 2) / 8]

[Stage 0:===================================================>       (7 + 1) / 8]

                                                                                
26/09/26 16:12:45 ERROR TransportResponseHandler: Still have 1 requests outstanding when connection from /10.0.0.178:42686 is closed
java.util.concurrent.RejectedExecutionException: Task scala.concurrent.impl.CallbackRunnable@499e11d6 rejected from java.util.concurrent.ThreadPoolExecutor@154cf21d[Terminated, pool size = 0, active threads = 0, queued tasks = 0, completed tasks = 0]
	at java.base/java.util.concurrent.ThreadPoolExecutor$AbortPolicy.rejectedExecution(ThreadPoolExecutor.java:2065)
	at java.base/java.util.concurrent.ThreadPoolExecutor.reject(ThreadPoolExecutor.java:833)
	at java.base/java.util.concurrent.ThreadPoolExecutor.execute(ThreadPoolExecutor.java:1365)
	at scala.concurrent.impl.ExecutionContextImpl$$anon$4.execute(ExecutionContextImpl.scala:138)
	at scala.concurrent.impl.CallbackRunnable.executeWithValue(Promise.scala:72)
	at scala.concurrent.impl.Promise$DefaultPromise.$anonfun$tryComplete$1(Promise.scala:288)
	at scala.concurrent.impl.Promise$DefaultPromise.$anonfun$tryComplete$1$adapted(Promise.scala:288)
	at scala.concurrent.impl.Promise$DefaultPromise.tryComplete(Promise.scala:288)
	at scala.concurrent.Promise.complete(Promise.scala:53)
	at scala.concurrent.Promise.complete$(Promise.scala:52)
	at scala.concurrent.impl.Promise$DefaultPromise.complete(Promise.scala:187)
	at scala.concurrent.impl.Promise.$anonfun$transform$1(Promise.scala:33)
	at scala.concurrent.impl.CallbackRunnable.run(Promise.scala:64)
	at org.apache.spark.util.ThreadUtils$$anon$1.execute(ThreadUtils.scala:99)
	at scala.concurrent.impl.ExecutionContextImpl$$anon$4.execute(ExecutionContextImpl.scala:138)
	at scala.concurrent.impl.CallbackRunnable.executeWithValue(Promise.scala:72)
	at scala.concurrent.impl.Promise$DefaultPromise.$anonfun$tryComplete$1(Promise.scala:288)
	at scala.concurrent.impl.Promise$DefaultPromise.$anonfun$tryComplete$1$adapted(Promise.scala:288)
	at scala.concurrent.impl.Promise$DefaultPromise.tryComplete(Promise.scala:288)
	at scala.concurrent.Promise.complete(Promise.scala:53)
	at scala.concurrent.Promise.complete$(Promise.scala:52)
	at scala.concurrent.impl.Promise$DefaultPromise.complete(Promise.scala:187)
	at scala.concurrent.impl.Promise.$anonfun$transform$1(Promise.scala:33)
	at scala.concurrent.impl.CallbackRunnable.run(Promise.scala:64)
	at scala.concurrent.BatchingExecutor$Batch.processBatch$1(BatchingExecutor.scala:67)
	at scala.concurrent.BatchingExecutor$Batch.$anonfun$run$1(BatchingExecutor.scala:82)
	at scala.runtime.java8.JFunction0$mcV$sp.apply(JFunction0$mcV$sp.java:23)
	at scala.concurrent.BlockContext$.withBlockContext(BlockContext.scala:85)
	at scala.concurrent.BatchingExecutor$Batch.run(BatchingExecutor.scala:59)
	at scala.concurrent.Future$InternalCallbackExecutor$.unbatchedExecute(Future.scala:875)
	at scala.concurrent.BatchingExecutor.execute(BatchingExecutor.scala:110)
	at scala.concurrent.BatchingExecutor.execute$(BatchingExecutor.scala:107)
	at scala.concurrent.Future$InternalCallbackExecutor$.execute(Future.scala:873)
	at scala.concurrent.impl.CallbackRunnable.executeWithValue(Promise.scala:72)
	at scala.concurrent.impl.Promise$DefaultPromise.$anonfun$tryComplete$1(Promise.scala:288)
	at scala.concurrent.impl.Promise$DefaultPromise.$anonfun$tryComplete$1$adapted(Promise.scala:288)
	at scala.concurrent.impl.Promise$DefaultPromise.tryComplete(Promise.scala:288)
	at scala.concurrent.Promise.tryFailure(Promise.scala:112)
	at scala.concurrent.Promise.tryFailure$(Promise.scala:112)
	at scala.concurrent.impl.Promise$DefaultPromise.tryFailure(Promise.scala:187)
	at org.apache.spark.rpc.netty.NettyRpcEnv.org$apache$spark$rpc$netty$NettyRpcEnv$$onFailure$1(NettyRpcEnv.scala:214)
	at org.apache.spark.rpc.netty.NettyRpcEnv.$anonfun$askAbortable$6(NettyRpcEnv.scala:245)
	at org.apache.spark.rpc.netty.NettyRpcEnv.$anonfun$askAbortable$6$adapted(NettyRpcEnv.scala:245)
	at org.apache.spark.rpc.netty.RpcOutboxMessage.onFailure(Outbox.scala:86)
	at org.apache.spark.network.client.TransportResponseHandler.failOutstandingRequests(TransportResponseHandler.java:118)
	at org.apache.spark.network.client.TransportResponseHandler.channelInactive(TransportResponseHandler.java:147)
	at org.apache.spark.network.server.TransportChannelHandler.channelInactive(TransportChannelHandler.java:117)
	at io.netty.channel.AbstractChannelHandlerContext.invokeChannelInactive(AbstractChannelHandlerContext.java:305)
	at io.netty.channel.AbstractChannelHandlerContext.invokeChannelInactive(AbstractChannelHandlerContext.java:281)
	at io.netty.channel.AbstractChannelHandlerContext.fireChannelInactive(AbstractChannelHandlerContext.java:274)
	at io.netty.channel.ChannelInboundHandlerAdapter.channelInactive(ChannelInboundHandlerAdapter.java:81)
	at io.netty.handler.timeout.IdleStateHandler.channelInactive(IdleStateHandler.java:277)
	at io.netty.channel.AbstractChannelHandlerContext.invokeChannelInactive(AbstractChannelHandlerContext.java:303)
	at io.netty.channel.AbstractChannelHandlerContext.invokeChannelInactive(AbstractChannelHandlerContext.java:281)
	at io.netty.channel.AbstractChannelHandlerContext.fireChannelInactive(AbstractChannelHandlerContext.java:274)
	at io.netty.channel.ChannelInboundHandlerAdapter.channelInactive(ChannelInboundHandlerAdapter.java:81)
	at org.apache.spark.network.util.TransportFrameDecoder.channelInactive(TransportFrameDecoder.java:225)
	at io.netty.channel.AbstractChannelHandlerContext.invokeChannelInactive(AbstractChannelHandlerContext.java:305)
	at io.netty.channel.AbstractChannelHandlerContext.invokeChannelInactive(AbstractChannelHandlerContext.java:281)
	at io.netty.channel.AbstractChannelHandlerContext.fireChannelInactive(AbstractChannelHandlerContext.java:274)
	at io.netty.channel.DefaultChannelPipeline$HeadContext.channelInactive(DefaultChannelPipeline.java:1405)
	at io.netty.channel.AbstractChannelHandlerContext.invokeChannelInactive(AbstractChannelHandlerContext.java:301)
	at io.netty.channel.AbstractChannelHandlerContext.invokeChannelInactive(AbstractChannelHandlerContext.java:281)
	at io.netty.channel.DefaultChannelPipeline.fireChannelInactive(DefaultChannelPipeline.java:901)
	at io.netty.channel.AbstractChannel$AbstractUnsafe$7.run(AbstractChannel.java:813)
	at io.netty.util.concurrent.AbstractEventExecutor.runTask(AbstractEventExecutor.java:174)
	at io.netty.util.concurrent.AbstractEventExecutor.safeExecute(AbstractEventExecutor.java:167)
	at io.netty.util.concurrent.SingleThreadEventExecutor.runAllTasksFrom(SingleThreadEventExecutor.java:426)
	at io.netty.util.concurrent.SingleThreadEventExecutor.runAllTasks(SingleThreadEventExecutor.java:375)
	at io.netty.util.concurrent.SingleThreadEventExecutor.confirmShutdown(SingleThreadEventExecutor.java:763)
	at io.netty.channel.nio.NioEventLoop.run(NioEventLoop.java:596)
	at io.netty.util.concurrent.SingleThreadEventExecutor$4.run(SingleThreadEventExecutor.java:997)
	at io.netty.util.internal.ThreadExecutorMap$2.run(ThreadExecutorMap.java:74)
	at io.netty.util.concurrent.FastThreadLocalRunnable.run(FastThreadLocalRunnable.java:30)
	at java.base/java.lang.Thread.run(Thread.java:840)
RESULT_JSON {"app": "modes-resnet18-rdd_gpu_aware", "app_id": "app-20260926161235-0017", "mode": "rdd_gpu_aware", "model": "resnet18", "partitions": 8, "batch_size": 64, "samples": 256, "setup_s": 1.6, "start_epoch": 1790439155.8228111, "wall_s": 9.162, "processed": 256, "throughput": 27.9, "end_epoch": 1790439164.9843795, "partition_details": [{"partition_idx": 0, "executor_id": "ip-10-0-0-178_2198", "hostname": "ip-10-0-0-178", "device": "cuda", "cuda_available": true, "model_load_time_sec": 1.7594, "inference_time_sec": 0.2366, "total_task_time_sec": 0.2366, "samples_processed": 32, "per_model_processed": {"resnet18": 32}, "batch_size": 64}, {"partition_idx": 1, "executor_id": "ip-10-0-0-178_2199", "hostname": "ip-10-0-0-178", "device": "cuda", "cuda_available": true, "model_load_time_sec": 1.7577, "inference_time_sec": 0.2337, "total_task_time_sec": 0.2337, "samples_processed": 32, "per_model_processed": {"resnet18": 32}, "batch_size": 64}, {"partition_idx": 2, "executor_id": "ip-10-0-0-178_2199", "hostname": "ip-10-0-0-178", "device": "cuda", "cuda_available": true, "model_load_time_sec": 0.2675, "inference_time_sec": 0.0072, "total_task_time_sec": 0.0072, "samples_processed": 32, "per_model_processed": {"resnet18": 32}, "batch_size": 64}, {"partition_idx": 3, "executor_id": "ip-10-0-0-178_2198", "hostname": "ip-10-0-0-178", "device": "cuda", "cuda_available": true, "model_load_time_sec": 0.2826, "inference_time_sec": 0.0077, "total_task_time_sec": 0.0077, "samples_processed": 32, "per_model_processed": {"resnet18": 32}, "batch_size": 64}, {"partition_idx": 4, "executor_id": "ip-10-0-0-178_2199", "hostname": "ip-10-0-0-178", "device": "cuda", "cuda_available": true, "model_load_time_sec": 0.3314, "inference_time_sec": 0.0071, "total_task_time_sec": 0.0071, "samples_processed": 32, "per_model_processed": {"resnet18": 32}, "batch_size": 64}, {"partition_idx": 5, "executor_id": "ip-10-0-0-178_2198", "hostname": "ip-10-0-0-178", "device": "cuda", "cuda_available": true, "model_load_time_sec": 0.2269, "inference_time_sec": 0.0107, "total_task_time_sec": 0.0107, "samples_processed": 32, "per_model_processed": {"resnet18": 32}, "batch_size": 64}, {"partition_idx": 6, "executor_id": "ip-10-0-0-178_2198", "hostname": "ip-10-0-0-178", "device": "cuda", "cuda_available": true, "model_load_time_sec": 0.2278, "inference_time_sec": 0.0074, "total_task_time_sec": 0.0074, "samples_processed": 32, "per_model_processed": {"resnet18": 32}, "batch_size": 64}, {"partition_idx": 7, "executor_id": "ip-10-0-0-178_2199", "hostname": "ip-10-0-0-178", "device": "cuda", "cuda_available": true, "model_load_time_sec": 0.2418, "inference_time_sec": 0.0073, "total_task_time_sec": 0.0073, "samples_processed": 32, "per_model_processed": {"resnet18": 32}, "batch_size": 64}]}
