docker.exe :  Network airgap-sim_default Creating 
At D:\pytorch-spark-inference-platform 1\deploy\airgap_sim_tests.ps1:30 char:73
+ ... emainingArguments = $true)]$a) & docker compose -f $Compose @a 2>&1 }
+                                    ~~~~~~~~~~~~~~~~~~~~~~~~~~~~~~~~~~~~
    + CategoryInfo          : NotSpecified: ( Network airgap-sim_default Creating :String) [], RemoteException
    + FullyQualifiedErrorId : NativeCommandError
 
 Network airgap-sim_default Created 
 Volume airgap-sim_hdfs-data Creating 
 Volume airgap-sim_hdfs-data Created 
 Volume airgap-sim_hdfs-name Creating 
 Volume airgap-sim_hdfs-name Created 
 Container sim-hdfs-namenode Creating 
 Container sim-hdfs-namenode Created 
 Container sim-hdfs-datanode Creating 
 Container sim-hdfs-datanode Created 
Attaching to sim-hdfs-datanode, sim-hdfs-namenode
 Container sim-hdfs-namenode Starting 
 Container sim-hdfs-namenode Started 
 Container sim-hdfs-namenode Waiting 
sim-hdfs-namenode  | 2026-09-27 05:43:46 INFO  NameNode:809 - STARTUP_MSG: 
sim-hdfs-namenode  | /************************************************************
sim-hdfs-namenode  | STARTUP_MSG: Starting NameNode
sim-hdfs-namenode  | STARTUP_MSG:   host = hdfs-namenode/172.21.0.2
sim-hdfs-namenode  | STARTUP_MSG:   args = []
sim-hdfs-namenode  | STARTUP_MSG:   version = 3.4.1
sim-hdfs-namenode  | STARTUP_MSG:   classpath = /opt/hadoop/etc/hadoop:/opt/hadoop/share/hadoop/common/lib/netty-transport-classes-epoll-4.1.100.Final.jar:/opt/hadoop/share/hadoop/common/lib/jetty-security-9.4.53.v20231009.jar:/opt/hadoop/share/hadoop/common/lib/curator-recipes-5.2.0.jar:/opt/hadoop/share/hadoop/common/lib/netty-codec-stomp-4.1.100.Final.jar:/opt/hadoop/share/hadoop/common/lib/netty-codec-haproxy-4.1.100.Final.jar:/opt/hadoop/share/hadoop/common/lib/netty-resolver-dns-classes-macos-4.1.100.Final.jar:/opt/hadoop/share/hadoop/common/lib/commons-beanutils-1.9.4.jar:/opt/hadoop/share/hadoop/common/lib/netty-transport-udt-4.1.100.Final.jar:/opt/hadoop/share/hadoop/common/lib/jetty-servlet-9.4.53.v20231009.jar:/opt/hadoop/share/hadoop/common/lib/nimbus-jose-jwt-9.37.2.jar:/opt/hadoop/share/hadoop/common/lib/jaxb-api-2.2.11.jar:/opt/hadoop/share/hadoop/common/lib/netty-transport-native-epoll-4.1.100.Final-linux-aarch_64.jar:/opt/hadoop/share/hadoop/common/lib/netty-common-4.1.100.Final.jar:/opt/hadoop/share/hadoop/common/lib/hadoop-auth-3.4.1.jar:/opt/hadoop/share/hadoop/common/lib/commons-net-3.9.0.jar:/opt/hadoop/share/hadoop/common/lib/gson-2.9.0.jar:/opt/hadoop/share/hadoop/common/lib/jersey-core-1.19.4.jar:/opt/hadoop/share/hadoop/common/lib/hadoop-annotations-3.4.1.jar:/opt/hadoop/share/hadoop/common/lib/kerby-asn1-2.0.3.jar:/opt/hadoop/share/hadoop/common/lib/commons-math3-3.6.1.jar:/opt/hadoop/share/hadoop/common/lib/jackson-annotations-2.12.7.jar:/opt/hadoop/share/hadoop/common/lib/netty-resolver-dns-4.1.100.Final.jar:/opt/hadoop/share/hadoop/common/lib/jsr305-3.0.2.jar:/opt/hadoop/share/hadoop/common/lib/failureaccess-1.0.jar:/opt/hadoop/share/hadoop/common/lib/commons-io-2.16.1.jar:/opt/hadoop/share/hadoop/common/lib/kerby-config-2.0.3.jar:/opt/hadoop/share/hadoop/common/lib/commons-logging-1.2.jar:/opt/hadoop/share/hadoop/common/lib/jetty-http-9.4.53.v20231009.jar:/opt/hadoop/share/hadoop/common/lib/kerb-core-2.0.3.jar:/opt/hadoop/share/hadoop/common/lib/jsr311-api-1.1.1.jar:/opt/hadoop/share/hadoop/common/lib/commons-configuration2-2.10.1.jar:/opt/hadoop/share/hadoop/common/lib/kerby-pkix-2.0.3.jar:/opt/hadoop/share/hadoop/common/lib/j2objc-annotations-1.1.jar:/opt/hadoop/share/hadoop/common/lib/snappy-java-1.1.10.4.jar:/opt/hadoop/share/hadoop/common/lib/jakarta.activation-api-1.2.1.jar:/opt/hadoop/share/hadoop/common/lib/netty-handler-proxy-4.1.100.Final.jar:/opt/hadoop/share/hadoop/common/lib/checker-qual-2.5.2.jar:/opt/hadoop/share/hadoop/common/lib/jetty-xml-9.4.53.v20231009.jar:/opt/hadoop/share/hadoop/common/lib/guava-27.0-jre.jar:/opt/hadoop/share/hadoop/common/lib/commons-codec-1.15.jar:/opt/hadoop/share/hadoop/common/lib/audience-annotations-0.12.0.jar:/opt/hadoop/share/hadoop/common/lib/jaxb-impl-2.2.3-1.jar:/opt/hadoop/share/hadoop/common/lib/jsp-api-2.1.jar:/opt/hadoop/share/hadoop/common/lib/jersey-json-1.22.0.jar:/opt/hadoop/share/hadoop/common/lib/jackson-databind-2.12.7.1.jar:/opt/hadoop/share/hadoop/common/lib/dnsjava-3.6.1.jar:/opt/hadoop/share/hadoop/common/lib/commons-text-1.10.0.jar:/opt/hadoop/share/hadoop/common/lib/netty-codec-memcache-4.1.100.Final.jar:/opt/hadoop/share/hadoop/common/lib/netty-handler-4.1.100.Final.jar:/opt/hadoop/share/hadoop/common/lib/netty-codec-http-4.1.100.Final.jar:/opt/hadoop/share/hadoop/common/lib/avro-1.9.2.jar:/opt/hadoop/share/hadoop/common/lib/jersey-servlet-1.19.4.jar:/opt/hadoop/share/hadoop/common/lib/jetty-io-9.4.53.v20231009.jar:/opt/hadoop/share/hadoop/common/lib/netty-transport-native-epoll-4.1.100.Final.jar:/opt/hadoop/share/hadoop/common/lib/netty-resolver-dns-native-macos-4.1.100.Final-osx-x86_64.jar:/opt/hadoop/share/hadoop/common/lib/stax2-api-4.2.1.jar:/opt/hadoop/share/hadoop/common/lib/jersey-server-1.19.4.jar:/opt/hadoop/share/hadoop/common/lib/curator-client-5.2.0.jar:/opt/hadoop/share/hadoop/common/lib/netty-handler-ssl-ocsp-4.1.100.Final.jar:/opt/hadoop/share/hadoop/common/lib/netty-codec-4.1.100.Final.jar:/opt/hadoop/share/hadoop/common/lib/jetty-util-9.4.53.v20231009.jar:/opt/hadoop/share/hadoop/common/lib/zookeeper-3.8.4.jar:/opt/hadoop/share/hadoop/common/lib/netty-transport-4.1.100.Final.jar:/opt/hadoop/share/hadoop/common/lib/netty-resolver-dns-native-macos-4.1.100.Final-osx-aarch_64.jar:/opt/hadoop/share/hadoop/common/lib/netty-codec-smtp-4.1.100.Final.jar:/opt/hadoop/share/hadoop/common/lib/kerb-util-2.0.3.jar:/opt/hadoop/share/hadoop/common/lib/httpclient-4.5.13.jar:/opt/hadoop/share/hadoop/common/lib/httpcore-4.4.13.jar:/opt/hadoop/share/hadoop/common/lib/netty-transport-native-kqueue-4.1.100.Final-osx-x86_64.jar:/opt/hadoop/share/hadoop/common/lib/zookeeper-jute-3.8.4.jar:/opt/hadoop/share/hadoop/common/lib/curator-framework-5.2.0.jar:/opt/hadoop/share/hadoop/common/lib/commons-lang3-3.12.0.jar:/opt/hadoop/share/hadoop/common/lib/woodstox-core-5.4.0.jar:/opt/hadoop/share/hadoop/common/lib/kerb-crypto-2.0.3.jar:/opt/hadoop/share/hadoop/common/lib/jackson-core-2.12.7.jar:/opt/hadoop/share/hadoop/common/lib/commons-daemon-1.0.13.jar:/opt/hadoop/share/hadoop/common/lib/jetty-server-9.4.53.v20231009.jar:/opt/hadoop/share/hadoop/common/lib/commons-compress-1.26.1.jar:/opt/hadoop/share/hadoop/common/lib/netty-transport-sctp-4.1.100.Final.jar:/opt/hadoop/share/hadoop/common/lib/slf4j-reload4j-1.7.36.jar:/opt/hadoop/share/hadoop/common/lib/netty-codec-http2-4.1.100.Final.jar:/opt/hadoop/share/hadoop/common/lib/netty-codec-mqtt-4.1.100.Final.jar:/opt/hadoop/share/hadoop/common/lib/netty-transport-native-kqueue-4.1.100.Final-osx-aarch_64.jar:/opt/hadoop/share/hadoop/common/lib/bcprov-jdk18on-1.78.1.jar:/opt/hadoop/share/hadoop/common/lib/animal-sniffer-annotations-1.17.jar:/opt/hadoop/share/hadoop/common/lib/netty-codec-dns-4.1.100.Final.jar:/opt/hadoop/share/hadoop/common/lib/jul-to-slf4j-1.7.36.jar:/opt/hadoop/share/hadoop/common/lib/netty-transport-native-unix-common-4.1.100.Final.jar:/opt/hadoop/share/hadoop/common/lib/reload4j-1.2.22.jar:/opt/hadoop/share/hadoop/common/lib/jsch-0.1.55.jar:/opt/hadoop/share/hadoop/common/lib/netty-transport-classes-kqueue-4.1.100.Final.jar:/opt/hadoop/share/hadoop/common/lib/jetty-util-ajax-9.4.53.v20231009.jar:/opt/hadoop/share/hadoop/common/lib/netty-codec-redis-4.1.100.Final.jar:/opt/hadoop/share/hadoop/common/lib/hadoop-shaded-protobuf_3_25-1.3.0.jar:/opt/hadoop/share/hadoop/common/lib/kerby-util-2.0.3.jar:/opt/hadoop/share/hadoop/common/lib/slf4j-api-1.7.36.jar:/opt/hadoop/share/hadoop/common/lib/jcip-annotations-1.0-1.jar:/opt/hadoop/share/hadoop/common/lib/netty-all-4.1.100.Final.jar:/opt/hadoop/share/hadoop/common/lib/jettison-1.5.4.jar:/opt/hadoop/share/hadoop/common/lib/javax.servlet-api-3.1.0.jar:/opt/hadoop/share/hadoop/common/lib/netty-transport-native-epoll-4.1.100.Final-linux-x86_64.jar:/opt/hadoop/share/hadoop/common/lib/hadoop-shaded-guava-1.3.0.jar:/opt/hadoop/share/hadoop/common/lib/netty-resolver-4.1.100.Final.jar:/opt/hadoop/share/hadoop/common/lib/commons-collections-3.2.2.jar:/opt/hadoop/share/hadoop/common/lib/re2j-1.1.jar:/opt/hadoop/share/hadoop/common/lib/netty-codec-socks-4.1.100.Final.jar:/opt/hadoop/share/hadoop/common/lib/netty-transport-rxtx-4.1.100.Final.jar:/opt/hadoop/share/hadoop/common/lib/listenablefuture-9999.0-empty-to-avoid-conflict-with-guava.jar:/opt/hadoop/share/hadoop/common/lib/jetty-webapp-9.4.53.v20231009.jar:/opt/hadoop/share/hadoop/common/lib/commons-cli-1.5.0.jar:/opt/hadoop/share/hadoop/common/lib/metrics-core-3.2.4.jar:/opt/hadoop/share/hadoop/common/lib/netty-codec-xml-4.1.100.Final.jar:/opt/hadoop/share/hadoop/common/lib/netty-buffer-4.1.100.Final.jar:/opt/hadoop/share/hadoop/common/hadoop-common-3.4.1-tests.jar:/opt/hadoop/share/hadoop/common/hadoop-nfs-3.4.1.jar:/opt/hadoop/share/hadoop/common/hadoop-registry-3.4.1.jar:/opt/hadoop/share/hadoop/common/hadoop-common-3.4.1.jar:/opt/hadoop/share/hadoop/common/hadoop-kms-3.4.1.jar:/opt/hadoop/share/hadoop/hdfs:/opt/hadoop/share/hadoop/hdfs/lib/netty-transport-classes-epoll-4.1.100.Final.jar:/opt/hadoop/share/hadoop/hdfs/lib/jetty-security-9.4.53.v20231009.jar:/opt/hadoop/share/hadoop/hdfs/lib/curator-recipes-5.2.0.jar:/opt/hadoop/share/hadoop/hdfs/lib/netty-codec-stomp-4.1.100.Final.jar:/opt/hadoop/share/hadoop/hdfs/lib/netty-codec-haproxy-4.1.100.Final.jar:/opt/hadoop/share/hadoop/hdfs/lib/netty-resolver-dns-classes-macos-4.1.100.Final.jar:/opt/hadoop/share/hadoop/hdfs/lib/commons-beanutils-1.9.4.jar:/opt/hadoop/share/hadoop/hdfs/lib/netty-transport-udt-4.1.100.Final.jar:/opt/hadoop/share/hadoop/hdfs/lib/jetty-servlet-9.4.53.v20231009.jar:/opt/hadoop/share/hadoop/hdfs/lib/nimbus-jose-jwt-9.37.2.jar:/opt/hadoop/share/hadoop/hdfs/lib/jaxb-api-2.2.11.jar:/opt/hadoop/share/hadoop/hdfs/lib/netty-transport-native-epoll-4.1.100.Final-linux-aarch_64.jar:/opt/hadoop/share/hadoop/hdfs/lib/netty-common-4.1.100.Final.jar:/opt/hadoop/share/hadoop/hdfs/lib/hadoop-auth-3.4.1.jar:/opt/hadoop/share/hadoop/hdfs/lib/commons-net-3.9.0.jar:/opt/hadoop/share/hadoop/hdfs/lib/gson-2.9.0.jar:/opt/hadoop/share/hadoop/hdfs/lib/jersey-core-1.19.4.jar:/opt/hadoop/share/hadoop/hdfs/lib/hadoop-annotations-3.4.1.jar:/opt/hadoop/share/hadoop/hdfs/lib/kerby-asn1-2.0.3.jar:/opt/hadoop/share/hadoop/hdfs/lib/commons-math3-3.6.1.jar:/opt/hadoop/share/hadoop/hdfs/lib/jackson-annotations-2.12.7.jar:/opt/hadoop/share/hadoop/hdfs/lib/netty-resolver-dns-4.1.100.Final.jar:/opt/hadoop/share/hadoop/hdfs/lib/jsr305-3.0.2.jar:/opt/hadoop/share/hadoop/hdfs/lib/failureaccess-1.0.jar:/opt/hadoop/share/hadoop/hdfs/lib/commons-io-2.16.1.jar:/opt/hadoop/share/hadoop/hdfs/lib/kerby-config-2.0.3.jar:/opt/hadoop/share/hadoop/hdfs/lib/commons-logging-1.2.jar:/opt/hadoop/share/hadoop/hdfs/lib/jetty-http-9.4.53.v20231009.jar:/opt/hadoop/share/hadoop/hdfs/lib/kerb-core-2.0.3.jar:/opt/hadoop/share/hadoop/hdfs/lib/jsr311-api-1.1.1.jar:/opt/hadoop/share/hadoop/hdfs/lib/commons-configuration2-2.10.1.jar:/opt/hadoop/share/hadoop/hdfs/lib/kerby-pkix-2.0.3.jar:/opt/hadoop/share/hadoop/hdfs/lib/j2objc-annotations-1.1.jar:/opt/hadoop/share/hadoop/hdfs/lib/snappy-java-1.1.10.4.jar:/opt/hadoop/share/hadoop/hdfs/lib/jakarta.activation-api-1.2.1.jar:/opt/hadoop/share/hadoop/hdfs/lib/netty-handler-proxy-4.1.100.Final.jar:/opt/hadoop/share/hadoop/hdfs/lib/checker-qual-2.5.2.jar:/opt/hadoop/share/hadoop/hdfs/lib/jetty-xml-9.4.53.v20231009.jar:/opt/hadoop/share/hadoop/hdfs/lib/guava-27.0-jre.jar:/opt/hadoop/share/hadoop/hdfs/lib/commons-codec-1.15.jar:/opt/hadoop/share/hadoop/hdfs/lib/audience-annotations-0.12.0.jar:/opt/hadoop/share/hadoop/hdfs/lib/jaxb-impl-2.2.3-1.jar:/opt/hadoop/share/hadoop/hdfs/lib/jersey-json-1.22.0.jar:/opt/hadoop/share/hadoop/hdfs/lib/jackson-databind-2.12.7.1.jar:/opt/hadoop/share/hadoop/hdfs/lib/dnsjava-3.6.1.jar:/opt/hadoop/share/hadoop/hdfs/lib/commons-text-1.10.0.jar:/opt/hadoop/share/hadoop/hdfs/lib/netty-codec-memcache-4.1.100.Final.jar:/opt/hadoop/share/hadoop/hdfs/lib/netty-handler-4.1.100.Final.jar:/opt/hadoop/share/hadoop/hdfs/lib/netty-codec-http-4.1.100.Final.jar:/opt/hadoop/share/hadoop/hdfs/lib/avro-1.9.2.jar:/opt/hadoop/share/hadoop/hdfs/lib/jersey-servlet-1.19.4.jar:/opt/hadoop/share/hadoop/hdfs/lib/jetty-io-9.4.53.v20231009.jar:/opt/hadoop/share/hadoop/hdfs/lib/netty-transport-native-epoll-4.1.100.Final.jar:/opt/hadoop/share/hadoop/hdfs/lib/netty-resolver-dns-native-macos-4.1.100.Final-osx-x86_64.jar:/opt/hadoop/share/hadoop/hdfs/lib/stax2-api-4.2.1.jar:/opt/hadoop/share/hadoop/hdfs/lib/leveldbjni-all-1.8.jar:/opt/hadoop/share/hadoop/hdfs/lib/jersey-server-1.19.4.jar:/opt/hadoop/share/hadoop/hdfs/lib/json-simple-1.1.1.jar:/opt/hadoop/share/hadoop/hdfs/lib/curator-client-5.2.0.jar:/opt/hadoop/share/hadoop/hdfs/lib/netty-handler-ssl-ocsp-4.1.100.Final.jar:/opt/hadoop/share/hadoop/hdfs/lib/netty-codec-4.1.100.Final.jar:/opt/hadoop/share/hadoop/hdfs/lib/jetty-util-9.4.53.v20231009.jar:/opt/hadoop/share/hadoop/hdfs/lib/zookeeper-3.8.4.jar:/opt/hadoop/share/hadoop/hdfs/lib/netty-transport-4.1.100.Final.jar:/opt/hadoop/share/hadoop/hdfs/lib/netty-resolver-dns-native-macos-4.1.100.Final-osx-aarch_64.jar:/opt/hadoop/share/hadoop/hdfs/lib/netty-codec-smtp-4.1.100.Final.jar:/opt/hadoop/share/hadoop/hdfs/lib/kerb-util-2.0.3.jar:/opt/hadoop/share/hadoop/hdfs/lib/httpclient-4.5.13.jar:/opt/hadoop/share/hadoop/hdfs/lib/httpcore-4.4.13.jar:/opt/hadoop/share/hadoop/hdfs/lib/netty-transport-native-kqueue-4.1.100.Final-osx-x86_64.jar:/opt/hadoop/share/hadoop/hdfs/lib/zookeeper-jute-3.8.4.jar:/opt/hadoop/share/hadoop/hdfs/lib/curator-framework-5.2.0.jar:/opt/hadoop/share/hadoop/hdfs/lib/commons-lang3-3.12.0.jar:/opt/hadoop/share/hadoop/hdfs/lib/woodstox-core-5.4.0.jar:/opt/hadoop/share/hadoop/hdfs/lib/kerb-crypto-2.0.3.jar:/opt/hadoop/share/hadoop/hdfs/lib/jackson-core-2.12.7.jar:/opt/hadoop/share/hadoop/hdfs/lib/commons-daemon-1.0.13.jar:/opt/hadoop/share/hadoop/hdfs/lib/jetty-server-9.4.53.v20231009.jar:/opt/hadoop/share/hadoop/hdfs/lib/commons-compress-1.26.1.jar:/opt/hadoop/share/hadoop/hdfs/lib/netty-transport-sctp-4.1.100.Final.jar:/opt/hadoop/share/hadoop/hdfs/lib/netty-codec-http2-4.1.100.Final.jar:/opt/hadoop/share/hadoop/hdfs/lib/netty-codec-mqtt-4.1.100.Final.jar:/opt/hadoop/share/hadoop/hdfs/lib/netty-transport-native-kqueue-4.1.100.Final-osx-aarch_64.jar:/opt/hadoop/share/hadoop/hdfs/lib/animal-sniffer-annotations-1.17.jar:/opt/hadoop/share/hadoop/hdfs/lib/netty-codec-dns-4.1.100.Final.jar:/opt/hadoop/share/hadoop/hdfs/lib/netty-transport-native-unix-common-4.1.100.Final.jar:/opt/hadoop/share/hadoop/hdfs/lib/reload4j-1.2.22.jar:/opt/hadoop/share/hadoop/hdfs/lib/jsch-0.1.55.jar:/opt/hadoop/share/hadoop/hdfs/lib/netty-transport-classes-kqueue-4.1.100.Final.jar:/opt/hadoop/share/hadoop/hdfs/lib/jetty-util-ajax-9.4.53.v20231009.jar:/opt/hadoop/share/hadoop/hdfs/lib/netty-codec-redis-4.1.100.Final.jar:/opt/hadoop/share/hadoop/hdfs/lib/hadoop-shaded-protobuf_3_25-1.3.0.jar:/opt/hadoop/share/hadoop/hdfs/lib/kerby-util-2.0.3.jar:/opt/hadoop/share/hadoop/hdfs/lib/HikariCP-4.0.3.jar:/opt/hadoop/share/hadoop/hdfs/lib/jcip-annotations-1.0-1.jar:/opt/hadoop/share/hadoop/hdfs/lib/netty-all-4.1.100.Final.jar:/opt/hadoop/share/hadoop/hdfs/lib/jettison-1.5.4.jar:/opt/hadoop/share/hadoop/hdfs/lib/javax.servlet-api-3.1.0.jar:/opt/hadoop/share/hadoop/hdfs/lib/netty-transport-native-epoll-4.1.100.Final-linux-x86_64.jar:/opt/hadoop/share/hadoop/hdfs/lib/hadoop-shaded-guava-1.3.0.jar:/opt/hadoop/share/hadoop/hdfs/lib/netty-resolver-4.1.100.Final.jar:/opt/hadoop/share/hadoop/hdfs/lib/commons-collections-3.2.2.jar:/opt/hadoop/share/hadoop/hdfs/lib/re2j-1.1.jar:/opt/hadoop/share/hadoop/hdfs/lib/netty-codec-socks-4.1.100.Final.jar:/opt/hadoop/share/hadoop/hdfs/lib/netty-transport-rxtx-4.1.100.Final.jar:/opt/hadoop/share/hadoop/hdfs/lib/listenablefuture-9999.0-empty-to-avoid-conflict-with-guava.jar:/opt/hadoop/share/hadoop/hdfs/lib/jetty-webapp-9.4.53.v20231009.jar:/opt/hadoop/share/hadoop/hdfs/lib/commons-cli-1.5.0.jar:/opt/hadoop/share/hadoop/hdfs/lib/metrics-core-3.2.4.jar:/opt/hadoop/share/hadoop/hdfs/lib/netty-codec-xml-4.1.100.Final.jar:/opt/hadoop/share/hadoop/hdfs/lib/netty-buffer-4.1.100.Final.jar:/opt/hadoop/share/hadoop/hdfs/hadoop-hdfs-nfs-3.4.1.jar:/opt/hadoop/share/hadoop/hdfs/hadoop-hdfs-rbf-3.4.1.jar:/opt/hadoop/share/hadoop/hdfs/hadoop-hdfs-3.4.1.jar:/opt/hadoop/share/hadoop/hdfs/hadoop-hdfs-client-3.4.1.jar:/opt/hadoop/share/hadoop/hdfs/hadoop-hdfs-native-client-3.4.1.jar:/opt/hadoop/share/hadoop/hdfs/hadoop-hdfs-native-client-3.4.1-tests.jar:/opt/hadoop/share/hadoop/hdfs/hadoop-hdfs-httpfs-3.4.1.jar:/opt/hadoop/share/hadoop/hdfs/hadoop-hdfs-client-3.4.1-tests.jar:/opt/hadoop/share/hadoop/hdfs/hadoop-hdfs-rbf-3.4.1-tests.jar:/opt/hadoop/share/hadoop/hdfs/hadoop-hdfs-3.4.1-tests.jar:/opt/hadoop/share/hadoop/mapreduce/hadoop-mapreduce-client-nativetask-3.4.1.jar:/opt/hadoop/share/hadoop/mapreduce/hadoop-mapreduce-client-shuffle-3.4.1.jar:/opt/hadoop/share/hadoop/mapreduce/hadoop-mapreduce-client-hs-plugins-3.4.1.jar:/opt/hadoop/share/hadoop/mapreduce/hadoop-mapreduce-client-jobclient-3.4.1-tests.jar:/opt/hadoop/share/hadoop/mapreduce/hadoop-mapreduce-client-hs-3.4.1.jar:/opt/hadoop/share/hadoop/mapreduce/hadoop-mapreduce-client-core-3.4.1.jar:/opt/hadoop/share/hadoop/mapreduce/hadoop-mapreduce-client-app-3.4.1.jar:/opt/hadoop/share/hadoop/mapreduce/hadoop-mapreduce-client-jobclient-3.4.1.jar:/opt/hadoop/share/hadoop/mapreduce/hadoop-mapreduce-examples-3.4.1.jar:/opt/hadoop/share/hadoop/mapreduce/hadoop-mapreduce-client-common-3.4.1.jar:/opt/hadoop/share/hadoop/mapreduce/hadoop-mapreduce-client-uploader-3.4.1.jar:/opt/hadoop/share/hadoop/yarn:/opt/hadoop/share/hadoop/yarn/lib/codemodel-2.6.jar:/opt/hadoop/share/hadoop/yarn/lib/jna-5.2.0.jar:/opt/hadoop/share/hadoop/yarn/lib/aopalliance-1.0.jar:/opt/hadoop/share/hadoop/yarn/lib/ehcache-3.8.2.jar:/opt/hadoop/share/hadoop/yarn/lib/websocket-servlet-9.4.53.v20231009.jar:/opt/hadoop/share/hadoop/yarn/lib/jackson-jaxrs-json-provider-2.12.7.jar:/opt/hadoop/share/hadoop/yarn/lib/txw2-2.3.1.jar:/opt/hadoop/share/hadoop/yarn/lib/stax-ex-1.8.jar:/opt/hadoop/share/hadoop/yarn/lib/asm-tree-9.6.jar:/opt/hadoop/share/hadoop/yarn/lib/javax.inject-1.jar:/opt/hadoop/share/hadoop/yarn/lib/jetty-jndi-9.4.53.v20231009.jar:/opt/hadoop/share/hadoop/yarn/lib/jetty-annotations-9.4.53.v20231009.jar:/opt/hadoop/share/hadoop/yarn/lib/bcutil-jdk18on-1.78.1.jar:/opt/hadoop/share/hadoop/yarn/lib/websocket-common-9.4.53.v20231009.jar:/opt/hadoop/share/hadoop/yarn/lib/jetty-plus-9.4.53.v20231009.jar:/opt/hadoop/share/hadoop/yarn/lib/jaxb-runtime-2.3.1.jar:/opt/hadoop/share/hadoop/yarn/lib/guice-4.2.3.jar:/opt/hadoop/share/hadoop/yarn/lib/javax.websocket-client-api-1.0.jar:/opt/hadoop/share/hadoop/yarn/lib/jersey-client-1.19.4.jar:/opt/hadoop/share/hadoop/yarn/lib/jackson-jaxrs-base-2.12.7.jar:/opt/hadoop/share/hadoop/yarn/lib/snakeyaml-2.0.jar:/opt/hadoop/share/hadoop/yarn/lib/websocket-client-9.4.53.v20231009.jar:/opt/hadoop/share/hadoop/yarn/lib/swagger-annotations-1.5.4.jar:/opt/hadoop/share/hadoop/yarn/lib/jakarta.xml.bind-api-2.3.2.jar:/opt/hadoop/share/hadoop/yarn/lib/istack-commons-runtime-3.0.7.jar:/opt/hadoop/share/hadoop/yarn/lib/objenesis-2.6.jar:/opt/hadoop/share/hadoop/yarn/lib/guice-servlet-4.2.3.jar:/opt/hadoop/share/hadoop/yarn/lib/bcpkix-jdk18on-1.78.1.jar:/opt/hadoop/share/hadoop/yarn/lib/javax-websocket-server-impl-9.4.53.v20231009.jar:/opt/hadoop/share/hadoop/yarn/lib/FastInfoset-1.2.15.jar:/opt/hadoop/share/hadoop/yarn/lib/websocket-api-9.4.53.v20231009.jar:/opt/hadoop/share/hadoop/yarn/lib/jline-3.9.0.jar:/opt/hadoop/share/hadoop/yarn/lib/commons-lang-2.6.jar:/opt/hadoop/share/hadoop/yarn/lib/javax.activation-api-1.2.0.jar:/opt/hadoop/share/hadoop/yarn/lib/jsonschema2pojo-core-1.0.2.jar:/opt/hadoop/share/hadoop/yarn/lib/websocket-server-9.4.53.v20231009.jar:/opt/hadoop/share/hadoop/yarn/lib/jackson-module-jaxb-annotations-2.12.7.jar:/opt/hadoop/share/hadoop/yarn/lib/asm-commons-9.6.jar:/opt/hadoop/share/hadoop/yarn/lib/mssql-jdbc-6.2.1.jre7.jar:/opt/hadoop/share/hadoop/yarn/lib/javax.websocket-api-1.0.jar:/opt/hadoop/share/hadoop/yarn/lib/cache-api-1.1.1.jar:/opt/hadoop/share/hadoop/yarn/lib/jersey-guice-1.19.4.jar:/opt/hadoop/share/hadoop/yarn/lib/jetty-client-9.4.53.v20231009.jar:/opt/hadoop/share/hadoop/yarn/lib/fst-2.50.jar:/opt/hadoop/share/hadoop/yarn/lib/javax-websocket-client-impl-9.4.53.v20231009.jar:/opt/hadoop/share/hadoop/yarn/hadoop-yarn-server-tests-3.4.1.jar:/opt/hadoop/share/hadoop/yarn/hadoop-yarn-registry-3.4.1.jar:/opt/hadoop/share/hadoop/yarn/hadoop-yarn-server-web-proxy-3.4.1.jar:/opt/hadoop/share/hadoop/yarn/hadoop-yarn-server-common-3.4.1.jar:/opt/hadoop/share/hadoop/yarn/hadoop-yarn-server-resourcemanager-3.4.1.jar:/opt/hadoop/share/hadoop/yarn/hadoop-yarn-server-globalpolicygenerator-3.4.1.jar:/opt/hadoop/share/hadoop/yarn/hadoop-yarn-server-applicationhistoryservice-3.4.1.jar:/opt/hadoop/share/hadoop/yarn/hadoop-yarn-common-3.4.1.jar:/opt/hadoop/share/hadoop/yarn/hadoop-yarn-server-sharedcachemanager-3.4.1.jar:/opt/hadoop/share/hadoop/yarn/hadoop-yarn-client-3.4.1.jar:/opt/hadoop/share/hadoop/yarn/hadoop-yarn-services-api-3.4.1.jar:/opt/hadoop/share/hadoop/yarn/hadoop-yarn-server-nodemanager-3.4.1.jar:/opt/hadoop/share/hadoop/yarn/hadoop-yarn-applications-distributedshell-3.4.1.jar:/opt/hadoop/share/hadoop/yarn/hadoop-yarn-services-core-3.4.1.jar:/opt/hadoop/share/hadoop/yarn/hadoop-yarn-server-router-3.4.1.jar:/opt/hadoop/share/hadoop/yarn/hadoop-yarn-api-3.4.1.jar:/opt/hadoop/share/hadoop/yarn/hadoop-yarn-applications-mawo-core-3.4.1.jar:/opt/hadoop/share/hadoop/yarn/hadoop-yarn-applications-unmanaged-am-launcher-3.4.1.jar:/opt/hadoop/share/hadoop/yarn/hadoop-yarn-server-timeline-pluginstorage-3.4.1.jar
sim-hdfs-namenode  | STARTUP_MSG:   build = https://github.com/apache/hadoop.git -r 4d7825309348956336b8f06a08322b78422849b1; compiled by 'mthakur' on 2024-10-09T14:57Z
sim-hdfs-namenode  | STARTUP_MSG:   java = 1.8.0_212
sim-hdfs-namenode  | ************************************************************/
sim-hdfs-namenode  | 2026-09-27 05:43:46 INFO  NameNode:91 - registered UNIX signal handlers for [TERM, HUP, INT]
sim-hdfs-namenode  | 2026-09-27 05:43:46 INFO  NameNode:1846 - createNameNode []
sim-hdfs-namenode  | 2026-09-27 05:43:46 INFO  MetricsConfig:122 - Loaded properties from hadoop-metrics2.properties
sim-hdfs-namenode  | 2026-09-27 05:43:47 INFO  MetricsSystemImpl:378 - Scheduled Metric snapshot period at 10 second(s).
sim-hdfs-namenode  | 2026-09-27 05:43:47 INFO  MetricsSystemImpl:191 - NameNode metrics system started
sim-hdfs-namenode  | 2026-09-27 05:43:47 INFO  NameNodeUtils:79 - fs.defaultFS is hdfs://hdfs-namenode:8020
sim-hdfs-namenode  | 2026-09-27 05:43:47 INFO  NameNode:1149 - Clients should use hdfs-namenode:8020 to access this namenode/service.
sim-hdfs-namenode  | 2026-09-27 05:43:47 INFO  JvmPauseMonitor:185 - Starting JVM pause monitor
sim-hdfs-namenode  | 2026-09-27 05:43:47 INFO  DFSUtil:1769 - Filter initializers set : org.apache.hadoop.http.lib.StaticUserWebFilter,org.apache.hadoop.hdfs.web.AuthFilterInitializer
sim-hdfs-namenode  | 2026-09-27 05:43:47 INFO  DFSUtil:1791 - Starting Web-server for hdfs at: http://0.0.0.0:9870
sim-hdfs-namenode  | 2026-09-27 05:43:47 INFO  log:170 - Logging initialized @3875ms to org.eclipse.jetty.util.log.Slf4jLog
sim-hdfs-namenode  | 2026-09-27 05:43:47 WARN  AuthenticationFilter:240 - Unable to initialize FileSignerSecretProvider, falling back to use random secrets. Reason: Could not read signature secret file: /opt/hadoop/hadoop-http-auth-signature-secret
sim-hdfs-namenode  | 2026-09-27 05:43:48 INFO  HttpServer2:1205 - Added global filter 'safety' (class=org.apache.hadoop.http.HttpServer2$QuotingInputFilter)
sim-hdfs-namenode  | 2026-09-27 05:43:48 INFO  HttpServer2:1178 - Added filter static_user_filter (class=org.apache.hadoop.http.lib.StaticUserWebFilter$StaticUserFilter) to context hdfs
sim-hdfs-namenode  | 2026-09-27 05:43:48 INFO  HttpServer2:1188 - Added filter static_user_filter (class=org.apache.hadoop.http.lib.StaticUserWebFilter$StaticUserFilter) to context logs
sim-hdfs-namenode  | 2026-09-27 05:43:48 INFO  HttpServer2:1188 - Added filter static_user_filter (class=org.apache.hadoop.http.lib.StaticUserWebFilter$StaticUserFilter) to context static
sim-hdfs-namenode  | 2026-09-27 05:43:48 INFO  HttpServer2:1178 - Added filter AuthFilter (class=org.apache.hadoop.hdfs.web.AuthFilter) to context hdfs
sim-hdfs-namenode  | 2026-09-27 05:43:48 INFO  HttpServer2:1188 - Added filter AuthFilter (class=org.apache.hadoop.hdfs.web.AuthFilter) to context logs
sim-hdfs-namenode  | 2026-09-27 05:43:48 INFO  HttpServer2:1188 - Added filter AuthFilter (class=org.apache.hadoop.hdfs.web.AuthFilter) to context static
sim-hdfs-namenode  | 2026-09-27 05:43:48 INFO  HttpServer2:813 - ASYNC_PROFILER_HOME environment variable and async.profiler.home system property not specified. Disabling /prof endpoint.
sim-hdfs-namenode  | 2026-09-27 05:43:48 INFO  HttpServer2:1032 - addJerseyResourcePackage: packageName=org.apache.hadoop.hdfs.server.namenode.web.resources;org.apache.hadoop.hdfs.web.resources, pathSpec=/webhdfs/v1/*
sim-hdfs-namenode  | 2026-09-27 05:43:48 INFO  HttpServer2:1452 - Jetty bound to port 9870
sim-hdfs-namenode  | 2026-09-27 05:43:48 INFO  Server:375 - jetty-9.4.53.v20231009; built: 2023-10-09T12:29:09.265Z; git: 27bde00a0b95a1d5bbee0eae7984f891d2d0f8c9; jvm 1.8.0_212-b04
sim-hdfs-namenode  | 2026-09-27 05:43:48 INFO  session:334 - DefaultSessionIdManager workerName=node0
sim-hdfs-namenode  | 2026-09-27 05:43:48 INFO  session:339 - No SessionScavenger set, using defaults
sim-hdfs-namenode  | 2026-09-27 05:43:48 INFO  session:132 - node0 Scavenging every 660000ms
sim-hdfs-namenode  | 2026-09-27 05:43:48 WARN  AuthenticationFilter:240 - Unable to initialize FileSignerSecretProvider, falling back to use random secrets. Reason: Could not read signature secret file: /opt/hadoop/hadoop-http-auth-signature-secret
sim-hdfs-namenode  | 2026-09-27 05:43:48 INFO  ContextHandler:921 - Started o.e.j.s.ServletContextHandler@9816741{logs,/logs,file:///var/log/hadoop/,AVAILABLE}
sim-hdfs-namenode  | 2026-09-27 05:43:48 INFO  ContextHandler:921 - Started o.e.j.s.ServletContextHandler@7dc3712{static,/static,file:///opt/hadoop/share/hadoop/hdfs/webapps/static/,AVAILABLE}
sim-hdfs-namenode  | 2026-09-27 05:43:48 INFO  ContextHandler:921 - Started o.e.j.w.WebAppContext@20c0a64d{hdfs,/,file:///opt/hadoop/share/hadoop/hdfs/webapps/hdfs/,AVAILABLE}{file:/opt/hadoop/share/hadoop/hdfs/webapps/hdfs}
sim-hdfs-namenode  | 2026-09-27 05:43:48 INFO  AbstractConnector:333 - Started ServerConnector@6ca18a14{HTTP/1.1, (http/1.1)}{0.0.0.0:9870}
sim-hdfs-namenode  | 2026-09-27 05:43:48 INFO  Server:415 - Started @4847ms
sim-hdfs-namenode  | 2026-09-27 05:43:48 WARN  FSNamesystem:800 - Only one image storage directory (dfs.namenode.name.dir) configured. Beware of data loss due to lack of redundant storage directories!
sim-hdfs-namenode  | 2026-09-27 05:43:48 WARN  FSNamesystem:805 - Only one namespace edits storage directory (dfs.namenode.edits.dir) configured. Beware of data loss due to lack of redundant storage directories!
sim-hdfs-namenode  | 2026-09-27 05:43:49 INFO  FSEditLog:238 - Edit logging is async:true
sim-hdfs-namenode  | 2026-09-27 05:43:49 INFO  FSNamesystem:869 - KeyProvider: null
sim-hdfs-namenode  | 2026-09-27 05:43:49 INFO  FSNamesystem:142 - fsLock is fair: true
sim-hdfs-namenode  | 2026-09-27 05:43:49 INFO  FSNamesystem:160 - Detailed lock hold time metrics enabled: false
sim-hdfs-namenode  | 2026-09-27 05:43:49 INFO  FSNamesystem:904 - fsOwner                = hadoop (auth:SIMPLE)
sim-hdfs-namenode  | 2026-09-27 05:43:49 INFO  FSNamesystem:905 - supergroup             = supergroup
sim-hdfs-namenode  | 2026-09-27 05:43:49 INFO  FSNamesystem:906 - isPermissionEnabled    = false
sim-hdfs-namenode  | 2026-09-27 05:43:49 INFO  FSNamesystem:907 - isStoragePolicyEnabled = true
sim-hdfs-namenode  | 2026-09-27 05:43:49 INFO  FSNamesystem:918 - HA Enabled: false
sim-hdfs-namenode  | 2026-09-27 05:43:49 INFO  Util:428 - dfs.datanode.fileio.profiling.sampling.percentage set to 0. Disabling file IO profiling
sim-hdfs-namenode  | 2026-09-27 05:43:49 INFO  DatanodeManager:412 - Slow peers collection thread shutdown
sim-hdfs-namenode  | 2026-09-27 05:43:49 INFO  DatanodeManager:2182 - dfs.block.invalidate.limit : configured=1000, counted=60, effected=1000
sim-hdfs-namenode  | 2026-09-27 05:43:49 INFO  DatanodeManager:320 - dfs.namenode.datanode.registration.ip-hostname-check=true
sim-hdfs-namenode  | 2026-09-27 05:43:49 INFO  BlockManager:77 - dfs.namenode.startup.delay.block.deletion.sec is set to 000:00:00:00.000
sim-hdfs-namenode  | 2026-09-27 05:43:49 INFO  BlockManager:83 - The block deletion will start around 2026 Sep 27 05:43:49
sim-hdfs-namenode  | 2026-09-27 05:43:49 INFO  GSet:408 - Computing capacity for map BlocksMap
sim-hdfs-namenode  | 2026-09-27 05:43:49 INFO  GSet:409 - VM type       = 64-bit
sim-hdfs-namenode  | 2026-09-27 05:43:49 INFO  GSet:410 - 2.0% max memory 228 MB = 4.6 MB
sim-hdfs-namenode  | 2026-09-27 05:43:49 INFO  GSet:415 - capacity      = 2^19 = 524288 entries
sim-hdfs-namenode  | 2026-09-27 05:43:49 INFO  BlockManager:5778 - Storage policy satisfier is disabled
sim-hdfs-namenode  | 2026-09-27 05:43:49 INFO  BlockManager:696 - dfs.block.access.token.enable = false
sim-hdfs-namenode  | 2026-09-27 05:43:49 INFO  BlockManagerSafeMode:656 - Using 1000 as SafeModeMonitor Interval
sim-hdfs-namenode  | 2026-09-27 05:43:49 INFO  BlockManagerSafeMode:161 - dfs.namenode.safemode.threshold-pct = 0.999
sim-hdfs-namenode  | 2026-09-27 05:43:49 INFO  BlockManagerSafeMode:162 - dfs.namenode.safemode.min.datanodes = 0
sim-hdfs-namenode  | 2026-09-27 05:43:49 INFO  BlockManagerSafeMode:164 - dfs.namenode.safemode.extension = 30000
sim-hdfs-namenode  | 2026-09-27 05:43:49 INFO  BlockManager:682 - defaultReplication         = 1
sim-hdfs-namenode  | 2026-09-27 05:43:49 INFO  BlockManager:683 - maxReplication             = 512
sim-hdfs-namenode  | 2026-09-27 05:43:49 INFO  BlockManager:684 - minReplication             = 1
sim-hdfs-namenode  | 2026-09-27 05:43:49 INFO  BlockManager:685 - maxReplicationStreams      = 2
sim-hdfs-namenode  | 2026-09-27 05:43:49 INFO  BlockManager:686 - redundancyRecheckInterval  = 3000ms
sim-hdfs-namenode  | 2026-09-27 05:43:49 INFO  BlockManager:687 - encryptDataTransfer        = false
sim-hdfs-namenode  | 2026-09-27 05:43:49 INFO  BlockManager:688 - maxNumBlocksToLog          = 1000
sim-hdfs-namenode  | 2026-09-27 05:43:49 INFO  FSDirectory:51 - GLOBAL serial map: bits=29 maxEntries=536870911
sim-hdfs-namenode  | 2026-09-27 05:43:49 INFO  FSDirectory:51 - USER serial map: bits=24 maxEntries=16777215
sim-hdfs-namenode  | 2026-09-27 05:43:49 INFO  FSDirectory:51 - GROUP serial map: bits=24 maxEntries=16777215
sim-hdfs-namenode  | 2026-09-27 05:43:49 INFO  FSDirectory:51 - XATTR serial map: bits=24 maxEntries=16777215
sim-hdfs-namenode  | 2026-09-27 05:43:49 INFO  GSet:408 - Computing capacity for map INodeMap
sim-hdfs-namenode  | 2026-09-27 05:43:49 INFO  GSet:409 - VM type       = 64-bit
sim-hdfs-namenode  | 2026-09-27 05:43:49 INFO  GSet:410 - 1.0% max memory 228 MB = 2.3 MB
sim-hdfs-namenode  | 2026-09-27 05:43:49 INFO  GSet:415 - capacity      = 2^18 = 262144 entries
sim-hdfs-namenode  | 2026-09-27 05:43:49 INFO  FSDirectory:339 - ACLs enabled? true
sim-hdfs-namenode  | 2026-09-27 05:43:49 INFO  FSDirectory:343 - POSIX ACL inheritance enabled? true
sim-hdfs-namenode  | 2026-09-27 05:43:49 INFO  FSDirectory:347 - XAttrs enabled? true
sim-hdfs-namenode  | 2026-09-27 05:43:49 INFO  NameNode:414 - Caching file names occurring more than 10 times
sim-hdfs-namenode  | 2026-09-27 05:43:49 INFO  SnapshotManager:163 - Loaded config captureOpenFiles: false, skipCaptureAccessTimeOnlyChange: false, snapshotDiffAllowSnapRootDescendant: true, maxSnapshotFSLimit: 65536, maxSnapshotLimit: 65536
sim-hdfs-namenode  | 2026-09-27 05:43:49 INFO  SnapshotManager:176 - dfs.namenode.snapshot.deletion.ordered = false
sim-hdfs-namenode  | 2026-09-27 05:43:49 INFO  SnapshotManager:43 - SkipList is disabled
sim-hdfs-namenode  | 2026-09-27 05:43:49 INFO  GSet:408 - Computing capacity for map cachedBlocks
sim-hdfs-namenode  | 2026-09-27 05:43:49 INFO  GSet:409 - VM type       = 64-bit
sim-hdfs-namenode  | 2026-09-27 05:43:49 INFO  GSet:410 - 0.25% max memory 228 MB = 583.7 KB
sim-hdfs-namenode  | 2026-09-27 05:43:49 INFO  GSet:415 - capacity      = 2^16 = 65536 entries
sim-hdfs-namenode  | 2026-09-27 05:43:50 INFO  TopMetrics:76 - NNTop conf: dfs.namenode.top.window.num.buckets = 10
sim-hdfs-namenode  | 2026-09-27 05:43:50 INFO  TopMetrics:78 - NNTop conf: dfs.namenode.top.num.users = 10
sim-hdfs-namenode  | 2026-09-27 05:43:50 INFO  TopMetrics:80 - NNTop conf: dfs.namenode.top.windows.minutes = 1,5,25
sim-hdfs-namenode  | 2026-09-27 05:43:50 INFO  FSNamesystem:1158 - Retry cache on namenode is enabled
sim-hdfs-namenode  | 2026-09-27 05:43:50 INFO  FSNamesystem:1166 - Retry cache will use 0.03 of total heap and retry cache entry expiry time is 600000 millis
sim-hdfs-namenode  | 2026-09-27 05:43:50 INFO  GSet:408 - Computing capacity for map NameNodeRetryCache
sim-hdfs-namenode  | 2026-09-27 05:43:50 INFO  GSet:409 - VM type       = 64-bit
sim-hdfs-namenode  | 2026-09-27 05:43:50 INFO  GSet:410 - 0.029999999329447746% max memory 228 MB = 70.0 KB
sim-hdfs-namenode  | 2026-09-27 05:43:50 INFO  GSet:415 - capacity      = 2^13 = 8192 entries
sim-hdfs-namenode  | 2026-09-27 05:43:50 WARN  Storage:691 - Cannot access storage directory /tmp/hadoop-hadoop/dfs/name
sim-hdfs-namenode  | 2026-09-27 05:43:50 WARN  FSNamesystem:836 - Encountered exception loading fsimage
sim-hdfs-namenode  | org.apache.hadoop.hdfs.server.common.InconsistentFSStateException: Directory /tmp/hadoop-hadoop/dfs/name is in an inconsistent state: storage directory does not exist or is not accessible.
sim-hdfs-namenode  | 	at org.apache.hadoop.hdfs.server.namenode.FSImage.recoverStorageDirs(FSImage.java:392)
sim-hdfs-namenode  | 	at org.apache.hadoop.hdfs.server.namenode.FSImage.recoverTransitionRead(FSImage.java:243)
sim-hdfs-namenode  | 	at org.apache.hadoop.hdfs.server.namenode.FSNamesystem.loadFSImage(FSNamesystem.java:1275)
sim-hdfs-namenode  | 	at org.apache.hadoop.hdfs.server.namenode.FSNamesystem.loadFromDisk(FSNamesystem.java:834)
sim-hdfs-namenode  | 	at org.apache.hadoop.hdfs.server.namenode.NameNode.loadNamesystem(NameNode.java:817)
sim-hdfs-namenode  | 	at org.apache.hadoop.hdfs.server.namenode.NameNode.initialize(NameNode.java:904)
sim-hdfs-namenode  | 	at org.apache.hadoop.hdfs.server.namenode.NameNode.<init>(NameNode.java:1158)
sim-hdfs-namenode  | 	at org.apache.hadoop.hdfs.server.namenode.NameNode.<init>(NameNode.java:1133)
sim-hdfs-namenode  | 	at org.apache.hadoop.hdfs.server.namenode.NameNode.createNameNode(NameNode.java:1906)
sim-hdfs-namenode  | 	at org.apache.hadoop.hdfs.server.namenode.NameNode.main(NameNode.java:1971)
sim-hdfs-namenode  | 2026-09-27 05:43:50 INFO  ContextHandler:1159 - Stopped o.e.j.w.WebAppContext@20c0a64d{hdfs,/,null,STOPPED}{file:/opt/hadoop/share/hadoop/hdfs/webapps/hdfs}
sim-hdfs-namenode  | 2026-09-27 05:43:50 INFO  AbstractConnector:383 - Stopped ServerConnector@6ca18a14{HTTP/1.1, (http/1.1)}{0.0.0.0:9870}
sim-hdfs-namenode  | 2026-09-27 05:43:50 INFO  session:149 - node0 Stopped scavenging
sim-hdfs-namenode  | 2026-09-27 05:43:50 INFO  ContextHandler:1159 - Stopped o.e.j.s.ServletContextHandler@7dc3712{static,/static,file:///opt/hadoop/share/hadoop/hdfs/webapps/static/,STOPPED}
sim-hdfs-namenode  | 2026-09-27 05:43:50 INFO  ContextHandler:1159 - Stopped o.e.j.s.ServletContextHandler@9816741{logs,/logs,file:///var/log/hadoop/,STOPPED}
sim-hdfs-namenode  | 2026-09-27 05:43:50 INFO  MetricsSystemImpl:210 - Stopping NameNode metrics system...
sim-hdfs-namenode  | 2026-09-27 05:43:50 INFO  MetricsSystemImpl:216 - NameNode metrics system stopped.
sim-hdfs-namenode  | 2026-09-27 05:43:50 INFO  MetricsSystemImpl:612 - NameNode metrics system shutdown complete.
sim-hdfs-namenode  | 2026-09-27 05:43:50 ERROR NameNode:1976 - Failed to start namenode.
sim-hdfs-namenode  | org.apache.hadoop.hdfs.server.common.InconsistentFSStateException: Directory /tmp/hadoop-hadoop/dfs/name is in an inconsistent state: storage directory does not exist or is not accessible.
sim-hdfs-namenode  | 	at org.apache.hadoop.hdfs.server.namenode.FSImage.recoverStorageDirs(FSImage.java:392)
sim-hdfs-namenode  | 	at org.apache.hadoop.hdfs.server.namenode.FSImage.recoverTransitionRead(FSImage.java:243)
sim-hdfs-namenode  | 	at org.apache.hadoop.hdfs.server.namenode.FSNamesystem.loadFSImage(FSNamesystem.java:1275)
sim-hdfs-namenode  | 	at org.apache.hadoop.hdfs.server.namenode.FSNamesystem.loadFromDisk(FSNamesystem.java:834)
sim-hdfs-namenode  | 	at org.apache.hadoop.hdfs.server.namenode.NameNode.loadNamesystem(NameNode.java:817)
sim-hdfs-namenode  | 	at org.apache.hadoop.hdfs.server.namenode.NameNode.initialize(NameNode.java:904)
sim-hdfs-namenode  | 	at org.apache.hadoop.hdfs.server.namenode.NameNode.<init>(NameNode.java:1158)
sim-hdfs-namenode  | 	at org.apache.hadoop.hdfs.server.namenode.NameNode.<init>(NameNode.java:1133)
sim-hdfs-namenode  | 	at org.apache.hadoop.hdfs.server.namenode.NameNode.createNameNode(NameNode.java:1906)
sim-hdfs-namenode  | 	at org.apache.hadoop.hdfs.server.namenode.NameNode.main(NameNode.java:1971)
sim-hdfs-namenode  | 2026-09-27 05:43:50 INFO  ExitUtil:241 - Exiting with status 1: org.apache.hadoop.hdfs.server.common.InconsistentFSStateException: Directory /tmp/hadoop-hadoop/dfs/name is in an inconsistent state: storage directory does not exist or is not accessible.
sim-hdfs-namenode  | 2026-09-27 05:43:50 INFO  NameNode:822 - SHUTDOWN_MSG: 
sim-hdfs-namenode  | /************************************************************
sim-hdfs-namenode  | SHUTDOWN_MSG: Shutting down NameNode at hdfs-namenode/172.21.0.2
sim-hdfs-namenode  | ************************************************************/
 Container sim-hdfs-namenode Error dependency hdfs-namenode failed to start
dependency failed to start: container sim-hdfs-namenode exited (1)

namenode not healthy
