Setting default log level to "WARN".
To adjust logging level use sc.setLogLevel(newLevel). For SparkR, use setLogLevel(newLevel).
26/09/26 11:57:40 WARN NativeCodeLoader: Unable to load native-hadoop library for your platform... using builtin-java classes where applicable
[Stage 0:>                                                          (0 + 0) / 2][Stage 0:>                                                          (0 + 1) / 2][Stage 0:>                                                          (0 + 2) / 2]                                                                                26/09/26 11:57:59 ERROR TransportResponseHandler: Still have 1 requests outstanding when connection from /10.0.0.240:34680 is closed

================================================================================
  SPARK CLUSTER BENCHMARK
================================================================================

  CONFIGURATION:
  ─────────────────────────────────────────────────────────────
  Device Mode     : CPU_ONLY
  Partitions      : 2
  Signal Samples  : 1,000 (per model, 128-dim IQ vectors)
  Image Samples   : 50 (3x224x224 RGB tensors)
  Detection Imgs  : 20 (3x640x640 RGB tensors)
  ─────────────────────────────────────────────────────────────

  WHAT THIS MEASURES:
  ─────────────────────────────────────────────────────────────
  INPUT:    Synthetic sensor data fed into 10 ML models simultaneously
  PROCESS:  Spark distributes data chunks to executors across the cluster
            Each executor loads models → runs batch inference → returns count
  OUTPUT:   Throughput (samples/sec) = how fast the cluster processes data
  ─────────────────────────────────────────────────────────────

  [1/4] Loading model registry...
         Loaded 10 models
  [2/4] Generating synthetic data...
         5,190 samples, 289.5 MB
         Per-partition: ~145 MB
  [3/4] Connecting to Spark cluster...
         Master: spark://10.0.0.240:7077
  [4/4] Running distributed inference (cpu_only mode)...

────────────────────────────────────────────────────────────────────────────────
  RESULTS — CPU_ONLY MODE
────────────────────────────────────────────────────────────────────────────────

  THROUGHPUT:
    Total Samples Processed : 5,190
    Elapsed Time            : 12.48 seconds
    ► Throughput            : 416 samples/second

  EXPLANATION:
    "Throughput" = total samples processed by ALL models across ALL executors
    divided by wall-clock time. Higher = better cluster utilization.

  PARTITION / TASK DETAIL:
  ────────────────────────────────────────────────────────────────────────────
  Part  Executor                            Device Samples  ModelLoad  Inference  Total   
  ────────────────────────────────────────────────────────────────────────────
  0     ip-10-0-0-240                       cpu    2595     1.88       4.16       4.16    
  1     ip-10-0-0-240                       cpu    2595     1.87       4.32       4.32    
  ────────────────────────────────────────────────────────────────────────────

  EXECUTOR SUMMARY:
  ────────────────────────────────────────────────────────────────────────────
  Executor                            Device Tasks  Samples    ModelLoad  InferTime  Throughput
  ────────────────────────────────────────────────────────────────────────────
  ip-10-0-0-240                       cpu    1      2,595      1.88       4.16       623/sec
  ip-10-0-0-240                       cpu    1      2,595      1.87       4.32       601/sec
  ────────────────────────────────────────────────────────────────────────────

  PER-MODEL SAMPLES PROCESSED:
  ────────────────────────────────────────
    anomaly_detector          : 1,000
    efficientnet_b0           : 50
    ew_classifier             : 1,000
    mobilenetv3               : 50
    resnet18                  : 50
    rf_fingerprinter          : 1,000
    signal_denoiser           : 1,000
    threat_prioritizer        : 1,000
    yolov8_nano               : 20
    yolov8_small              : 20
  ────────────────────────────────────────
    TOTAL                     : 5,190

  SPARK EXECUTOR METRICS (from REST API):
  ────────────────────────────────────────────────────────────────────────────
  ID    Host                                Cores  Tasks  Duration   GC Time  Memory
  ────────────────────────────────────────────────────────────────────────────
  0     10.0.0.240                          4      2      23.8      s 77      ms 89MB
  ────────────────────────────────────────────────────────────────────────────

  KEY METRICS EXPLAINED:
  ─────────────────────────────────────────────────────────────
  ModelLoad  : Time to deserialize 10 model weights onto device (once per executor)
  Inference  : Time to run forward passes on all data batches
  Throughput : samples_processed / inference_time (per executor)
  Partitions : Data split into N chunks, 1 task per chunk
  Tasks      : Spark units of work, distributed across executors
  ─────────────────────────────────────────────────────────────

  Results saved: /app/results/cluster_benchmark_cpu_only_1000_20260926_115759.json
